<html>
<body>
<pre>
<h1>µVision Build Log</h1>
<h2>Tool Versions:</h2>
IDE-Version: ¦ÌVision V5.24.2.0
Copyright (C) 2017 ARM Ltd and ARM Germany GmbH. All rights reserved.
License Information: Sky Microsoft, Microsoft, LIC=PE7GK-Z0TG6-302NC-70W6I-S54IY-NMTVF
 
Tool Versions:
Toolchain:       MDK-ARM Plus  Version: 5.24.1
Toolchain Path:  D:\Program Files\Keil5MDK\ARM\ARMCC\Bin
C Compiler:      Armcc.exe V5.06 update 5 (build 528)
Assembler:       Armasm.exe V5.06 update 5 (build 528)
Linker/Locator:  ArmLink.exe V5.06 update 5 (build 528)
Library Manager: ArmAr.exe V5.06 update 5 (build 528)
Hex Converter:   FromElf.exe V5.06 update 5 (build 528)
CPU DLL:         SARMCM3.DLL V5.24.1
Dialog DLL:      DCM.DLL V1.16.0.0
Target DLL:      STLink\ST-LINKIII-KEIL_SWO.dll V3.0.1.0
Dialog DLL:      TCM.DLL V1.32.0.0
 
<h2>Project:</h2>
D:\Program Files\github\LiteOS_STM32L476RG\projects\STM32L476RG-NUCLEO-KEIL\HuaweiLiteOS.uvprojx
Project File Date:  03/30/2018

<h2>Output:</h2>
*** Using Compiler 'V5.06 update 5 (build 528)', folder: 'D:\Program Files\Keil5MDK\ARM\ARMCC\Bin'
Build target 'HuaweiLiteOS'
compiling los_sys.c...
compiling los_swtmr.c...
compiling los_priqueue.c...
compiling los_task.c...
compiling los_timeslice.c...
compiling los_tick.c...
compiling los_mux.c...
compiling los_event.c...
compiling los_queue.c...
compiling los_sem.c...
compiling los_membox.c...
compiling los_memory.c...
compiling los_memstat.c...
compiling los_multipledlinkhead.c...
compiling los_misc.c...
compiling los_hw.c...
compiling los_hw_tick.c...
compiling los_config.c...
compiling los_hwi.c...
compiling los_bsp_key.c...
compiling cmsis_liteos.c...
compiling los_bsp_adapter.c...
compiling los_api_interrupt.c...
compiling los_api_event.c...
compiling los_api_dynamic_mem.c...
compiling los_api_mutex.c...
compiling los_api_list.c...
compiling los_api_msgqueue.c...
compiling los_api_sem.c...
compiling los_api_static_mem.c...
compiling los_api_systick.c...
compiling los_api_task.c...
compiling los_api_timer.c...
compiling los_demo_entry.c...
compiling los_inspect_entry.c...
compiling los_api_fs.c...
compiling main.c...
linking...
Program Size: Code=32704 RO-data=796 RW-data=1452 ZI-data=34900  
FromELF: creating hex file...
".\Objects\HuaweiLiteOS.axf" - 0 Error(s), 0 Warning(s).

<h2>Software Packages used:</h2>

Package Vendor: Keil
                http://www.keil.com/pack/Keil.STM32L4xx_DFP.2.0.0.pack
                Keil.STM32L4xx_DFP.2.0.0
                STMicroelectronics STM32L4 Series Device Support, Drivers and Examples

<h2>Collection of Component include folders:</h2>
  .\RTE\_HuaweiLiteOS
  D:\Program Files\Keil5MDK\ARM\PACK\Keil\STM32L4xx_DFP\2.0.0\Drivers\CMSIS\Device\ST\STM32L4xx\Include

<h2>Collection of Component Files used:</h2>
Build Time Elapsed:  00:01:18
</pre>
</body>
</html>
