Component: ARM Compiler 5.06 update 5 (build 528) Tool: armlink [4d35e2]

==============================================================================

Section Cross References

    los_priqueue.o(i.LOS_PriqueueEnqueue) refers to los_priqueue.o(.data) for g_pstLosPriorityQueueList
    los_priqueue.o(i.LOS_PriqueueSize) refers to los_priqueue.o(.data) for g_pstLosPriorityQueueList
    los_priqueue.o(i.LOS_PriqueueTop) refers to los_priqueue.o(.data) for g_pstLosPriorityQueueList
    los_priqueue.o(i.LOS_PriqueueTotalSize) refers to los_priqueue.o(i.LOS_PriqueueSize) for LOS_PriqueueSize
    los_priqueue.o(i.osPriqueueInit) refers to los_memory.o(i.LOS_MemAlloc) for LOS_MemAlloc
    los_priqueue.o(i.osPriqueueInit) refers to los_config.o(.data) for m_aucSysMem0
    los_priqueue.o(i.osPriqueueInit) refers to los_priqueue.o(.data) for g_pstLosPriorityQueueList
    los_swtmr.o(i.LOS_SwtmrCreate) refers to los_dispatch_keil.o(.text) for LOS_IntLock
    los_swtmr.o(i.LOS_SwtmrCreate) refers to los_swtmr.o(.data) for m_pstSwtmrFreeList
    los_swtmr.o(i.LOS_SwtmrDelete) refers to los_dispatch_keil.o(.text) for LOS_IntLock
    los_swtmr.o(i.LOS_SwtmrDelete) refers to los_swtmr.o(i.osSwtmrStop) for osSwtmrStop
    los_swtmr.o(i.LOS_SwtmrDelete) refers to los_swtmr.o(i.osSwtmrDelete) for osSwtmrDelete
    los_swtmr.o(i.LOS_SwtmrDelete) refers to los_swtmr.o(.data) for m_pstSwtmrCBArray
    los_swtmr.o(i.LOS_SwtmrStart) refers to los_dispatch_keil.o(.text) for LOS_IntLock
    los_swtmr.o(i.LOS_SwtmrStart) refers to los_swtmr.o(i.osSwtmrStop) for osSwtmrStop
    los_swtmr.o(i.LOS_SwtmrStart) refers to los_swtmr.o(i.osSwTmrStart) for osSwTmrStart
    los_swtmr.o(i.LOS_SwtmrStart) refers to los_swtmr.o(.data) for m_pstSwtmrCBArray
    los_swtmr.o(i.LOS_SwtmrStop) refers to los_dispatch_keil.o(.text) for LOS_IntLock
    los_swtmr.o(i.LOS_SwtmrStop) refers to los_swtmr.o(i.osSwtmrStop) for osSwtmrStop
    los_swtmr.o(i.LOS_SwtmrStop) refers to los_swtmr.o(.data) for m_pstSwtmrCBArray
    los_swtmr.o(i.osSwTmrAdjust) refers to los_swtmr.o(i.osSwTmrTimeoutHandle) for osSwTmrTimeoutHandle
    los_swtmr.o(i.osSwTmrAdjust) refers to los_swtmr.o(.data) for m_pstSwtmrSortList
    los_swtmr.o(i.osSwTmrGetNextTimeout) refers to los_swtmr.o(.data) for m_pstSwtmrSortList
    los_swtmr.o(i.osSwTmrInit) refers to los_memory.o(i.LOS_MemAlloc) for LOS_MemAlloc
    los_swtmr.o(i.osSwTmrInit) refers to memseta.o(.text) for __aeabi_memclr4
    los_swtmr.o(i.osSwTmrInit) refers to los_membox.o(i.LOS_MemboxInit) for LOS_MemboxInit
    los_swtmr.o(i.osSwTmrInit) refers to los_queue.o(i.LOS_QueueCreate) for LOS_QueueCreate
    los_swtmr.o(i.osSwTmrInit) refers to los_swtmr.o(i.osSwTmrTaskCreate) for osSwTmrTaskCreate
    los_swtmr.o(i.osSwTmrInit) refers to los_swtmr.o(.data) for m_pstSwtmrSortList
    los_swtmr.o(i.osSwTmrInit) refers to los_config.o(.data) for m_aucSysMem0
    los_swtmr.o(i.osSwTmrInit) refers to los_swtmr.o(.bss) for m_aucSwTmrHandlerPool
    los_swtmr.o(i.osSwTmrStart) refers to los_swtmr.o(.data) for m_pstSwtmrSortList
    los_swtmr.o(i.osSwTmrTask) refers to los_queue.o(i.LOS_QueueRead) for LOS_QueueRead
    los_swtmr.o(i.osSwTmrTask) refers to los_membox.o(i.LOS_MemboxFree) for LOS_MemboxFree
    los_swtmr.o(i.osSwTmrTask) refers to los_swtmr.o(.data) for m_uwSwTmrHandlerQueue
    los_swtmr.o(i.osSwTmrTask) refers to los_swtmr.o(.bss) for m_aucSwTmrHandlerPool
    los_swtmr.o(i.osSwTmrTaskCreate) refers to memseta.o(.text) for __aeabi_memclr4
    los_swtmr.o(i.osSwTmrTaskCreate) refers to los_task.o(i.LOS_TaskCreate) for LOS_TaskCreate
    los_swtmr.o(i.osSwTmrTaskCreate) refers to los_swtmr.o(i.osSwTmrTask) for osSwTmrTask
    los_swtmr.o(i.osSwTmrTaskCreate) refers to los_task.o(.data) for g_uwSwtmrTaskID
    los_swtmr.o(i.osSwTmrTimeoutHandle) refers to los_membox.o(i.LOS_MemboxAlloc) for LOS_MemboxAlloc
    los_swtmr.o(i.osSwTmrTimeoutHandle) refers to los_queue.o(i.LOS_QueueWrite) for LOS_QueueWrite
    los_swtmr.o(i.osSwTmrTimeoutHandle) refers to los_membox.o(i.LOS_MemboxFree) for LOS_MemboxFree
    los_swtmr.o(i.osSwTmrTimeoutHandle) refers to los_swtmr.o(i.osSwtmrDelete) for osSwtmrDelete
    los_swtmr.o(i.osSwTmrTimeoutHandle) refers to los_swtmr.o(i.osSwTmrStart) for osSwTmrStart
    los_swtmr.o(i.osSwTmrTimeoutHandle) refers to los_swtmr.o(.data) for m_pstSwtmrSortList
    los_swtmr.o(i.osSwTmrTimeoutHandle) refers to los_swtmr.o(.bss) for m_aucSwTmrHandlerPool
    los_swtmr.o(i.osSwtmrDelete) refers to los_swtmr.o(.data) for m_pstSwtmrFreeList
    los_swtmr.o(i.osSwtmrScan) refers to los_swtmr.o(i.osSwTmrTimeoutHandle) for osSwTmrTimeoutHandle
    los_swtmr.o(i.osSwtmrScan) refers to los_swtmr.o(.data) for m_pstSwtmrSortList
    los_swtmr.o(i.osSwtmrStop) refers to los_swtmr.o(.data) for m_pstSwtmrSortList
    los_sys.o(i.LOS_MS2Tick) refers to uldiv.o(.text) for __aeabi_uldivmod
    los_sys.o(i.LOS_Reboot) refers to los_dispatch_keil.o(.text) for LOS_IntLock
[...]
    i.osMemIsNodeValid                       0x08005fa4   Section        0  los_memory.o(i.osMemIsNodeValid)
    osMemIsNodeValid                         0x08005fa5   Thumb Code    62  los_memory.o(i.osMemIsNodeValid)
    i.osMemMergeNode                         0x08005fe2   Section        0  los_memory.o(i.osMemMergeNode)
    osMemMergeNode                           0x08005fe3   Thumb Code    36  los_memory.o(i.osMemMergeNode)
    i.osMemSetMagicNumAndTaskid              0x08006008   Section        0  los_memory.o(i.osMemSetMagicNumAndTaskid)
    osMemSetMagicNumAndTaskid                0x08006009   Thumb Code    28  los_memory.o(i.osMemSetMagicNumAndTaskid)
    i.osMemSpitNode                          0x08006028   Section        0  los_memory.o(i.osMemSpitNode)
    osMemSpitNode                            0x08006029   Thumb Code   118  los_memory.o(i.osMemSpitNode)
    i.osMemSystemInit                        0x080060b8   Section        0  los_memory.o(i.osMemSystemInit)
    i.osMuxInit                              0x080060dc   Section        0  los_mux.o(i.osMuxInit)
    i.osPriqueueInit                         0x08006138   Section        0  los_priqueue.o(i.osPriqueueInit)
    i.osQueueCreate                          0x08006180   Section        0  los_queue.o(i.osQueueCreate)
    i.osQueueInit                            0x080061f0   Section        0  los_queue.o(i.osQueueInit)
    i.osQueuePend                            0x08006228   Section        0  los_queue.o(i.osQueuePend)
    osQueuePend                              0x08006229   Thumb Code   132  los_queue.o(i.osQueuePend)
    i.osQueueWakeUp                          0x080062ac   Section        0  los_queue.o(i.osQueueWakeUp)
    osQueueWakeUp                            0x080062ad   Thumb Code    90  los_queue.o(i.osQueueWakeUp)
    i.osRegister                             0x08006308   Section        0  los_config.o(i.osRegister)
    i.osSchedule                             0x08006324   Section        0  los_hw.o(i.osSchedule)
    i.osSemInit                              0x0800632c   Section        0  los_sem.o(i.osSemInit)
    i.osSwTmrInit                            0x08006384   Section        0  los_swtmr.o(i.osSwTmrInit)
    i.osSwTmrStart                           0x08006430   Section        0  los_swtmr.o(i.osSwTmrStart)
    i.osSwTmrTask                            0x08006490   Section        0  los_swtmr.o(i.osSwTmrTask)
    i.osSwTmrTaskCreate                      0x080064e0   Section        0  los_swtmr.o(i.osSwTmrTaskCreate)
    i.osSwTmrTimeoutHandle                   0x08006528   Section        0  los_swtmr.o(i.osSwTmrTimeoutHandle)
    osSwTmrTimeoutHandle                     0x08006529   Thumb Code   128  los_swtmr.o(i.osSwTmrTimeoutHandle)
    i.osSwtmrDelete                          0x080065b4   Section        0  los_swtmr.o(i.osSwtmrDelete)
    osSwtmrDelete                            0x080065b5   Thumb Code    16  los_swtmr.o(i.osSwtmrDelete)
    i.osSwtmrScan                            0x080065c8   Section        0  los_swtmr.o(i.osSwtmrScan)
    i.osTaskAdd2TimerList                    0x080065ec   Section        0  los_task.o(i.osTaskAdd2TimerList)
    i.osTaskEntry                            0x080066ac   Section        0  los_task.o(i.osTaskEntry)
    i.osTaskExit                             0x08006794   Section        0  los_hw.o(i.osTaskExit)
    i.osTaskInit                             0x0800679c   Section        0  los_task.o(i.osTaskInit)
    i.osTaskMemUsedDec                       0x080068c4   Section        0  los_memstat.o(i.osTaskMemUsedDec)
    i.osTaskMemUsedInc                       0x080068f8   Section        0  los_memstat.o(i.osTaskMemUsedInc)
    i.osTaskScan                             0x08006934   Section        0  los_task.o(i.osTaskScan)
    i.osTaskSelfDelete                       0x08006a10   Section        0  los_task.o(i.osTaskSelfDelete)
    i.osTickHandler                          0x08006b0c   Section        0  los_tick.o(i.osTickHandler)
    i.osTickStart                            0x08006b68   Section        0  los_bsp_adapter.o(i.osTickStart)
    i.osTimerListDelete                      0x08006bd8   Section        0  los_task.o(i.osTimerListDelete)
    i.osTimesliceCheck                       0x08006c20   Section        0  los_timeslice.o(i.osTimesliceCheck)
    i.osTimesliceInit                        0x08006c6c   Section        0  los_timeslice.o(i.osTimesliceInit)
    i.osTskStackInit                         0x08006c7c   Section        0  los_hw.o(i.osTskStackInit)
    i.partial_display                        0x08006dbc   Section        0  bsp_elink.o(i.partial_display)
    .constdata                               0x08006e54   Section       14  los_tick.o(.constdata)
    __FUNCTION__                             0x08006e54   Data          14  los_tick.o(.constdata)
    .constdata                               0x08006e62   Section       75  los_memory.o(.constdata)
    __FUNCTION__                             0x08006e62   Data          14  los_memory.o(.constdata)
    __FUNCTION__                             0x08006e70   Data          14  los_memory.o(.constdata)
    __FUNCTION__                             0x08006e7e   Data          20  los_memory.o(.constdata)
    __FUNCTION__                             0x08006e92   Data          12  los_memory.o(.constdata)
    __FUNCTION__                             0x08006e9e   Data          15  los_memory.o(.constdata)
    .constdata                               0x08006eb0   Section        9  los_bsp_adapter.o(.constdata)
    .constdata                               0x08006eb9   Section       14  los_bsp_uart.o(.constdata)
    __FUNCTION__                             0x08006eb9   Data          14  los_bsp_uart.o(.constdata)
    .constdata                               0x08006ec7   Section       45  main.o(.constdata)
    __FUNCTION__                             0x08006ec7   Data          23  main.o(.constdata)
    __FUNCTION__                             0x08006ede   Data          22  main.o(.constdata)
    .constdata                               0x08006ef4   Section     1546  halldisplay.o(.constdata)
    __FUNCTION__                             0x080074e4   Data          26  halldisplay.o(.constdata)
    .constdata                               0x080074fe   Section       35  hallwifi.o(.constdata)
    __FUNCTION__                             0x080074fe   Data          35  hallwifi.o(.constdata)
    .constdata                               0x08007524   Section       72  system_stm32l4xx.o(.constdata)
    .constdata                               0x0800756c   Section        6  stm32l4xx_nucleo.o(.constdata)
    .constdata                               0x08007572   Section    59866  bsp_elink.o(.constdata)
    .constdata                               0x08015f4c   Section       26  bsp_esp8266.o(.constdata)
    __FUNCTION__                             0x08015f4c   Data          14  bsp_esp8266.o(.constdata)
    __FUNCTION__                             0x08015f5a   Data          12  bsp_esp8266.o(.constdata)
    .conststring                             0x08015f68   Section      112  hallwifi.o(.conststring)
    .vector.bss                              0x20000000   Section     1024  los_hwi.o(.vector.bss)
    .data                                    0x20000400   Section        4  los_priqueue.o(.data)
    .data                                    0x20000404   Section       16  los_swtmr.o(.data)
    m_uwSwTmrHandlerQueue                    0x20000404   Data           4  los_swtmr.o(.data)
    .data                                    0x20000414   Section       68  los_task.o(.data)
    .data                                    0x20000458   Section       16  los_tick.o(.data)
    .data                                    0x20000468   Section        8  los_timeslice.o(.data)
    .data                                    0x20000470   Section       12  los_mux.o(.data)
    .data                                    0x2000047c   Section        4  los_queue.o(.data)
    .data                                    0x20000480   Section       12  los_sem.o(.data)
    .data                                    0x2000048c   Section        4  los_hw_tick.o(.data)
    .data                                    0x20000490   Section        4  los_hwi.o(.data)
    .data                                    0x20000494   Section        8  los_config.o(.data)
    .data                                    0x2000049c   Section        4  los_bsp_adapter.o(.data)
    g_ucycle_per_tick                        0x2000049c   Data           4  los_bsp_adapter.o(.data)
    .data                                    0x200004a0   Section       12  los_demo_entry.o(.data)
    g_uwDemoTaskID                           0x200004a0   Data           4  los_demo_entry.o(.data)
    .data                                    0x200004ac   Section        4  main.o(.data)
    g_uwboadTaskID                           0x200004ac   Data           4  main.o(.data)
    .data                                    0x200004b0   Section        4  system_stm32l4xx.o(.data)
    .data                                    0x200004b4   Section        4  stm32l4xx_hal.o(.data)
    .data                                    0x200004b8   Section        8  stm32l4xx_nucleo.o(.data)
    .bss                                     0x200004c0   Section      208  los_swtmr.o(.bss)
    .bss                                     0x20000590   Section    32768  los_memory.o(.bss)
    .bss                                     0x20008590   Section       64  los_memstat.o(.bss)
    .bss                                     0x200085d0   Section      248  los_bsp_uart.o(.bss)
    _buffer                                  0x20008648   Data         128  los_bsp_uart.o(.bss)
    .bss                                     0x200086c8   Section       48  halldisplay.o(.bss)
    .bss                                     0x200086f8   Section     1148  bsp_esp8266.o(.bss)
    STACK                                    0x20008b78   Section     1024  startup_stm32l476xx.o(STACK)

    Global Symbols

    Symbol Name                              Value     Ov Type        Size  Object(Section)

    BuildAttributes$$THM_ISAv4$E$P$D$K$B$S$7EM$VFPi3$EXTD16$VFPS$VFMA$PE$A:L22UL41UL21$X:L11$S22US41US21$IEEE1$IW$USESV6$~STKCKD$USESV7$~SHL$OSPACE$ROPI$EBA8$MICROLIB$REQ8$PRES8$EABIv2 0x00000000   Number         0  anon$$obj.o ABSOLUTE
    __ARM_use_no_argv                        0x00000000   Number         0  main.o ABSOLUTE
    _printf_a                                0x00000000   Number         0  stubs.o ABSOLUTE
    _printf_c                                0x00000000   Number         0  stubs.o ABSOLUTE
    _printf_charcount                        0x00000000   Number         0  stubs.o ABSOLUTE
    _printf_d                                0x00000000   Number         0  stubs.o ABSOLUTE
    _printf_e                                0x00000000   Number         0  stubs.o ABSOLUTE
    _printf_f                                0x00000000   Number         0  stubs.o ABSOLUTE
    _printf_flags                            0x00000000   Number         0  stubs.o ABSOLUTE
    _printf_fp_dec                           0x00000000   Number         0  stubs.o ABSOLUTE
    _printf_fp_hex                           0x00000000   Number         0  stubs.o ABSOLUTE
    _printf_g                                0x00000000   Number         0  stubs.o ABSOLUTE
    _printf_i                                0x00000000   Number         0  stubs.o ABSOLUTE
    _printf_int_dec                          0x00000000   Number         0  stubs.o ABSOLUTE
    _printf_l                                0x00000000   Number         0  stubs.o ABSOLUTE
    _printf_lc                               0x00000000   Number         0  stubs.o ABSOLUTE
    _printf_ll                               0x00000000   Number         0  stubs.o ABSOLUTE
    _printf_lld                              0x00000000   Number         0  stubs.o ABSOLUTE
    _printf_lli                              0x00000000   Number         0  stubs.o ABSOLUTE
    _printf_llo                              0x00000000   Number         0  stubs.o ABSOLUTE
    _printf_llu                              0x00000000   Number         0  stubs.o ABSOLUTE
    _printf_llx                              0x00000000   Number         0  stubs.o ABSOLUTE
    _printf_longlong_dec                     0x00000000   Number         0  stubs.o ABSOLUTE
    _printf_longlong_hex                     0x00000000   Number         0  stubs.o ABSOLUTE
    _printf_longlong_oct                     0x00000000   Number         0  stubs.o ABSOLUTE
    _printf_ls                               0x00000000   Number         0  stubs.o ABSOLUTE
    _printf_mbtowc                           0x00000000   Number         0  stubs.o ABSOLUTE
    _printf_n                                0x00000000   Number         0  stubs.o ABSOLUTE
    _printf_o                                0x00000000   Number         0  stubs.o ABSOLUTE
    _printf_p                                0x00000000   Number         0  stubs.o ABSOLUTE
    _printf_percent                          0x00000000   Number         0  stubs.o ABSOLUTE
    _printf_pre_padding                      0x00000000   Number         0  stubs.o ABSOLUTE
    _printf_return_value                     0x00000000   Number         0  stubs.o ABSOLUTE
    _printf_s                                0x00000000   Number         0  stubs.o ABSOLUTE
    _printf_sizespec                         0x00000000   Number         0  stubs.o ABSOLUTE
    _printf_str                              0x00000000   Number         0  stubs.o ABSOLUTE
    _printf_truncate_signed                  0x00000000   Number         0  stubs.o ABSOLUTE
    _printf_truncate_unsigned                0x00000000   Number         0  stubs.o ABSOLUTE
    _printf_u                                0x00000000   Number         0  stubs.o ABSOLUTE
    _printf_wc                               0x00000000   Number         0  stubs.o ABSOLUTE
    _printf_wctomb                           0x00000000   Number         0  stubs.o ABSOLUTE
    _printf_widthprec                        0x00000000   Number         0  stubs.o ABSOLUTE
    _printf_x                                0x00000000   Number         0  stubs.o ABSOLUTE
    __cpp_initialize__aeabi_                  - Undefined Weak Reference
    __cxa_finalize                            - Undefined Weak Reference
    _clock_init                               - Undefined Weak Reference
    _microlib_exit                            - Undefined Weak Reference
    __Vectors_Size                           0x00000188   Number         0  startup_stm32l476xx.o ABSOLUTE
    __Vectors                                0x08000000   Data           4  startup_stm32l476xx.o(RESET)
    __Vectors_End                            0x08000188   Data           0  startup_stm32l476xx.o(RESET)
    __main                                   0x08000189   Thumb Code     0  entry.o(.ARM.Collect$$$$00000000)
    _main_stk                                0x08000189   Thumb Code     0  entry2.o(.ARM.Collect$$$$00000001)
    _main_scatterload                        0x0800018d   Thumb Code     0  entry5.o(.ARM.Collect$$$$00000004)
    __main_after_scatterload                 0x08000191   Thumb Code     0  entry5.o(.ARM.Collect$$$$00000004)
    _main_clock                              0x08000191   Thumb Code     0  entry7b.o(.ARM.Collect$$$$00000008)
    _main_cpp_init                           0x08000191   Thumb Code     0  entry8b.o(.ARM.Collect$$$$0000000A)
    _main_init                               0x08000191   Thumb Code     0  entry9a.o(.ARM.Collect$$$$0000000B)
    __rt_final_cpp                           0x08000199   Thumb Code     0  entry10a.o(.ARM.Collect$$$$0000000D)
    __rt_final_exit                          0x08000199   Thumb Code     0  entry11a.o(.ARM.Collect$$$$0000000F)
    LOS_StartToRun                           0x0800019d   Thumb Code     0  los_dispatch_keil.o(.text)
    LOS_IntNumGet                            0x080001ed   Thumb Code     0  los_dispatch_keil.o(.text)
    osDisableIRQ                             0x080001f3   Thumb Code     0  los_dispatch_keil.o(.text)
    LOS_IntLock                              0x080001f7   Thumb Code     0  los_dispatch_keil.o(.text)
    LOS_IntUnLock                            0x080001ff   Thumb Code     0  los_dispatch_keil.o(.text)
    LOS_IntRestore                           0x08000207   Thumb Code     0  los_dispatch_keil.o(.text)
    osTaskSchedule                           0x0800020d   Thumb Code     0  los_dispatch_keil.o(.text)
    PendSV_Handler                           0x08000217   Thumb Code     0  los_dispatch_keil.o(.text)
    Reset_Handler                            0x080002a1   Thumb Code     8  startup_stm32l476xx.o(.text)
    ADC1_2_IRQHandler                        0x080002bb   Thumb Code     0  startup_stm32l476xx.o(.text)
    ADC3_IRQHandler                          0x080002bb   Thumb Code     0  startup_stm32l476xx.o(.text)
    CAN1_RX0_IRQHandler                      0x080002bb   Thumb Code     0  startup_stm32l476xx.o(.text)
    CAN1_RX1_IRQHandler                      0x080002bb   Thumb Code     0  startup_stm32l476xx.o(.text)
    CAN1_SCE_IRQHandler                      0x080002bb   Thumb Code     0  startup_stm32l476xx.o(.text)
    CAN1_TX_IRQHandler                       0x080002bb   Thumb Code     0  startup_stm32l476xx.o(.text)
    COMP_IRQHandler                          0x080002bb   Thumb Code     0  startup_stm32l476xx.o(.text)
    DFSDM1_FLT0_IRQHandler                   0x080002bb   Thumb Code     0  startup_stm32l476xx.o(.text)
    DFSDM1_FLT1_IRQHandler                   0x080002bb   Thumb Code     0  startup_stm32l476xx.o(.text)
    DFSDM1_FLT2_IRQHandler                   0x080002bb   Thumb Code     0  startup_stm32l476xx.o(.text)
    DFSDM1_FLT3_IRQHandler                   0x080002bb   Thumb Code     0  startup_stm32l476xx.o(.text)
    DMA1_Channel1_IRQHandler                 0x080002bb   Thumb Code     0  startup_stm32l476xx.o(.text)
    DMA1_Channel2_IRQHandler                 0x080002bb   Thumb Code     0  startup_stm32l476xx.o(.text)
    DMA1_Channel3_IRQHandler                 0x080002bb   Thumb Code     0  startup_stm32l476xx.o(.text)
    DMA1_Channel4_IRQHandler                 0x080002bb   Thumb Code     0  startup_stm32l476xx.o(.text)
    DMA1_Channel5_IRQHandler                 0x080002bb   Thumb Code     0  startup_stm32l476xx.o(.text)
    DMA1_Channel6_IRQHandler                 0x080002bb   Thumb Code     0  startup_stm32l476xx.o(.text)
    DMA1_Channel7_IRQHandler                 0x080002bb   Thumb Code     0  startup_stm32l476xx.o(.text)
    DMA2_Channel1_IRQHandler                 0x080002bb   Thumb Code     0  startup_stm32l476xx.o(.text)
    DMA2_Channel2_IRQHandler                 0x080002bb   Thumb Code     0  startup_stm32l476xx.o(.text)
    DMA2_Channel3_IRQHandler                 0x080002bb   Thumb Code     0  startup_stm32l476xx.o(.text)
    DMA2_Channel4_IRQHandler                 0x080002bb   Thumb Code     0  startup_stm32l476xx.o(.text)
    DMA2_Channel5_IRQHandler                 0x080002bb   Thumb Code     0  startup_stm32l476xx.o(.text)
    DMA2_Channel6_IRQHandler                 0x080002bb   Thumb Code     0  startup_stm32l476xx.o(.text)
    DMA2_Channel7_IRQHandler                 0x080002bb   Thumb Code     0  startup_stm32l476xx.o(.text)
    EXTI0_IRQHandler                         0x080002bb   Thumb Code     0  startup_stm32l476xx.o(.text)
    EXTI1_IRQHandler                         0x080002bb   Thumb Code     0  startup_stm32l476xx.o(.text)
    EXTI2_IRQHandler                         0x080002bb   Thumb Code     0  startup_stm32l476xx.o(.text)
    EXTI3_IRQHandler                         0x080002bb   Thumb Code     0  startup_stm32l476xx.o(.text)
    EXTI4_IRQHandler                         0x080002bb   Thumb Code     0  startup_stm32l476xx.o(.text)
    EXTI9_5_IRQHandler                       0x080002bb   Thumb Code     0  startup_stm32l476xx.o(.text)
    FLASH_IRQHandler                         0x080002bb   Thumb Code     0  startup_stm32l476xx.o(.text)
    FMC_IRQHandler                           0x080002bb   Thumb Code     0  startup_stm32l476xx.o(.text)
    FPU_IRQHandler                           0x080002bb   Thumb Code     0  startup_stm32l476xx.o(.text)
    I2C1_ER_IRQHandler                       0x080002bb   Thumb Code     0  startup_stm32l476xx.o(.text)
    I2C1_EV_IRQHandler                       0x080002bb   Thumb Code     0  startup_stm32l476xx.o(.text)
    I2C2_ER_IRQHandler                       0x080002bb   Thumb Code     0  startup_stm32l476xx.o(.text)
    I2C2_EV_IRQHandler                       0x080002bb   Thumb Code     0  startup_stm32l476xx.o(.text)
    I2C3_ER_IRQHandler                       0x080002bb   Thumb Code     0  startup_stm32l476xx.o(.text)
    I2C3_EV_IRQHandler                       0x080002bb   Thumb Code     0  startup_stm32l476xx.o(.text)
    LCD_IRQHandler                           0x080002bb   Thumb Code     0  startup_stm32l476xx.o(.text)
    LPTIM1_IRQHandler                        0x080002bb   Thumb Code     0  startup_stm32l476xx.o(.text)
    LPTIM2_IRQHandler                        0x080002bb   Thumb Code     0  startup_stm32l476xx.o(.text)
    LPUART1_IRQHandler                       0x080002bb   Thumb Code     0  startup_stm32l476xx.o(.text)
    OTG_FS_IRQHandler                        0x080002bb   Thumb Code     0  startup_stm32l476xx.o(.text)
    PVD_PVM_IRQHandler                       0x080002bb   Thumb Code     0  startup_stm32l476xx.o(.text)
    QUADSPI_IRQHandler                       0x080002bb   Thumb Code     0  startup_stm32l476xx.o(.text)
    RCC_IRQHandler                           0x080002bb   Thumb Code     0  startup_stm32l476xx.o(.text)
    RNG_IRQHandler                           0x080002bb   Thumb Code     0  startup_stm32l476xx.o(.text)
    RTC_Alarm_IRQHandler                     0x080002bb   Thumb Code     0  startup_stm32l476xx.o(.text)
    RTC_WKUP_IRQHandler                      0x080002bb   Thumb Code     0  startup_stm32l476xx.o(.text)
    SAI1_IRQHandler                          0x080002bb   Thumb Code     0  startup_stm32l476xx.o(.text)
    SAI2_IRQHandler                          0x080002bb   Thumb Code     0  startup_stm32l476xx.o(.text)
    SDMMC1_IRQHandler                        0x080002bb   Thumb Code     0  startup_stm32l476xx.o(.text)
    SPI1_IRQHandler                          0x080002bb   Thumb Code     0  startup_stm32l476xx.o(.text)
    SPI2_IRQHandler                          0x080002bb   Thumb Code     0  startup_stm32l476xx.o(.text)
    SPI3_IRQHandler                          0x080002bb   Thumb Code     0  startup_stm32l476xx.o(.text)
    SWPMI1_IRQHandler                        0x080002bb   Thumb Code     0  startup_stm32l476xx.o(.text)
    TAMP_STAMP_IRQHandler                    0x080002bb   Thumb Code     0  startup_stm32l476xx.o(.text)
    TIM1_BRK_TIM15_IRQHandler                0x080002bb   Thumb Code     0  startup_stm32l476xx.o(.text)
    TIM1_CC_IRQHandler                       0x080002bb   Thumb Code     0  startup_stm32l476xx.o(.text)
    TIM1_TRG_COM_TIM17_IRQHandler            0x080002bb   Thumb Code     0  startup_stm32l476xx.o(.text)
    TIM1_UP_TIM16_IRQHandler                 0x080002bb   Thumb Code     0  startup_stm32l476xx.o(.text)
    TIM2_IRQHandler                          0x080002bb   Thumb Code     0  startup_stm32l476xx.o(.text)
    TIM3_IRQHandler                          0x080002bb   Thumb Code     0  startup_stm32l476xx.o(.text)
    TIM4_IRQHandler                          0x080002bb   Thumb Code     0  startup_stm32l476xx.o(.text)
    TIM5_IRQHandler                          0x080002bb   Thumb Code     0  startup_stm32l476xx.o(.text)
    TIM6_DAC_IRQHandler                      0x080002bb   Thumb Code     0  startup_stm32l476xx.o(.text)
    TIM7_IRQHandler                          0x080002bb   Thumb Code     0  startup_stm32l476xx.o(.text)
    TIM8_BRK_IRQHandler                      0x080002bb   Thumb Code     0  startup_stm32l476xx.o(.text)
    TIM8_CC_IRQHandler                       0x080002bb   Thumb Code     0  startup_stm32l476xx.o(.text)
    TIM8_TRG_COM_IRQHandler                  0x080002bb   Thumb Code     0  startup_stm32l476xx.o(.text)
    TIM8_UP_IRQHandler                       0x080002bb   Thumb Code     0  startup_stm32l476xx.o(.text)
    TSC_IRQHandler                           0x080002bb   Thumb Code     0  startup_stm32l476xx.o(.text)
    UART4_IRQHandler                         0x080002bb   Thumb Code     0  startup_stm32l476xx.o(.text)
    UART5_IRQHandler                         0x080002bb   Thumb Code     0  startup_stm32l476xx.o(.text)
    USART1_IRQHandler                        0x080002bb   Thumb Code     0  startup_stm32l476xx.o(.text)
    USART2_IRQHandler                        0x080002bb   Thumb Code     0  startup_stm32l476xx.o(.text)
    WWDG_IRQHandler                          0x080002bb   Thumb Code     0  startup_stm32l476xx.o(.text)
    __aeabi_uldivmod                         0x080002c5   Thumb Code    98  uldiv.o(.text)
    __aeabi_memcpy                           0x0800032d   Thumb Code    36  memcpya.o(.text)
    __aeabi_memcpy4                          0x0800032d   Thumb Code     0  memcpya.o(.text)
    __aeabi_memcpy8                          0x0800032d   Thumb Code     0  memcpya.o(.text)
    __aeabi_memset                           0x08000351   Thumb Code    14  memseta.o(.text)
    __aeabi_memset4                          0x08000351   Thumb Code     0  memseta.o(.text)
    __aeabi_memset8                          0x08000351   Thumb Code     0  memseta.o(.text)
    __aeabi_memclr                           0x0800035f   Thumb Code     4  memseta.o(.text)
    __aeabi_memclr4                          0x0800035f   Thumb Code     0  memseta.o(.text)
    __aeabi_memclr8                          0x0800035f   Thumb Code     0  memseta.o(.text)
    _memset$wrapper                          0x08000363   Thumb Code    18  memseta.o(.text)
    strstr                                   0x08000375   Thumb Code    36  strstr.o(.text)
    strlen                                   0x08000399   Thumb Code    14  strlen.o(.text)
    __aeabi_ddiv                             0x080003a7   Thumb Code   222  ddiv.o(.text)
    __aeabi_d2ulz                            0x08000485   Thumb Code    48  dfixul.o(.text)
    __aeabi_uidiv                            0x080004b5   Thumb Code     0  uidiv.o(.text)
    __aeabi_uidivmod                         0x080004b5   Thumb Code    44  uidiv.o(.text)
    __aeabi_llsl                             0x080004e1   Thumb Code    30  llshl.o(.text)
    _ll_shift_l                              0x080004e1   Thumb Code     0  llshl.o(.text)
    __aeabi_llsr                             0x080004ff   Thumb Code    32  llushr.o(.text)
    _ll_ushift_r                             0x080004ff   Thumb Code     0  llushr.o(.text)
    __I$use$fp                               0x0800051f   Thumb Code     0  iusefp.o(.text)
    _double_round                            0x0800051f   Thumb Code    30  depilogue.o(.text)
    _double_epilogue                         0x0800053d   Thumb Code   156  depilogue.o(.text)
    __aeabi_dadd                             0x080005d9   Thumb Code   322  dadd.o(.text)
    __aeabi_dsub                             0x0800071b   Thumb Code     6  dadd.o(.text)
    __aeabi_drsub                            0x08000721   Thumb Code     6  dadd.o(.text)
    __aeabi_dmul                             0x08000737   Thumb Code   228  dmul.o(.text)
    __aeabi_cdrcmple                         0x08000821   Thumb Code    48  cdrcmple.o(.text)
    __scatterload                            0x08000851   Thumb Code    28  init.o(.text)
    __scatterload_rt2                        0x08000851   Thumb Code     0  init.o(.text)
    __aeabi_lasr                             0x08000875   Thumb Code    36  llsshr.o(.text)
    _ll_sshift_r                             0x08000875   Thumb Code     0  llsshr.o(.text)
    __decompress                             0x08000899   Thumb Code     0  __dczerorl2.o(.text)
    __decompress1                            0x08000899   Thumb Code    86  __dczerorl2.o(.text)
    BSP_LED_Init                             0x080008f1   Thumb Code    84  stm32l4xx_nucleo.o(i.BSP_LED_Init)
    BSP_LED_Off                              0x08000951   Thumb Code    24  stm32l4xx_nucleo.o(i.BSP_LED_Off)
    BSP_LED_On                               0x08000971   Thumb Code    24  stm32l4xx_nucleo.o(i.BSP_LED_On)
    BSP_PB_Init                              0x08000991   Thumb Code   152  stm32l4xx_nucleo.o(i.BSP_PB_Init)
    BusFault_Handler                         0x08000a3d   Thumb Code     4  stm32l4xx_it.o(i.BusFault_Handler)
    DebugMon_Handler                         0x08000a41   Thumb Code     2  stm32l4xx_it.o(i.DebugMon_Handler)
    EEPROM_ReadBytes                         0x08000a45   Thumb Code    28  eeprom.o(i.EEPROM_ReadBytes)
    ELINK042_DispString_EN_CH                0x08000a65   Thumb Code   238  halldisplay.o(i.ELINK042_DispString_EN_CH)
    ESP8266_AT_Test                          0x08000bc5   Thumb Code    58  bsp_esp8266.o(i.ESP8266_AT_Test)
    ESP8266_BuildAP                          0x08000c0d   Thumb Code    42  bsp_esp8266.o(i.ESP8266_BuildAP)
    ESP8266_CIPAP                            0x08000c55   Thumb Code    42  bsp_esp8266.o(i.ESP8266_CIPAP)
    ESP8266_Cmd                              0x08000c95   Thumb Code   176  bsp_esp8266.o(i.ESP8266_Cmd)
    ESP8266_Enable_MultipleId                0x08000d61   Thumb Code    42  bsp_esp8266.o(i.ESP8266_Enable_MultipleId)
    ESP8266_Init                             0x08000dfd   Thumb Code    32  bsp_esp8266.o(i.ESP8266_Init)
    ESP8266_Inquire_ApIp                     0x08000e21   Thumb Code    78  bsp_esp8266.o(i.ESP8266_Inquire_ApIp)
    ESP8266_Net_Mode_Choose                  0x08000e8d   Thumb Code    68  bsp_esp8266.o(i.ESP8266_Net_Mode_Choose)
    ESP8266_Rst                              0x08000f05   Thumb Code    32  bsp_esp8266.o(i.ESP8266_Rst)
    ESP8266_SendString                       0x08000f29   Thumb Code   100  bsp_esp8266.o(i.ESP8266_SendString)
    ESP8266_StaTcpClient_UnvarnishTest       0x08000fc5   Thumb Code   620  hallwifi.o(i.ESP8266_StaTcpClient_UnvarnishTest)
    ESP8266_StartOrShutServer                0x0800131d   Thumb Code   104  bsp_esp8266.o(i.ESP8266_StartOrShutServer)
    EXTI15_10_IRQHandler                     0x08001401   Thumb Code    12  stm32l4xx_it.o(i.EXTI15_10_IRQHandler)
    Elink042_DispChar_CN                     0x0800140d   Thumb Code   114  halldisplay.o(i.Elink042_DispChar_CN)
    Elink042_DispChar_EN                     0x0800148d   Thumb Code   132  halldisplay.o(i.Elink042_DispChar_EN)
    GetGBKCode_from_Flash                    0x080015b1   Thumb Code    50  halldisplay.o(i.GetGBKCode_from_Flash)
    HAL_DMA_Abort_IT                         0x080015e3   Thumb Code    88  stm32l4xx_hal_dma.o(i.HAL_DMA_Abort_IT)
    HAL_GPIO_EXTI_Callback                   0x0800163b   Thumb Code     2  los_bsp_key.o(i.HAL_GPIO_EXTI_Callback)
    HAL_GPIO_EXTI_IRQHandler                 0x0800163d   Thumb Code    24  stm32l4xx_hal_gpio.o(i.HAL_GPIO_EXTI_IRQHandler)
    HAL_GPIO_Init                            0x08001659   Thumb Code   484  stm32l4xx_hal_gpio.o(i.HAL_GPIO_Init)
    HAL_GPIO_ReadPin                         0x08001861   Thumb Code    16  stm32l4xx_hal_gpio.o(i.HAL_GPIO_ReadPin)
    HAL_GPIO_WritePin                        0x08001871   Thumb Code    10  stm32l4xx_hal_gpio.o(i.HAL_GPIO_WritePin)
    HAL_GetTick                              0x0800187d   Thumb Code     6  stm32l4xx_hal.o(i.HAL_GetTick)
    HAL_IncTick                              0x08001889   Thumb Code    12  stm32l4xx_hal.o(i.HAL_IncTick)
    HAL_InitTick                             0x08001899   Thumb Code    36  stm32l4xx_hal.o(i.HAL_InitTick)
    HAL_NVIC_EnableIRQ                       0x080018c1   Thumb Code    26  stm32l4xx_hal_cortex.o(i.HAL_NVIC_EnableIRQ)
    HAL_NVIC_SetPriority                     0x080018db   Thumb Code   124  stm32l4xx_hal_cortex.o(i.HAL_NVIC_SetPriority)
    HAL_PWREx_GetVoltageRange                0x0800195d   Thumb Code    10  stm32l4xx_hal_pwr_ex.o(i.HAL_PWREx_GetVoltageRange)
    HAL_RCCEx_PeriphCLKConfig                0x0800196d   Thumb Code  1230  stm32l4xx_hal_rcc_ex.o(i.HAL_RCCEx_PeriphCLKConfig)
    HAL_RCC_ClockConfig                      0x08001e41   Thumb Code   458  stm32l4xx_hal_rcc.o(i.HAL_RCC_ClockConfig)
    HAL_RCC_GetHCLKFreq                      0x0800201d   Thumb Code     6  stm32l4xx_hal_rcc.o(i.HAL_RCC_GetHCLKFreq)
    HAL_RCC_GetPCLK1Freq                     0x08002029   Thumb Code    22  stm32l4xx_hal_rcc.o(i.HAL_RCC_GetPCLK1Freq)
    HAL_RCC_GetPCLK2Freq                     0x08002049   Thumb Code    22  stm32l4xx_hal_rcc.o(i.HAL_RCC_GetPCLK2Freq)
    HAL_RCC_GetSysClockFreq                  0x08002069   Thumb Code   252  stm32l4xx_hal_rcc.o(i.HAL_RCC_GetSysClockFreq)
    HAL_RCC_OscConfig                        0x08002175   Thumb Code  1558  stm32l4xx_hal_rcc.o(i.HAL_RCC_OscConfig)
    HAL_SYSTICK_Config                       0x08002799   Thumb Code    52  stm32l4xx_hal_cortex.o(i.HAL_SYSTICK_Config)
    HAL_UARTEx_WakeupCallback                0x080027cd   Thumb Code     2  stm32l4xx_hal_uart_ex.o(i.HAL_UARTEx_WakeupCallback)
    HAL_UART_ErrorCallback                   0x080027cf   Thumb Code     2  stm32l4xx_hal_uart.o(i.HAL_UART_ErrorCallback)
    HAL_UART_IRQHandler                      0x080027d1   Thumb Code   402  stm32l4xx_hal_uart.o(i.HAL_UART_IRQHandler)
    HAL_UART_Init                            0x08002969   Thumb Code   120  stm32l4xx_hal_uart.o(i.HAL_UART_Init)
    HAL_UART_MspInit                         0x080029e1   Thumb Code   288  los_bsp_uart.o(i.HAL_UART_MspInit)
    HAL_UART_Receive_IT                      0x08002b11   Thumb Code   214  stm32l4xx_hal_uart.o(i.HAL_UART_Receive_IT)
    HAL_UART_RxCpltCallback                  0x08002bf1   Thumb Code    68  los_bsp_uart.o(i.HAL_UART_RxCpltCallback)
    HAL_UART_Transmit                        0x08002c3d   Thumb Code   200  stm32l4xx_hal_uart.o(i.HAL_UART_Transmit)
    HAL_UART_TxCpltCallback                  0x08002d05   Thumb Code     2  stm32l4xx_hal_uart.o(i.HAL_UART_TxCpltCallback)
    HardFault_Handler                        0x08002d07   Thumb Code     4  stm32l4xx_it.o(i.HardFault_Handler)
    LOS_Align                                0x08002d0b   Thumb Code    28  los_misc.o(i.LOS_Align)
    LOS_DLnkInitMultiHead                    0x08002d27   Thumb Code    30  los_multipledlinkhead.o(i.LOS_DLnkInitMultiHead)
    LOS_DLnkMultiHead                        0x08002d45   Thumb Code    42  los_multipledlinkhead.o(i.LOS_DLnkMultiHead)
    LOS_DisplayDemo_Entry                    0x08002ded   Thumb Code    76  main.o(i.LOS_DisplayDemo_Entry)
    LOS_EnableTick                           0x08002e89   Thumb Code    36  los_config.o(i.LOS_EnableTick)
    LOS_EvbKeyInit                           0x08002ecd   Thumb Code    12  los_bsp_key.o(i.LOS_EvbKeyInit)
    LOS_EvbLedControl                        0x08002ed9   Thumb Code    36  los_bsp_led.o(i.LOS_EvbLedControl)
    LOS_EvbLedInit                           0x08002efd   Thumb Code    10  los_bsp_led.o(i.LOS_EvbLedInit)
    LOS_EvbSetup                             0x08002f07   Thumb Code    20  los_bsp_adapter.o(i.LOS_EvbSetup)
    LOS_EvbUartInit                          0x08002f1d   Thumb Code    46  los_bsp_uart.o(i.LOS_EvbUartInit)
    LOS_EvbUartWriteByte                     0x08002f55   Thumb Code    24  los_bsp_uart.o(i.LOS_EvbUartWriteByte)
    LOS_KernelInit                           0x08002f71   Thumb Code    18  los_config.o(i.LOS_KernelInit)
    LOS_MS2Tick                              0x080031c1   Thumb Code    40  los_sys.o(i.LOS_MS2Tick)
    LOS_MemAlloc                             0x080031e9   Thumb Code    58  los_memory.o(i.LOS_MemAlloc)
    LOS_MemAllocAlign                        0x08003223   Thumb Code   108  los_memory.o(i.LOS_MemAllocAlign)
    LOS_MemFree                              0x08003295   Thumb Code    84  los_memory.o(i.LOS_MemFree)
    LOS_MemInit                              0x080032e9   Thumb Code   194  los_memory.o(i.LOS_MemInit)
    LOS_MemboxAlloc                          0x080033c5   Thumb Code    60  los_membox.o(i.LOS_MemboxAlloc)
    LOS_MemboxFree                           0x08003405   Thumb Code   158  los_membox.o(i.LOS_MemboxFree)
    LOS_MemboxInit                           0x080034a9   Thumb Code   128  los_membox.o(i.LOS_MemboxInit)
    LOS_PriqueueDequeue                      0x08003529   Thumb Code    24  los_priqueue.o(i.LOS_PriqueueDequeue)
    LOS_PriqueueEnqueue                      0x08003541   Thumb Code    32  los_priqueue.o(i.LOS_PriqueueEnqueue)
    LOS_PriqueueSize                         0x08003565   Thumb Code    36  los_priqueue.o(i.LOS_PriqueueSize)
    LOS_PriqueueTop                          0x0800358d   Thumb Code    54  los_priqueue.o(i.LOS_PriqueueTop)
    LOS_QueueCreate                          0x080035c9   Thumb Code   118  los_queue.o(i.LOS_QueueCreate)
    LOS_QueueRead                            0x0800364d   Thumb Code   282  los_queue.o(i.LOS_QueueRead)
    LOS_QueueWrite                           0x08003785   Thumb Code   296  los_queue.o(i.LOS_QueueWrite)
    LOS_Schedule                             0x080038c9   Thumb Code    56  los_hw.o(i.LOS_Schedule)
    LOS_SemPost                              0x08003909   Thumb Code   176  los_sem.o(i.LOS_SemPost)
    LOS_SetTickSycle                         0x080039c1   Thumb Code     6  los_hw_tick.o(i.LOS_SetTickSycle)
    LOS_Start                                0x080039cd   Thumb Code    12  los_config.o(i.LOS_Start)
    LOS_TaskCreate                           0x080039d9   Thumb Code   140  los_task.o(i.LOS_TaskCreate)
    LOS_TaskCreateOnly                       0x08003a75   Thumb Code   368  los_task.o(i.LOS_TaskCreateOnly)
    LOS_TaskDelay                            0x08003c01   Thumb Code   106  los_task.o(i.LOS_TaskDelay)
    LOS_TaskLock                             0x08003c81   Thumb Code    26  los_task.o(i.LOS_TaskLock)
    LOS_TaskUnlock                           0x08003ca1   Thumb Code    54  los_task.o(i.LOS_TaskUnlock)
    LOS_TaskYield                            0x08003cdd   Thumb Code   118  los_task.o(i.LOS_TaskYield)
    LOS_TickHandler                          0x08003d61   Thumb Code    52  los_hw_tick.o(i.LOS_TickHandler)
    LosAdapIntInit                           0x08003d99   Thumb Code     2  los_bsp_adapter.o(i.LosAdapIntInit)
    MemManage_Handler                        0x08003d9b   Thumb Code     4  stm32l4xx_it.o(i.MemManage_Handler)
    NMI_Handler                              0x08003d9f   Thumb Code     2  stm32l4xx_it.o(i.NMI_Handler)
    SPI4W_WRITECOM                           0x08004169   Thumb Code   156  bsp_spi.o(i.SPI4W_WRITECOM)
    SPI4W_WRITEDATA                          0x08004209   Thumb Code   156  bsp_spi.o(i.SPI4W_WRITEDATA)
    SVC_Handler                              0x080042a9   Thumb Code     2  stm32l4xx_it.o(i.SVC_Handler)
    SysTick_Handler                          0x080042ab   Thumb Code    12  los_bsp_adapter.o(i.SysTick_Handler)
    SystemInit                               0x08004325   Thumb Code    68  system_stm32l4xx.o(i.SystemInit)
    UART_AdvFeatureConfig                    0x08004375   Thumb Code   248  stm32l4xx_hal_uart.o(i.UART_AdvFeatureConfig)
    UART_CheckIdleState                      0x0800446d   Thumb Code   116  stm32l4xx_hal_uart.o(i.UART_CheckIdleState)
    UART_SetConfig                           0x08004611   Thumb Code  1158  stm32l4xx_hal_uart.o(i.UART_SetConfig)
    UART_WaitOnFlagUntilTimeout              0x08004aa3   Thumb Code   108  stm32l4xx_hal_uart.o(i.UART_WaitOnFlagUntilTimeout)
    USART3_IRQHandler                        0x08004b11   Thumb Code    54  stm32l4xx_it.o(i.USART3_IRQHandler)
    USART_printf                             0x08004b55   Thumb Code   258  hallcommon.o(i.USART_printf)
    UsageFault_Handler                       0x08004c57   Thumb Code     4  stm32l4xx_it.o(i.UsageFault_Handler)
    __0printf                                0x08004c5d   Thumb Code    22  printfa.o(i.__0printf)
    __1printf                                0x08004c5d   Thumb Code     0  printfa.o(i.__0printf)
    __2printf                                0x08004c5d   Thumb Code     0  printfa.o(i.__0printf)
    __c89printf                              0x08004c5d   Thumb Code     0  printfa.o(i.__0printf)
    printf                                   0x08004c5d   Thumb Code     0  printfa.o(i.__0printf)
    __0sprintf                               0x08004c7d   Thumb Code    34  printfa.o(i.__0sprintf)
    __1sprintf                               0x08004c7d   Thumb Code     0  printfa.o(i.__0sprintf)
    __2sprintf                               0x08004c7d   Thumb Code     0  printfa.o(i.__0sprintf)
    __c89sprintf                             0x08004c7d   Thumb Code     0  printfa.o(i.__0sprintf)
    sprintf                                  0x08004c7d   Thumb Code     0  printfa.o(i.__0sprintf)
    __scatterload_copy                       0x08004ca5   Thumb Code    14  handlers.o(i.__scatterload_copy)
    __scatterload_null                       0x08004cb3   Thumb Code     2  handlers.o(i.__scatterload_null)
    __scatterload_zeroinit                   0x08004cb5   Thumb Code    14  handlers.o(i.__scatterload_zeroinit)
    delay_us                                 0x0800558f   Thumb Code    24  los_bsp_adapter.o(i.delay_us)
    display_white                            0x080055a7   Thumb Code    62  bsp_elink.o(i.display_white)
    elink_booster_soft_start                 0x080055e5   Thumb Code    28  bsp_elink.o(i.elink_booster_soft_start)
    elink_check_busy_status                  0x08005601   Thumb Code    42  bsp_elink.o(i.elink_check_busy_status)
    elink_display_init                       0x08005631   Thumb Code   164  bsp_elink.o(i.elink_display_init)
    elink_epd_w21_reset                      0x080056d9   Thumb Code    54  bsp_elink.o(i.elink_epd_w21_reset)
    elink_framebuffer_display                0x08005715   Thumb Code    76  bsp_elink.o(i.elink_framebuffer_display)
    elink_lcd_gpio_config                    0x08005761   Thumb Code   158  bsp_elink.o(i.elink_lcd_gpio_config)
    elink_soft_deep_sleep                    0x08005809   Thumb Code    16  bsp_elink.o(i.elink_soft_deep_sleep)
    elink_soft_disp_refresh                  0x08005819   Thumb Code    10  bsp_elink.o(i.elink_soft_disp_refresh)
    elink_soft_panel_set                     0x08005823   Thumb Code    22  bsp_elink.o(i.elink_soft_panel_set)
    elink_soft_power_switch                  0x08005839   Thumb Code    22  bsp_elink.o(i.elink_soft_power_switch)
    elink_soft_vcom_set                      0x0800584f   Thumb Code    16  bsp_elink.o(i.elink_soft_vcom_set)
    elink_spi_gpio_config                    0x08005861   Thumb Code   214  bsp_spi.o(i.elink_spi_gpio_config)
    fputc                                    0x08005941   Thumb Code    16  los_demo_entry.o(i.fputc)
    lut                                      0x080059b5   Thumb Code   124  bsp_elink.o(i.lut)
    lut1                                     0x08005a45   Thumb Code   124  bsp_elink.o(i.lut1)
    main                                     0x08005ad5   Thumb Code    42  main.o(i.main)
    osDelay                                  0x08005b01   Thumb Code    48  cmsis_liteos.o(i.osDelay)
    osHwiDefaultHandler                      0x08005b35   Thumb Code     8  los_hwi.o(i.osHwiDefaultHandler)
    osHwiInit                                0x08005b3d   Thumb Code    26  los_hwi.o(i.osHwiInit)
    osIdleTask                               0x08005b61   Thumb Code     4  los_task.o(i.osIdleTask)
    osIdleTaskCreate                         0x08005b65   Thumb Code    54  los_task.o(i.osIdleTaskCreate)
    osIntNumGet                              0x08005bb1   Thumb Code    12  los_hwi.o(i.osIntNumGet)
    osMain                                   0x08005bbd   Thumb Code   198  los_config.o(i.osMain)
    osMemSystemInit                          0x080060b9   Thumb Code    26  los_memory.o(i.osMemSystemInit)
    osMuxInit                                0x080060dd   Thumb Code    74  los_mux.o(i.osMuxInit)
    osPriqueueInit                           0x08006139   Thumb Code    64  los_priqueue.o(i.osPriqueueInit)
    osQueueCreate                            0x08006181   Thumb Code   100  los_queue.o(i.osQueueCreate)
    osQueueInit                              0x080061f1   Thumb Code    44  los_queue.o(i.osQueueInit)
    osRegister                               0x08006309   Thumb Code    14  los_config.o(i.osRegister)
    osSchedule                               0x08006325   Thumb Code     8  los_hw.o(i.osSchedule)
    osSemInit                                0x0800632d   Thumb Code    70  los_sem.o(i.osSemInit)
    osSwTmrInit                              0x08006385   Thumb Code   142  los_swtmr.o(i.osSwTmrInit)
    osSwTmrStart                             0x08006431   Thumb Code    92  los_swtmr.o(i.osSwTmrStart)
    osSwTmrTask                              0x08006491   Thumb Code    70  los_swtmr.o(i.osSwTmrTask)
    osSwTmrTaskCreate                        0x080064e1   Thumb Code    52  los_swtmr.o(i.osSwTmrTaskCreate)
    osSwtmrScan                              0x080065c9   Thumb Code    32  los_swtmr.o(i.osSwtmrScan)
    osTaskAdd2TimerList                      0x080065ed   Thumb Code   188  los_task.o(i.osTaskAdd2TimerList)
    osTaskEntry                              0x080066ad   Thumb Code   178  los_task.o(i.osTaskEntry)
    osTaskExit                               0x08006795   Thumb Code     8  los_hw.o(i.osTaskExit)
    osTaskInit                               0x0800679d   Thumb Code   258  los_task.o(i.osTaskInit)
    osTaskMemUsedDec                         0x080068c5   Thumb Code    40  los_memstat.o(i.osTaskMemUsedDec)
    osTaskMemUsedInc                         0x080068f9   Thumb Code    48  los_memstat.o(i.osTaskMemUsedInc)
    osTaskScan                               0x08006935   Thumb Code   214  los_task.o(i.osTaskScan)
    osTaskSelfDelete                         0x08006a11   Thumb Code   236  los_task.o(i.osTaskSelfDelete)
    osTickHandler                            0x08006b0d   Thumb Code    62  los_tick.o(i.osTickHandler)
    osTickStart                              0x08006b69   Thumb Code    96  los_bsp_adapter.o(i.osTickStart)
    osTimerListDelete                        0x08006bd9   Thumb Code    66  los_task.o(i.osTimerListDelete)
    osTimesliceCheck                         0x08006c21   Thumb Code    64  los_timeslice.o(i.osTimesliceCheck)
    osTimesliceInit                          0x08006c6d   Thumb Code    12  los_timeslice.o(i.osTimesliceInit)
    osTskStackInit                           0x08006c7d   Thumb Code   306  los_hw.o(i.osTskStackInit)
    partial_display                          0x08006dbd   Thumb Code   146  bsp_elink.o(i.partial_display)
    sys_clk_freq                             0x08006eb0   Data           4  los_bsp_adapter.o(.constdata)
    tick_per_second                          0x08006eb4   Data           4  los_bsp_adapter.o(.constdata)
    g_use_ram_vect                           0x08006eb8   Data           1  los_bsp_adapter.o(.constdata)
    ucAscii_1608                             0x08006ef4   Data        1520  halldisplay.o(.constdata)
    AHBPrescTable                            0x08007524   Data          16  system_stm32l4xx.o(.constdata)
    APBPrescTable                            0x08007534   Data           8  system_stm32l4xx.o(.constdata)
    MSIRangeTable                            0x0800753c   Data          48  system_stm32l4xx.o(.constdata)
    GPIO_PIN                                 0x0800756c   Data           2  stm32l4xx_nucleo.o(.constdata)
    BUTTON_PIN                               0x0800756e   Data           2  stm32l4xx_nucleo.o(.constdata)
    BUTTON_IRQn                              0x08007570   Data           2  stm32l4xx_nucleo.o(.constdata)
    G_Ultrachip1                             0x08007572   Data       15000  bsp_elink.o(.constdata)
    G_Ultrachip2                             0x0800b00a   Data       14992  bsp_elink.o(.constdata)
    gImage_pic001                            0x0800ea9a   Data       15000  bsp_elink.o(.constdata)
    gWord_data001                            0x08012532   Data       14450  bsp_elink.o(.constdata)
    lut_vcomDC                               0x08015da4   Data          44  bsp_elink.o(.constdata)
    lut_ww                                   0x08015dd0   Data          42  bsp_elink.o(.constdata)
    lut_bw                                   0x08015dfa   Data          42  bsp_elink.o(.constdata)
    lut_wb                                   0x08015e24   Data          42  bsp_elink.o(.constdata)
    lut_bb                                   0x08015e4e   Data          42  bsp_elink.o(.constdata)
    lut_vcom1                                0x08015e78   Data          44  bsp_elink.o(.constdata)
    lut_ww1                                  0x08015ea4   Data          42  bsp_elink.o(.constdata)
    lut_bw1                                  0x08015ece   Data          42  bsp_elink.o(.constdata)
    lut_wb1                                  0x08015ef8   Data          42  bsp_elink.o(.constdata)
    lut_bb1                                  0x08015f22   Data          42  bsp_elink.o(.constdata)
    Region$$Table$$Base                      0x08015fd8   Number         0  anon$$obj.o(Region$$Table)
    Region$$Table$$Limit                     0x08016008   Number         0  anon$$obj.o(Region$$Table)
    m_pstHwiForm                             0x20000000   Data        1024  los_hwi.o(.vector.bss)
    g_pstLosPriorityQueueList                0x20000400   Data           4  los_priqueue.o(.data)
    m_pstSwtmrCBArray                        0x20000408   Data           4  los_swtmr.o(.data)
    m_pstSwtmrFreeList                       0x2000040c   Data           4  los_swtmr.o(.data)
    m_pstSwtmrSortList                       0x20000410   Data           4  los_swtmr.o(.data)
    g_pstTaskCBArray                         0x20000414   Data           4  los_task.o(.data)
    g_stLosTask                              0x20000418   Data           8  los_task.o(.data)
    g_usLosTaskLock                          0x20000420   Data           2  los_task.o(.data)
    g_uwTskMaxNum                            0x20000424   Data           4  los_task.o(.data)
    g_uwIdleTaskID                           0x20000428   Data           4  los_task.o(.data)
    g_uwSwtmrTaskID                          0x2000042c   Data           4  los_task.o(.data)
    g_stTaskTimerList                        0x20000430   Data           8  los_task.o(.data)
    g_stLosFreeTask                          0x20000438   Data           8  los_task.o(.data)
    g_stTskRecyleList                        0x20000440   Data           8  los_task.o(.data)
    g_stTskSortLink                          0x20000448   Data           8  los_task.o(.data)
    g_bTaskScheduled                         0x20000450   Data           4  los_task.o(.data)
    g_pfnTskSwitchHook                       0x20000454   Data           4  los_task.o(.data)
    g_ullTickCount                           0x20000458   Data           8  los_tick.o(.data)
    g_uwTicksPerSec                          0x20000460   Data           4  los_tick.o(.data)
    g_uwCyclePerSec                          0x20000464   Data           4  los_tick.o(.data)
    g_stTaskTimeSlice                        0x20000468   Data           8  los_timeslice.o(.data)
    g_pstAllMux                              0x20000470   Data           4  los_mux.o(.data)
    g_stUnusedMuxList                        0x20000474   Data           8  los_mux.o(.data)
    g_pstAllQueue                            0x2000047c   Data           4  los_queue.o(.data)
    g_stUnusedSemList                        0x20000480   Data           8  los_sem.o(.data)
    g_pstAllSem                              0x20000488   Data           4  los_sem.o(.data)
    g_uwCyclesPerTick                        0x2000048c   Data           4  los_hw_tick.o(.data)
    g_vuwIntCount                            0x20000490   Data           4  los_hwi.o(.data)
    m_aucSysMem0                             0x20000494   Data           4  los_config.o(.data)
    g_sys_mem_addr_end                       0x20000498   Data           4  los_config.o(.data)
    __stdout                                 0x200004a4   Data           4  los_demo_entry.o(.data)
    __stdin                                  0x200004a8   Data           4  los_demo_entry.o(.data)
    SystemCoreClock                          0x200004b0   Data           4  system_stm32l4xx.o(.data)
    uwTick                                   0x200004b4   Data           4  stm32l4xx_hal.o(.data)
    GPIO_PORT                                0x200004b8   Data           4  stm32l4xx_nucleo.o(.data)
    BUTTON_PORT                              0x200004bc   Data           4  stm32l4xx_nucleo.o(.data)
    m_aucSwTmrHandlerPool                    0x200004c0   Data         208  los_swtmr.o(.bss)
    g_ucMemStart                             0x20000590   Data       32768  los_memory.o(.bss)
    g_TskMemUsedInfo                         0x20008590   Data          64  los_memstat.o(.bss)
    UartHandle                               0x200085d0   Data         120  los_bsp_uart.o(.bss)
    OldBufferCN                              0x200086c8   Data          32  halldisplay.o(.bss)
    OldBufferEN                              0x200086e8   Data          16  halldisplay.o(.bss)
    strEsp8266_Fram_Record                   0x200086f8   Data        1028  bsp_esp8266.o(.bss)
    ESP8266UartHandle                        0x20008afc   Data         120  bsp_esp8266.o(.bss)
    __initial_sp                             0x20008f78   Data           0  startup_stm32l476xx.o(STACK)



==============================================================================

Memory Map of the image

  Image Entry point : 0x08000189

  Load Region LR_IROM1 (Base: 0x08000000, Size: 0x000164c8, Max: 0x00100000, ABSOLUTE, COMPRESSED[0x000160e8])

    Execution Region ER_IROM1 (Exec base: 0x08000000, Load base: 0x08000000, Size: 0x00016008, Max: 0x00100000, ABSOLUTE)

    Exec Addr    Load Addr    Size         Type   Attr      Idx    E Section Name        Object

    0x08000000   0x08000000   0x00000188   Data   RO         3060    RESET               startup_stm32l476xx.o
    0x08000188   0x08000188   0x00000000   Code   RO         6237  * .ARM.Collect$$$$00000000  mc_w.l(entry.o)
    0x08000188   0x08000188   0x00000004   Code   RO         6521    .ARM.Collect$$$$00000001  mc_w.l(entry2.o)
    0x0800018c   0x0800018c   0x00000004   Code   RO         6524    .ARM.Collect$$$$00000004  mc_w.l(entry5.o)
    0x08000190   0x08000190   0x00000000   Code   RO         6526    .ARM.Collect$$$$00000008  mc_w.l(entry7b.o)
    0x08000190   0x08000190   0x00000000   Code   RO         6528    .ARM.Collect$$$$0000000A  mc_w.l(entry8b.o)
    0x08000190   0x08000190   0x00000008   Code   RO         6529    .ARM.Collect$$$$0000000B  mc_w.l(entry9a.o)
    0x08000198   0x08000198   0x00000000   Code   RO         6531    .ARM.Collect$$$$0000000D  mc_w.l(entry10a.o)
    0x08000198   0x08000198   0x00000000   Code   RO         6533    .ARM.Collect$$$$0000000F  mc_w.l(entry11a.o)
    0x08000198   0x08000198   0x00000004   Code   RO         6522    .ARM.Collect$$$$00002712  mc_w.l(entry2.o)
    0x0800019c   0x0800019c   0x00000102   Code   RO         1619    .text               los_dispatch_keil.o
    0x0800029e   0x0800029e   0x00000002   PAD
    0x080002a0   0x080002a0   0x00000024   Code   RO         3061    .text               startup_stm32l476xx.o
    0x080002c4   0x080002c4   0x00000068   Code   RO         6240    .text               mc_w.l(uldiv.o)
    0x0800032c   0x0800032c   0x00000024   Code   RO         6242    .text               mc_w.l(memcpya.o)
    0x08000350   0x08000350   0x00000024   Code   RO         6244    .text               mc_w.l(memseta.o)
    0x08000374   0x08000374   0x00000024   Code   RO         6246    .text               mc_w.l(strstr.o)
    0x08000398   0x08000398   0x0000000e   Code   RO         6248    .text               mc_w.l(strlen.o)
    0x080003a6   0x080003a6   0x000000de   Code   RO         6515    .text               mf_w.l(ddiv.o)
    0x08000484   0x08000484   0x00000030   Code   RO         6519    .text               mf_w.l(dfixul.o)
    0x080004b4   0x080004b4   0x0000002c   Code   RO         6535    .text               mc_w.l(uidiv.o)
    0x080004e0   0x080004e0   0x0000001e   Code   RO         6537    .text               mc_w.l(llshl.o)
    0x080004fe   0x080004fe   0x00000020   Code   RO         6539    .text               mc_w.l(llushr.o)
    0x0800051e   0x0800051e   0x00000000   Code   RO         6541    .text               mc_w.l(iusefp.o)
    0x0800051e   0x0800051e   0x000000ba   Code   RO         6542    .text               mf_w.l(depilogue.o)
    0x080005d8   0x080005d8   0x0000015e   Code   RO         6544    .text               mf_w.l(dadd.o)
    0x08000736   0x08000736   0x000000ea   Code   RO         6546    .text               mf_w.l(dmul.o)
    0x08000820   0x08000820   0x00000030   Code   RO         6548    .text               mf_w.l(cdrcmple.o)
    0x08000850   0x08000850   0x00000024   Code   RO         6550    .text               mc_w.l(init.o)
    0x08000874   0x08000874   0x00000024   Code   RO         6552    .text               mc_w.l(llsshr.o)
    0x08000898   0x08000898   0x00000056   Code   RO         6562    .text               mc_w.l(__dczerorl2.o)
    0x080008ee   0x080008ee   0x00000002   PAD
    0x080008f0   0x080008f0   0x00000060   Code   RO         5353    i.BSP_LED_Init      stm32l4xx_nucleo.o
    0x08000950   0x08000950   0x00000020   Code   RO         5354    i.BSP_LED_Off       stm32l4xx_nucleo.o
    0x08000970   0x08000970   0x00000020   Code   RO         5355    i.BSP_LED_On        stm32l4xx_nucleo.o
    0x08000990   0x08000990   0x000000ac   Code   RO         5358    i.BSP_PB_Init       stm32l4xx_nucleo.o
    0x08000a3c   0x08000a3c   0x00000004   Code   RO         5274    i.BusFault_Handler  stm32l4xx_it.o
    0x08000a40   0x08000a40   0x00000002   Code   RO         5275    i.DebugMon_Handler  stm32l4xx_it.o
    0x08000a42   0x08000a42   0x00000002   PAD
    0x08000a44   0x08000a44   0x00000020   Code   RO         6030    i.EEPROM_ReadBytes  eeprom.o
    0x08000a64   0x08000a64   0x00000160   Code   RO         3122    i.ELINK042_DispString_EN_CH  halldisplay.o
    0x08000bc4   0x08000bc4   0x00000048   Code   RO         6082    i.ESP8266_AT_Test   bsp_esp8266.o
    0x08000c0c   0x08000c0c   0x00000048   Code   RO         6083    i.ESP8266_BuildAP   bsp_esp8266.o
    0x08000c54   0x08000c54   0x00000040   Code   RO         6084    i.ESP8266_CIPAP     bsp_esp8266.o
    0x08000c94   0x08000c94   0x000000cc   Code   RO         6086    i.ESP8266_Cmd       bsp_esp8266.o
    0x08000d60   0x08000d60   0x00000040   Code   RO         6087    i.ESP8266_Enable_MultipleId  bsp_esp8266.o
    0x08000da0   0x08000da0   0x0000005c   Code   RO         6089    i.ESP8266_GPIO_Config  bsp_esp8266.o
    0x08000dfc   0x08000dfc   0x00000024   Code   RO         6092    i.ESP8266_Init      bsp_esp8266.o
    0x08000e20   0x08000e20   0x0000006c   Code   RO         6093    i.ESP8266_Inquire_ApIp  bsp_esp8266.o
    0x08000e8c   0x08000e8c   0x00000078   Code   RO         6096    i.ESP8266_Net_Mode_Choose  bsp_esp8266.o
    0x08000f04   0x08000f04   0x00000024   Code   RO         6098    i.ESP8266_Rst       bsp_esp8266.o
    0x08000f28   0x08000f28   0x0000009c   Code   RO         6099    i.ESP8266_SendString  bsp_esp8266.o
    0x08000fc4   0x08000fc4   0x00000358   Code   RO         3210    i.ESP8266_StaTcpClient_UnvarnishTest  hallwifi.o
    0x0800131c   0x0800131c   0x00000090   Code   RO         6100    i.ESP8266_StartOrShutServer  bsp_esp8266.o
    0x080013ac   0x080013ac   0x00000054   Code   RO         6101    i.ESP8266_USART_Init  bsp_esp8266.o
    0x08001400   0x08001400   0x0000000c   Code   RO         5276    i.EXTI15_10_IRQHandler  stm32l4xx_it.o
    0x0800140c   0x0800140c   0x0000007e   Code   RO         3124    i.Elink042_DispChar_CN  halldisplay.o
    0x0800148a   0x0800148a   0x00000002   PAD
    0x0800148c   0x0800148c   0x000000a2   Code   RO         3125    i.Elink042_DispChar_EN  halldisplay.o
    0x0800152e   0x0800152e   0x00000002   PAD
    0x08001530   0x08001530   0x00000040   Code   RO         2266    i.Error_Handler     los_bsp_uart.o
    0x08001570   0x08001570   0x00000040   Code   RO         6103    i.Error_Handler     bsp_esp8266.o
    0x080015b0   0x080015b0   0x00000032   Code   RO         3126    i.GetGBKCode_from_Flash  halldisplay.o
    0x080015e2   0x080015e2   0x00000058   Code   RO         3619    i.HAL_DMA_Abort_IT  stm32l4xx_hal_dma.o
    0x0800163a   0x0800163a   0x00000002   Code   RO         2196    i.HAL_GPIO_EXTI_Callback  los_bsp_key.o
    0x0800163c   0x0800163c   0x0000001c   Code   RO         3922    i.HAL_GPIO_EXTI_IRQHandler  stm32l4xx_hal_gpio.o
    0x08001658   0x08001658   0x00000208   Code   RO         3923    i.HAL_GPIO_Init     stm32l4xx_hal_gpio.o
    0x08001860   0x08001860   0x00000010   Code   RO         3925    i.HAL_GPIO_ReadPin  stm32l4xx_hal_gpio.o
    0x08001870   0x08001870   0x0000000a   Code   RO         3927    i.HAL_GPIO_WritePin  stm32l4xx_hal_gpio.o
    0x0800187a   0x0800187a   0x00000002   PAD
    0x0800187c   0x0800187c   0x0000000c   Code   RO         3287    i.HAL_GetTick       stm32l4xx_hal.o
    0x08001888   0x08001888   0x00000010   Code   RO         3291    i.HAL_IncTick       stm32l4xx_hal.o
    0x08001898   0x08001898   0x00000028   Code   RO         3293    i.HAL_InitTick      stm32l4xx_hal.o
    0x080018c0   0x080018c0   0x0000001a   Code   RO         3492    i.HAL_NVIC_EnableIRQ  stm32l4xx_hal_cortex.o
    0x080018da   0x080018da   0x00000082   Code   RO         3498    i.HAL_NVIC_SetPriority  stm32l4xx_hal_cortex.o
    0x0800195c   0x0800195c   0x00000010   Code   RO         4132    i.HAL_PWREx_GetVoltageRange  stm32l4xx_hal_pwr_ex.o
    0x0800196c   0x0800196c   0x000004d4   Code   RO         4462    i.HAL_RCCEx_PeriphCLKConfig  stm32l4xx_hal_rcc_ex.o
    0x08001e40   0x08001e40   0x000001dc   Code   RO         4347    i.HAL_RCC_ClockConfig  stm32l4xx_hal_rcc.o
    0x0800201c   0x0800201c   0x0000000c   Code   RO         4351    i.HAL_RCC_GetHCLKFreq  stm32l4xx_hal_rcc.o
    0x08002028   0x08002028   0x00000020   Code   RO         4353    i.HAL_RCC_GetPCLK1Freq  stm32l4xx_hal_rcc.o
    0x08002048   0x08002048   0x00000020   Code   RO         4354    i.HAL_RCC_GetPCLK2Freq  stm32l4xx_hal_rcc.o
    0x08002068   0x08002068   0x0000010c   Code   RO         4355    i.HAL_RCC_GetSysClockFreq  stm32l4xx_hal_rcc.o
    0x08002174   0x08002174   0x00000624   Code   RO         4358    i.HAL_RCC_OscConfig  stm32l4xx_hal_rcc.o
    0x08002798   0x08002798   0x00000034   Code   RO         3503    i.HAL_SYSTICK_Config  stm32l4xx_hal_cortex.o
    0x080027cc   0x080027cc   0x00000002   Code   RO         4949    i.HAL_UARTEx_WakeupCallback  stm32l4xx_hal_uart_ex.o
    0x080027ce   0x080027ce   0x00000002   Code   RO         4605    i.HAL_UART_ErrorCallback  stm32l4xx_hal_uart.o
    0x080027d0   0x080027d0   0x00000198   Code   RO         4608    i.HAL_UART_IRQHandler  stm32l4xx_hal_uart.o
    0x08002968   0x08002968   0x00000078   Code   RO         4609    i.HAL_UART_Init     stm32l4xx_hal_uart.o
    0x080029e0   0x080029e0   0x00000130   Code   RO         2268    i.HAL_UART_MspInit  los_bsp_uart.o
    0x08002b10   0x08002b10   0x000000e0   Code   RO         4614    i.HAL_UART_Receive_IT  stm32l4xx_hal_uart.o
    0x08002bf0   0x08002bf0   0x0000004c   Code   RO         2269    i.HAL_UART_RxCpltCallback  los_bsp_uart.o
    0x08002c3c   0x08002c3c   0x000000c8   Code   RO         4617    i.HAL_UART_Transmit  stm32l4xx_hal_uart.o
    0x08002d04   0x08002d04   0x00000002   Code   RO         4620    i.HAL_UART_TxCpltCallback  stm32l4xx_hal_uart.o
    0x08002d06   0x08002d06   0x00000004   Code   RO         5277    i.HardFault_Handler  stm32l4xx_it.o
    0x08002d0a   0x08002d0a   0x0000001c   Code   RO         1364    i.LOS_Align         los_misc.o
    0x08002d26   0x08002d26   0x0000001e   Code   RO         1320    i.LOS_DLnkInitMultiHead  los_multipledlinkhead.o
    0x08002d44   0x08002d44   0x0000002a   Code   RO         1321    i.LOS_DLnkMultiHead  los_multipledlinkhead.o
    0x08002d6e   0x08002d6e   0x00000002   PAD
    0x08002d70   0x08002d70   0x0000007c   Code   RO         3068    i.LOS_DisplayDemoTskfunc  main.o
    0x08002dec   0x08002dec   0x0000009c   Code   RO         3069    i.LOS_DisplayDemo_Entry  main.o
    0x08002e88   0x08002e88   0x00000044   Code   RO         1625    i.LOS_EnableTick    los_config.o
    0x08002ecc   0x08002ecc   0x0000000c   Code   RO         2198    i.LOS_EvbKeyInit    los_bsp_key.o
    0x08002ed8   0x08002ed8   0x00000024   Code   RO         2232    i.LOS_EvbLedControl  los_bsp_led.o
    0x08002efc   0x08002efc   0x0000000a   Code   RO         2233    i.LOS_EvbLedInit    los_bsp_led.o
    0x08002f06   0x08002f06   0x00000014   Code   RO         2034    i.LOS_EvbSetup      los_bsp_adapter.o
    0x08002f1a   0x08002f1a   0x00000002   PAD
    0x08002f1c   0x08002f1c   0x00000038   Code   RO         2270    i.LOS_EvbUartInit   los_bsp_uart.o
    0x08002f54   0x08002f54   0x0000001c   Code   RO         2273    i.LOS_EvbUartWriteByte  los_bsp_uart.o
    0x08002f70   0x08002f70   0x00000012   Code   RO         1626    i.LOS_KernelInit    los_config.o
    0x08002f82   0x08002f82   0x0000000e   Code   RO          462    i.LOS_ListAdd       los_task.o
    0x08002f90   0x08002f90   0x0000000e   Code   RO          811    i.LOS_ListAdd       los_mux.o
    0x08002f9e   0x08002f9e   0x0000000e   Code   RO          897    i.LOS_ListAdd       los_queue.o
    0x08002fac   0x08002fac   0x0000000e   Code   RO         1014    i.LOS_ListAdd       los_sem.o
    0x08002fba   0x08002fba   0x0000000e   Code   RO         1141    i.LOS_ListAdd       los_memory.o
    0x08002fc8   0x08002fc8   0x00000014   Code   RO          463    i.LOS_ListDelete    los_task.o
    0x08002fdc   0x08002fdc   0x00000014   Code   RO         1015    i.LOS_ListDelete    los_sem.o
    0x08002ff0   0x08002ff0   0x00000014   Code   RO         1142    i.LOS_ListDelete    los_memory.o
    0x08003004   0x08003004   0x00000010   Code   RO          464    i.LOS_ListEmpty     los_task.o
    0x08003014   0x08003014   0x00000010   Code   RO          898    i.LOS_ListEmpty     los_queue.o
    0x08003024   0x08003024   0x00000010   Code   RO         1016    i.LOS_ListEmpty     los_sem.o
    0x08003034   0x08003034   0x00000006   Code   RO          465    i.LOS_ListInit      los_task.o
    0x0800303a   0x0800303a   0x00000006   Code   RO          814    i.LOS_ListInit      los_mux.o
    0x08003040   0x08003040   0x00000006   Code   RO          899    i.LOS_ListInit      los_queue.o
    0x08003046   0x08003046   0x00000006   Code   RO         1017    i.LOS_ListInit      los_sem.o
    0x0800304c   0x0800304c   0x00000010   Code   RO          466    i.LOS_ListTailInsert  los_task.o
    0x0800305c   0x0800305c   0x00000010   Code   RO          815    i.LOS_ListTailInsert  los_mux.o
    0x0800306c   0x0800306c   0x00000010   Code   RO         1018    i.LOS_ListTailInsert  los_sem.o
    0x0800307c   0x0800307c   0x00000144   Code   RO         1322    i.LOS_Log2          los_multipledlinkhead.o
    0x080031c0   0x080031c0   0x00000028   Code   RO          379    i.LOS_MS2Tick       los_sys.o
    0x080031e8   0x080031e8   0x0000003a   Code   RO         1143    i.LOS_MemAlloc      los_memory.o
    0x08003222   0x08003222   0x00000072   Code   RO         1144    i.LOS_MemAllocAlign  los_memory.o
    0x08003294   0x08003294   0x00000054   Code   RO         1145    i.LOS_MemFree       los_memory.o
    0x080032e8   0x080032e8   0x000000dc   Code   RO         1146    i.LOS_MemInit       los_memory.o
    0x080033c4   0x080033c4   0x00000040   Code   RO         1096    i.LOS_MemboxAlloc   los_membox.o
    0x08003404   0x08003404   0x000000a4   Code   RO         1098    i.LOS_MemboxFree    los_membox.o
    0x080034a8   0x080034a8   0x00000080   Code   RO         1099    i.LOS_MemboxInit    los_membox.o
    0x08003528   0x08003528   0x00000018   Code   RO            4    i.LOS_PriqueueDequeue  los_priqueue.o
    0x08003540   0x08003540   0x00000024   Code   RO            5    i.LOS_PriqueueEnqueue  los_priqueue.o
    0x08003564   0x08003564   0x00000028   Code   RO            6    i.LOS_PriqueueSize  los_priqueue.o
    0x0800358c   0x0800358c   0x0000003c   Code   RO            7    i.LOS_PriqueueTop   los_priqueue.o
    0x080035c8   0x080035c8   0x00000082   Code   RO          900    i.LOS_QueueCreate   los_queue.o
    0x0800364a   0x0800364a   0x00000002   PAD
    0x0800364c   0x0800364c   0x00000136   Code   RO          902    i.LOS_QueueRead     los_queue.o
    0x08003782   0x08003782   0x00000002   PAD
    0x08003784   0x08003784   0x00000142   Code   RO          903    i.LOS_QueueWrite    los_queue.o
    0x080038c6   0x080038c6   0x00000002   PAD
    0x080038c8   0x080038c8   0x00000040   Code   RO         1472    i.LOS_Schedule      los_hw.o
    0x08003908   0x08003908   0x000000b8   Code   RO         1022    i.LOS_SemPost       los_sem.o
    0x080039c0   0x080039c0   0x0000000c   Code   RO         1515    i.LOS_SetTickSycle  los_hw_tick.o
    0x080039cc   0x080039cc   0x0000000c   Code   RO         1627    i.LOS_Start         los_config.o
    0x080039d8   0x080039d8   0x0000009c   Code   RO          467    i.LOS_TaskCreate    los_task.o
    0x08003a74   0x08003a74   0x0000018a   Code   RO          468    i.LOS_TaskCreateOnly  los_task.o
    0x08003bfe   0x08003bfe   0x00000002   PAD
    0x08003c00   0x08003c00   0x00000080   Code   RO          469    i.LOS_TaskDelay     los_task.o
    0x08003c80   0x08003c80   0x00000020   Code   RO          471    i.LOS_TaskLock      los_task.o
    0x08003ca0   0x08003ca0   0x0000003c   Code   RO          476    i.LOS_TaskUnlock    los_task.o
    0x08003cdc   0x08003cdc   0x00000084   Code   RO          477    i.LOS_TaskYield     los_task.o
    0x08003d60   0x08003d60   0x00000038   Code   RO         1516    i.LOS_TickHandler   los_hw_tick.o
    0x08003d98   0x08003d98   0x00000002   Code   RO         2036    i.LosAdapIntInit    los_bsp_adapter.o
    0x08003d9a   0x08003d9a   0x00000004   Code   RO         5278    i.MemManage_Handler  stm32l4xx_it.o
    0x08003d9e   0x08003d9e   0x00000002   Code   RO         5279    i.NMI_Handler       stm32l4xx_it.o
    0x08003da0   0x08003da0   0x00000010   Code   RO         3505    i.NVIC_GetPriorityGrouping  stm32l4xx_hal_cortex.o
    0x08003db0   0x08003db0   0x00000028   Code   RO         3506    i.NVIC_SetPriority  stm32l4xx_hal_cortex.o
    0x08003dd8   0x08003dd8   0x0000018c   Code   RO         4465    i.RCCEx_PLLSAI1_Config  stm32l4xx_hal_rcc_ex.o
    0x08003f64   0x08003f64   0x00000164   Code   RO         4466    i.RCCEx_PLLSAI2_Config  stm32l4xx_hal_rcc_ex.o
    0x080040c8   0x080040c8   0x000000a0   Code   RO         4359    i.RCC_SetFlashLatencyFromMSIRange  stm32l4xx_hal_rcc.o
    0x08004168   0x08004168   0x000000a0   Code   RO         5877    i.SPI4W_WRITECOM    bsp_spi.o
    0x08004208   0x08004208   0x000000a0   Code   RO         5878    i.SPI4W_WRITEDATA   bsp_spi.o
    0x080042a8   0x080042a8   0x00000002   Code   RO         5280    i.SVC_Handler       stm32l4xx_it.o
    0x080042aa   0x080042aa   0x0000000c   Code   RO         2039    i.SysTick_Handler   los_bsp_adapter.o
    0x080042b6   0x080042b6   0x0000006c   Code   RO         2040    i.SystemClock_Config  los_bsp_adapter.o
    0x08004322   0x08004322   0x00000002   PAD
    0x08004324   0x08004324   0x00000050   Code   RO         3240    i.SystemInit        system_stm32l4xx.o
    0x08004374   0x08004374   0x000000f8   Code   RO         4622    i.UART_AdvFeatureConfig  stm32l4xx_hal_uart.o
    0x0800446c   0x0800446c   0x00000074   Code   RO         4623    i.UART_CheckIdleState  stm32l4xx_hal_uart.o
    0x080044e0   0x080044e0   0x00000018   Code   RO         4624    i.UART_DMAAbortOnError  stm32l4xx_hal_uart.o
    0x080044f8   0x080044f8   0x00000024   Code   RO         4634    i.UART_EndRxTransfer  stm32l4xx_hal_uart.o
    0x0800451c   0x0800451c   0x00000022   Code   RO         4635    i.UART_EndTransmit_IT  stm32l4xx_hal_uart.o
    0x0800453e   0x0800453e   0x0000006c   Code   RO         4637    i.UART_RxISR_16BIT  stm32l4xx_hal_uart.o
    0x080045aa   0x080045aa   0x00000066   Code   RO         4638    i.UART_RxISR_8BIT   stm32l4xx_hal_uart.o
    0x08004610   0x08004610   0x00000492   Code   RO         4639    i.UART_SetConfig    stm32l4xx_hal_uart.o
    0x08004aa2   0x08004aa2   0x0000006c   Code   RO         4642    i.UART_WaitOnFlagUntilTimeout  stm32l4xx_hal_uart.o
    0x08004b0e   0x08004b0e   0x00000002   PAD
    0x08004b10   0x08004b10   0x00000044   Code   RO         5281    i.USART3_IRQHandler  stm32l4xx_it.o
    0x08004b54   0x08004b54   0x00000102   Code   RO         3177    i.USART_printf      hallcommon.o
    0x08004c56   0x08004c56   0x00000004   Code   RO         5282    i.UsageFault_Handler  stm32l4xx_it.o
    0x08004c5a   0x08004c5a   0x00000002   PAD
    0x08004c5c   0x08004c5c   0x00000020   Code   RO         6487    i.__0printf         mc_w.l(printfa.o)
    0x08004c7c   0x08004c7c   0x00000028   Code   RO         6489    i.__0sprintf        mc_w.l(printfa.o)
    0x08004ca4   0x08004ca4   0x0000000e   Code   RO         6556    i.__scatterload_copy  mc_w.l(handlers.o)
    0x08004cb2   0x08004cb2   0x00000002   Code   RO         6557    i.__scatterload_null  mc_w.l(handlers.o)
    0x08004cb4   0x08004cb4   0x0000000e   Code   RO         6558    i.__scatterload_zeroinit  mc_w.l(handlers.o)
    0x08004cc2   0x08004cc2   0x00000002   PAD
    0x08004cc4   0x08004cc4   0x0000018a   Code   RO         6494    i._fp_digits        mc_w.l(printfa.o)
    0x08004e4e   0x08004e4e   0x00000002   PAD
    0x08004e50   0x08004e50   0x000006e2   Code   RO         6495    i._printf_core      mc_w.l(printfa.o)
    0x08005532   0x08005532   0x00000024   Code   RO         6496    i._printf_post_padding  mc_w.l(printfa.o)
    0x08005556   0x08005556   0x0000002e   Code   RO         6497    i._printf_pre_padding  mc_w.l(printfa.o)
    0x08005584   0x08005584   0x0000000a   Code   RO         6499    i._sputc            mc_w.l(printfa.o)
    0x0800558e   0x0800558e   0x00000018   Code   RO         2041    i.delay_us          los_bsp_adapter.o
    0x080055a6   0x080055a6   0x0000003e   Code   RO         5916    i.display_white     bsp_elink.o
    0x080055e4   0x080055e4   0x0000001c   Code   RO         5917    i.elink_booster_soft_start  bsp_elink.o
    0x08005600   0x08005600   0x00000030   Code   RO         5918    i.elink_check_busy_status  bsp_elink.o
    0x08005630   0x08005630   0x000000a8   Code   RO         5919    i.elink_display_init  bsp_elink.o
    0x080056d8   0x080056d8   0x0000003c   Code   RO         5920    i.elink_epd_w21_reset  bsp_elink.o
    0x08005714   0x08005714   0x0000004c   Code   RO         5921    i.elink_framebuffer_display  bsp_elink.o
    0x08005760   0x08005760   0x000000a8   Code   RO         5922    i.elink_lcd_gpio_config  bsp_elink.o
    0x08005808   0x08005808   0x00000010   Code   RO         5923    i.elink_soft_deep_sleep  bsp_elink.o
    0x08005818   0x08005818   0x0000000a   Code   RO         5924    i.elink_soft_disp_refresh  bsp_elink.o
    0x08005822   0x08005822   0x00000016   Code   RO         5925    i.elink_soft_panel_set  bsp_elink.o
    0x08005838   0x08005838   0x00000016   Code   RO         5926    i.elink_soft_power_switch  bsp_elink.o
    0x0800584e   0x0800584e   0x00000010   Code   RO         5927    i.elink_soft_vcom_set  bsp_elink.o
    0x0800585e   0x0800585e   0x00000002   PAD
    0x08005860   0x08005860   0x000000e0   Code   RO         5879    i.elink_spi_gpio_config  bsp_spi.o
    0x08005940   0x08005940   0x00000010   Code   RO         2919    i.fputc             los_demo_entry.o
    0x08005950   0x08005950   0x00000062   Code   RO         3178    i.itoa              hallcommon.o
    0x080059b2   0x080059b2   0x00000002   PAD
    0x080059b4   0x080059b4   0x00000090   Code   RO         5928    i.lut               bsp_elink.o
    0x08005a44   0x08005a44   0x00000090   Code   RO         5929    i.lut1              bsp_elink.o
    0x08005ad4   0x08005ad4   0x0000002a   Code   RO         3070    i.main              main.o
    0x08005afe   0x08005afe   0x00000002   PAD
    0x08005b00   0x08005b00   0x00000034   Code   RO         1696    i.osDelay           cmsis_liteos.o
    0x08005b34   0x08005b34   0x00000008   Code   RO         1556    i.osHwiDefaultHandler  los_hwi.o
    0x08005b3c   0x08005b3c   0x00000024   Code   RO         1557    i.osHwiInit         los_hwi.o
    0x08005b60   0x08005b60   0x00000004   Code   RO          478    i.osIdleTask        los_task.o
    0x08005b64   0x08005b64   0x0000004c   Code   RO          479    i.osIdleTaskCreate  los_task.o
    0x08005bb0   0x08005bb0   0x0000000c   Code   RO         1558    i.osIntNumGet       los_hwi.o
    0x08005bbc   0x08005bbc   0x00000130   Code   RO         1630    i.osMain            los_config.o
    0x08005cec   0x08005cec   0x000000c4   Code   RO         1148    i.osMemAllocWithCheck  los_memory.o
    0x08005db0   0x08005db0   0x0000009e   Code   RO         1149    i.osMemCheckUsedNode  los_memory.o
    0x08005e4e   0x08005e4e   0x00000050   Code   RO         1150    i.osMemFindSuitableFreeBlock  los_memory.o
    0x08005e9e   0x08005e9e   0x00000002   PAD
    0x08005ea0   0x08005ea0   0x00000104   Code   RO         1151    i.osMemFreeNode     los_memory.o
    0x08005fa4   0x08005fa4   0x0000003e   Code   RO         1152    i.osMemIsNodeValid  los_memory.o
    0x08005fe2   0x08005fe2   0x00000024   Code   RO         1153    i.osMemMergeNode    los_memory.o
    0x08006006   0x08006006   0x00000002   PAD
    0x08006008   0x08006008   0x00000020   Code   RO         1154    i.osMemSetMagicNumAndTaskid  los_memory.o
    0x08006028   0x08006028   0x00000090   Code   RO         1155    i.osMemSpitNode     los_memory.o
    0x080060b8   0x080060b8   0x00000024   Code   RO         1156    i.osMemSystemInit   los_memory.o
    0x080060dc   0x080060dc   0x0000005c   Code   RO          820    i.osMuxInit         los_mux.o
    0x08006138   0x08006138   0x00000048   Code   RO            9    i.osPriqueueInit    los_priqueue.o
    0x08006180   0x08006180   0x00000070   Code   RO          904    i.osQueueCreate     los_queue.o
    0x080061f0   0x080061f0   0x00000038   Code   RO          905    i.osQueueInit       los_queue.o
    0x08006228   0x08006228   0x00000084   Code   RO          908    i.osQueuePend       los_queue.o
    0x080062ac   0x080062ac   0x0000005a   Code   RO          909    i.osQueueWakeUp     los_queue.o
    0x08006306   0x08006306   0x00000002   PAD
    0x08006308   0x08006308   0x0000001c   Code   RO         1631    i.osRegister        los_config.o
    0x08006324   0x08006324   0x00000008   Code   RO         1473    i.osSchedule        los_hw.o
    0x0800632c   0x0800632c   0x00000058   Code   RO         1023    i.osSemInit         los_sem.o
    0x08006384   0x08006384   0x000000ac   Code   RO          238    i.osSwTmrInit       los_swtmr.o
    0x08006430   0x08006430   0x00000060   Code   RO          239    i.osSwTmrStart      los_swtmr.o
    0x08006490   0x08006490   0x00000050   Code   RO          240    i.osSwTmrTask       los_swtmr.o
    0x080064e0   0x080064e0   0x00000048   Code   RO          241    i.osSwTmrTaskCreate  los_swtmr.o
    0x08006528   0x08006528   0x0000008c   Code   RO          242    i.osSwTmrTimeoutHandle  los_swtmr.o
    0x080065b4   0x080065b4   0x00000014   Code   RO          243    i.osSwtmrDelete     los_swtmr.o
    0x080065c8   0x080065c8   0x00000024   Code   RO          244    i.osSwtmrScan       los_swtmr.o
    0x080065ec   0x080065ec   0x000000c0   Code   RO          480    i.osTaskAdd2TimerList  los_task.o
    0x080066ac   0x080066ac   0x000000e8   Code   RO          481    i.osTaskEntry       los_task.o
    0x08006794   0x08006794   0x00000008   Code   RO         1474    i.osTaskExit        los_hw.o
    0x0800679c   0x0800679c   0x00000128   Code   RO          482    i.osTaskInit        los_task.o
    0x080068c4   0x080068c4   0x00000034   Code   RO         1279    i.osTaskMemUsedDec  los_memstat.o
    0x080068f8   0x080068f8   0x0000003c   Code   RO         1280    i.osTaskMemUsedInc  los_memstat.o
    0x08006934   0x08006934   0x000000dc   Code   RO          484    i.osTaskScan        los_task.o
    0x08006a10   0x08006a10   0x000000fc   Code   RO          485    i.osTaskSelfDelete  los_task.o
    0x08006b0c   0x08006b0c   0x0000005c   Code   RO          674    i.osTickHandler     los_tick.o
    0x08006b68   0x08006b68   0x00000070   Code   RO         2042    i.osTickStart       los_bsp_adapter.o
    0x08006bd8   0x08006bd8   0x00000048   Code   RO          486    i.osTimerListDelete  los_task.o
    0x08006c20   0x08006c20   0x0000004c   Code   RO          715    i.osTimesliceCheck  los_timeslice.o
    0x08006c6c   0x08006c6c   0x00000010   Code   RO          716    i.osTimesliceInit   los_timeslice.o
    0x08006c7c   0x08006c7c   0x00000140   Code   RO         1475    i.osTskStackInit    los_hw.o
    0x08006dbc   0x08006dbc   0x00000098   Code   RO         5930    i.partial_display   bsp_elink.o
    0x08006e54   0x08006e54   0x0000000e   Data   RO          675    .constdata          los_tick.o
    0x08006e62   0x08006e62   0x0000004b   Data   RO         1158    .constdata          los_memory.o
    0x08006ead   0x08006ead   0x00000003   PAD
    0x08006eb0   0x08006eb0   0x00000009   Data   RO         2043    .constdata          los_bsp_adapter.o
    0x08006eb9   0x08006eb9   0x0000000e   Data   RO         2276    .constdata          los_bsp_uart.o
    0x08006ec7   0x08006ec7   0x0000002d   Data   RO         3072    .constdata          main.o
    0x08006ef4   0x08006ef4   0x0000060a   Data   RO         3128    .constdata          halldisplay.o
    0x080074fe   0x080074fe   0x00000023   Data   RO         3211    .constdata          hallwifi.o
    0x08007521   0x08007521   0x00000003   PAD
    0x08007524   0x08007524   0x00000048   Data   RO         3241    .constdata          system_stm32l4xx.o
    0x0800756c   0x0800756c   0x00000006   Data   RO         5359    .constdata          stm32l4xx_nucleo.o
    0x08007572   0x08007572   0x0000e9da   Data   RO         5931    .constdata          bsp_elink.o
    0x08015f4c   0x08015f4c   0x0000001a   Data   RO         6105    .constdata          bsp_esp8266.o
    0x08015f66   0x08015f66   0x00000002   PAD
    0x08015f68   0x08015f68   0x00000070   Data   RO         3212    .conststring        hallwifi.o
    0x08015fd8   0x08015fd8   0x00000030   Data   RO         6554    Region$$Table       anon$$obj.o


    Execution Region VECTOR (Exec base: 0x20000000, Load base: 0x08016008, Size: 0x00000400, Max: 0x00000400, ABSOLUTE, COMPRESSED[0x00000020])

    Exec Addr    Load Addr    Size         Type   Attr      Idx    E Section Name        Object

    0x20000000   COMPRESSED   0x00000400   Data   RW         1562    .vector.bss         los_hwi.o


    Execution Region RW_IRAM1 (Exec base: 0x20000400, Load base: 0x08016028, Size: 0x00008b78, Max: 0x00017c00, ABSOLUTE)

    Exec Addr    Load Addr    Size         Type   Attr      Idx    E Section Name        Object

    0x20000400   0x08016028   0x00000004   Data   RW           10    .data               los_priqueue.o
    0x20000404   0x0801602c   0x00000010   Data   RW          247    .data               los_swtmr.o
    0x20000414   0x0801603c   0x00000044   Data   RW          487    .data               los_task.o
    0x20000458   0x08016080   0x00000010   Data   RW          676    .data               los_tick.o
    0x20000468   0x08016090   0x00000008   Data   RW          717    .data               los_timeslice.o
    0x20000470   0x08016098   0x0000000c   Data   RW          821    .data               los_mux.o
    0x2000047c   0x080160a4   0x00000004   Data   RW          910    .data               los_queue.o
    0x20000480   0x080160a8   0x0000000c   Data   RW         1024    .data               los_sem.o
    0x2000048c   0x080160b4   0x00000004   Data   RW         1517    .data               los_hw_tick.o
    0x20000490   0x080160b8   0x00000004   Data   RW         1561    .data               los_hwi.o
    0x20000494   0x080160bc   0x00000008   Data   RW         1632    .data               los_config.o
    0x2000049c   0x080160c4   0x00000004   Data   RW         2044    .data               los_bsp_adapter.o
    0x200004a0   0x080160c8   0x0000000c   Data   RW         2920    .data               los_demo_entry.o
    0x200004ac   0x080160d4   0x00000004   Data   RW         3073    .data               main.o
    0x200004b0   0x080160d8   0x00000004   Data   RW         3242    .data               system_stm32l4xx.o
    0x200004b4   0x080160dc   0x00000004   Data   RW         3308    .data               stm32l4xx_hal.o
    0x200004b8   0x080160e0   0x00000008   Data   RW         5360    .data               stm32l4xx_nucleo.o
    0x200004c0        -       0x000000d0   Zero   RW          246    .bss                los_swtmr.o
    0x20000590        -       0x00008000   Zero   RW         1157    .bss                los_memory.o
    0x20008590        -       0x00000040   Zero   RW         1281    .bss                los_memstat.o
    0x200085d0        -       0x000000f8   Zero   RW         2275    .bss                los_bsp_uart.o
    0x200086c8        -       0x00000030   Zero   RW         3127    .bss                halldisplay.o
    0x200086f8        -       0x0000047c   Zero   RW         6104    .bss                bsp_esp8266.o
    0x20008b74   0x080160e8   0x00000004   PAD
    0x20008b78        -       0x00000400   Zero   RW         3058    STACK               startup_stm32l476xx.o


==============================================================================

Image component sizes


      Code (inc. data)   RO Data    RW Data    ZI Data      Debug   Object Name

      1136         66      59866          0          0      11941   bsp_elink.o
      1316        358         26          0       1148      13228   bsp_esp8266.o
       544         18          0          0          0       2687   bsp_spi.o
        52          4          0          0          0       9358   cmsis_liteos.o
        32          4          0          0          0       1387   eeprom.o
       356          0          0          0          0       2135   hallcommon.o
       690        144       1546          0         48       4985   halldisplay.o
       856        236        147          0          0       1257   hallwifi.o
       278         16          9          4          0      32644   los_bsp_adapter.o
        14          0          0          0          0       1162   los_bsp_key.o
        46          0          0          0          0       1269   los_bsp_led.o
       528         74         14          0        248       4995   los_bsp_uart.o
       430        152          0          8          0       3996   los_config.o
        16          0          0         12          0       2962   los_demo_entry.o
       258         24          0          0          0        408   los_dispatch_keil.o
       400         22          0          0          0       3178   los_hw.o
        68         10          0          4          0       1477   los_hw_tick.o
        56         10          0       1028          0       5290   los_hwi.o
       356         10          0          0          0       4048   los_membox.o
      1514        170         75          0      32768      18017   los_memory.o
       112         24          0          0         64       2081   los_memstat.o
        28          0          0          0          0        656   los_misc.o
       396          4          0          0          0       5280   los_multipledlinkhead.o
       128         18          0         12          0       6032   los_mux.o
       232         22          0          4          0     797746   los_priqueue.o
      1188         72          0          4          0      18665   los_queue.o
       344         26          0         12          0       5734   los_sem.o
       616         84          0         16        208      17669   los_swtmr.o
        40          0          0          0          0        654   los_sys.o
      2318        230          0         68          0      25919   los_task.o
        92         30         14         16          0        981   los_tick.o
        92         16          0          8          0       1397   los_timeslice.o
       322        114         45          4          0       3081   main.o
        36          8        392          0       1024        912   startup_stm32l476xx.o
        68         14          0          4          0       3052   stm32l4xx_hal.o
       264         14          0          0          0      30312   stm32l4xx_hal_cortex.o
        88          0          0          0          0       1091   stm32l4xx_hal_dma.o
       574         40          0          0          0       3790   stm32l4xx_hal_gpio.o
        16          6          0          0          0        596   stm32l4xx_hal_pwr_ex.o
      2552        100          0          0          0       7192   stm32l4xx_hal_rcc.o
      1988         44          0          0          0       4012   stm32l4xx_hal_rcc_ex.o
      2902         66          0          0          0      12568   stm32l4xx_hal_uart.o
         2          0          0          0          0        988   stm32l4xx_hal_uart_ex.o
       102         14          0          0          0       4858   stm32l4xx_it.o
       332         48          6          8          0       4144   stm32l4xx_nucleo.o
        80         12         72          4          0       1409   system_stm32l4xx.o

    ----------------------------------------------------------------------
     23898       2324      62268       1216      35512    1087243   Object Totals
         0          0         48          0          0          0   (incl. Generated)
        40          0          8          0          4          0   (incl. Padding)

    ----------------------------------------------------------------------

      Code (inc. data)   RO Data    RW Data    ZI Data      Debug   Library Member Name

        86          0          0          0          0          0   __dczerorl2.o
         0          0          0          0          0          0   entry.o
         0          0          0          0          0          0   entry10a.o
         0          0          0          0          0          0   entry11a.o
         8          4          0          0          0          0   entry2.o
         4          0          0          0          0          0   entry5.o
         0          0          0          0          0          0   entry7b.o
         0          0          0          0          0          0   entry8b.o
         8          4          0          0          0          0   entry9a.o
        30          0          0          0          0          0   handlers.o
        36          8          0          0          0         68   init.o
         0          0          0          0          0          0   iusefp.o
        30          0          0          0          0         68   llshl.o
        36          0          0          0          0         68   llsshr.o
        32          0          0          0          0         68   llushr.o
        36          0          0          0          0         68   memcpya.o
        36          0          0          0          0        108   memseta.o
      2320         96          0          0          0        604   printfa.o
        14          0          0          0          0         68   strlen.o
        36          0          0          0          0         80   strstr.o
        44          0          0          0          0         80   uidiv.o
       104          0          0          0          0         92   uldiv.o
        48          0          0          0          0         68   cdrcmple.o
       350          0          0          0          0        148   dadd.o
       222          0          0          0          0        100   ddiv.o
       186          0          0          0          0        176   depilogue.o
        48          0          0          0          0         68   dfixul.o
       234          0          0          0          0         96   dmul.o

    ----------------------------------------------------------------------
      3954        112          0          0          0       2028   Library Totals
         6          0          0          0          0          0   (incl. Padding)

    ----------------------------------------------------------------------

      Code (inc. data)   RO Data    RW Data    ZI Data      Debug   Library Name

      2860        112          0          0          0       1372   mc_w.l
      1088          0          0          0          0        656   mf_w.l

    ----------------------------------------------------------------------
      3954        112          0          0          0       2028   Library Totals

    ----------------------------------------------------------------------

==============================================================================


      Code (inc. data)   RO Data    RW Data    ZI Data      Debug   

     27852       2436      62268       1216      35512    1068315   Grand Totals
     27852       2436      62268        224      35512    1068315   ELF Image Totals (compressed)
     27852       2436      62268        224          0          0   ROM Totals

==============================================================================

    Total RO  Size (Code + RO Data)                90120 (  88.01kB)
    Total RW  Size (RW Data + ZI Data)             36728 (  35.87kB)
    Total ROM Size (Code + RO Data + RW Data)      90344 (  88.23kB)

==============================================================================

