Component: ARM Compiler 5.06 update 5 (build 528) Tool: armlink [4d35e2]

==============================================================================

Section Cross References

    los_priqueue.o(i.LOS_PriqueueEnqueue) refers to los_priqueue.o(.data) for g_pstLosPriorityQueueList
    los_priqueue.o(i.LOS_PriqueueSize) refers to los_priqueue.o(.data) for g_pstLosPriorityQueueList
    los_priqueue.o(i.LOS_PriqueueTop) refers to los_priqueue.o(.data) for g_pstLosPriorityQueueList
    los_priqueue.o(i.LOS_PriqueueTotalSize) refers to los_priqueue.o(i.LOS_PriqueueSize) for LOS_PriqueueSize
    los_priqueue.o(i.osPriqueueInit) refers to los_memory.o(i.LOS_MemAlloc) for LOS_MemAlloc
    los_priqueue.o(i.osPriqueueInit) refers to los_config.o(.data) for m_aucSysMem0
    los_priqueue.o(i.osPriqueueInit) refers to los_priqueue.o(.data) for g_pstLosPriorityQueueList
    los_swtmr.o(i.LOS_SwtmrCreate) refers to los_dispatch_keil.o(.text) for LOS_IntLock
    los_swtmr.o(i.LOS_SwtmrCreate) refers to los_swtmr.o(.data) for m_pstSwtmrFreeList
    los_swtmr.o(i.LOS_SwtmrDelete) refers to los_dispatch_keil.o(.text) for LOS_IntLock
    los_swtmr.o(i.LOS_SwtmrDelete) refers to los_swtmr.o(i.osSwtmrStop) for osSwtmrStop
    los_swtmr.o(i.LOS_SwtmrDelete) refers to los_swtmr.o(i.osSwtmrDelete) for osSwtmrDelete
    los_swtmr.o(i.LOS_SwtmrDelete) refers to los_swtmr.o(.data) for m_pstSwtmrCBArray
    los_swtmr.o(i.LOS_SwtmrStart) refers to los_dispatch_keil.o(.text) for LOS_IntLock
    los_swtmr.o(i.LOS_SwtmrStart) refers to los_swtmr.o(i.osSwtmrStop) for osSwtmrStop
    los_swtmr.o(i.LOS_SwtmrStart) refers to los_swtmr.o(i.osSwTmrStart) for osSwTmrStart
    los_swtmr.o(i.LOS_SwtmrStart) refers to los_swtmr.o(.data) for m_pstSwtmrCBArray
    los_swtmr.o(i.LOS_SwtmrStop) refers to los_dispatch_keil.o(.text) for LOS_IntLock
    los_swtmr.o(i.LOS_SwtmrStop) refers to los_swtmr.o(i.osSwtmrStop) for osSwtmrStop
    los_swtmr.o(i.LOS_SwtmrStop) refers to los_swtmr.o(.data) for m_pstSwtmrCBArray
    los_swtmr.o(i.osSwTmrAdjust) refers to los_swtmr.o(i.osSwTmrTimeoutHandle) for osSwTmrTimeoutHandle
    los_swtmr.o(i.osSwTmrAdjust) refers to los_swtmr.o(.data) for m_pstSwtmrSortList
    los_swtmr.o(i.osSwTmrGetNextTimeout) refers to los_swtmr.o(.data) for m_pstSwtmrSortList
    los_swtmr.o(i.osSwTmrInit) refers to los_memory.o(i.LOS_MemAlloc) for LOS_MemAlloc
    los_swtmr.o(i.osSwTmrInit) refers to memseta.o(.text) for __aeabi_memclr4
    los_swtmr.o(i.osSwTmrInit) refers to los_membox.o(i.LOS_MemboxInit) for LOS_MemboxInit
    los_swtmr.o(i.osSwTmrInit) refers to los_queue.o(i.LOS_QueueCreate) for LOS_QueueCreate
    los_swtmr.o(i.osSwTmrInit) refers to los_swtmr.o(i.osSwTmrTaskCreate) for osSwTmrTaskCreate
    los_swtmr.o(i.osSwTmrInit) refers to los_swtmr.o(.data) for m_pstSwtmrSortList
    los_swtmr.o(i.osSwTmrInit) refers to los_config.o(.data) for m_aucSysMem0
    los_swtmr.o(i.osSwTmrInit) refers to los_swtmr.o(.bss) for m_aucSwTmrHandlerPool
    los_swtmr.o(i.osSwTmrStart) refers to los_swtmr.o(.data) for m_pstSwtmrSortList
    los_swtmr.o(i.osSwTmrTask) refers to los_queue.o(i.LOS_QueueRead) for LOS_QueueRead
    los_swtmr.o(i.osSwTmrTask) refers to los_membox.o(i.LOS_MemboxFree) for LOS_MemboxFree
    los_swtmr.o(i.osSwTmrTask) refers to los_swtmr.o(.data) for m_uwSwTmrHandlerQueue
    los_swtmr.o(i.osSwTmrTask) refers to los_swtmr.o(.bss) for m_aucSwTmrHandlerPool
    los_swtmr.o(i.osSwTmrTaskCreate) refers to memseta.o(.text) for __aeabi_memclr4
    los_swtmr.o(i.osSwTmrTaskCreate) refers to los_task.o(i.LOS_TaskCreate) for LOS_TaskCreate
    los_swtmr.o(i.osSwTmrTaskCreate) refers to los_swtmr.o(i.osSwTmrTask) for osSwTmrTask
    los_swtmr.o(i.osSwTmrTaskCreate) refers to los_task.o(.data) for g_uwSwtmrTaskID
    los_swtmr.o(i.osSwTmrTimeoutHandle) refers to los_membox.o(i.LOS_MemboxAlloc) for LOS_MemboxAlloc
    los_swtmr.o(i.osSwTmrTimeoutHandle) refers to los_queue.o(i.LOS_QueueWrite) for LOS_QueueWrite
    los_swtmr.o(i.osSwTmrTimeoutHandle) refers to los_membox.o(i.LOS_MemboxFree) for LOS_MemboxFree
    los_swtmr.o(i.osSwTmrTimeoutHandle) refers to los_swtmr.o(i.osSwtmrDelete) for osSwtmrDelete
    los_swtmr.o(i.osSwTmrTimeoutHandle) refers to los_swtmr.o(i.osSwTmrStart) for osSwTmrStart
    los_swtmr.o(i.osSwTmrTimeoutHandle) refers to los_swtmr.o(.data) for m_pstSwtmrSortList
    los_swtmr.o(i.osSwTmrTimeoutHandle) refers to los_swtmr.o(.bss) for m_aucSwTmrHandlerPool
    los_swtmr.o(i.osSwtmrDelete) refers to los_swtmr.o(.data) for m_pstSwtmrFreeList
    los_swtmr.o(i.osSwtmrScan) refers to los_swtmr.o(i.osSwTmrTimeoutHandle) for osSwTmrTimeoutHandle
    los_swtmr.o(i.osSwtmrScan) refers to los_swtmr.o(.data) for m_pstSwtmrSortList
    los_swtmr.o(i.osSwtmrStop) refers to los_swtmr.o(.data) for m_pstSwtmrSortList
    los_sys.o(i.LOS_MS2Tick) refers to uldiv.o(.text) for __aeabi_uldivmod
    los_sys.o(i.LOS_Reboot) refers to los_dispatch_keil.o(.text) for LOS_IntLock
[...]
    i.LOS_TaskLock                           0x08003080   Section        0  los_task.o(i.LOS_TaskLock)
    i.LOS_TaskUnlock                         0x080030a0   Section        0  los_task.o(i.LOS_TaskUnlock)
    i.LOS_TaskYield                          0x080030dc   Section        0  los_task.o(i.LOS_TaskYield)
    i.LOS_TickHandler                        0x08003160   Section        0  los_hw_tick.o(i.LOS_TickHandler)
    i.LosAdapIntInit                         0x08003198   Section        0  los_bsp_adapter.o(i.LosAdapIntInit)
    i.MemManage_Handler                      0x0800319a   Section        0  stm32l4xx_it.o(i.MemManage_Handler)
    i.NMI_Handler                            0x0800319e   Section        0  stm32l4xx_it.o(i.NMI_Handler)
    i.NVIC_GetPriorityGrouping               0x080031a0   Section        0  stm32l4xx_hal_cortex.o(i.NVIC_GetPriorityGrouping)
    NVIC_GetPriorityGrouping                 0x080031a1   Thumb Code    10  stm32l4xx_hal_cortex.o(i.NVIC_GetPriorityGrouping)
    i.NVIC_SetPriority                       0x080031b0   Section        0  stm32l4xx_hal_cortex.o(i.NVIC_SetPriority)
    NVIC_SetPriority                         0x080031b1   Thumb Code    32  stm32l4xx_hal_cortex.o(i.NVIC_SetPriority)
    i.RCCEx_PLLSAI1_Config                   0x080031d8   Section        0  stm32l4xx_hal_rcc_ex.o(i.RCCEx_PLLSAI1_Config)
    RCCEx_PLLSAI1_Config                     0x080031d9   Thumb Code   380  stm32l4xx_hal_rcc_ex.o(i.RCCEx_PLLSAI1_Config)
    i.RCCEx_PLLSAI2_Config                   0x08003364   Section        0  stm32l4xx_hal_rcc_ex.o(i.RCCEx_PLLSAI2_Config)
    RCCEx_PLLSAI2_Config                     0x08003365   Thumb Code   342  stm32l4xx_hal_rcc_ex.o(i.RCCEx_PLLSAI2_Config)
    i.RCC_SetFlashLatencyFromMSIRange        0x080034c8   Section        0  stm32l4xx_hal_rcc.o(i.RCC_SetFlashLatencyFromMSIRange)
    RCC_SetFlashLatencyFromMSIRange          0x080034c9   Thumb Code   150  stm32l4xx_hal_rcc.o(i.RCC_SetFlashLatencyFromMSIRange)
    i.SPI4W_WRITECOM                         0x08003568   Section        0  bsp_spi.o(i.SPI4W_WRITECOM)
    i.SPI4W_WRITEDATA                        0x08003608   Section        0  bsp_spi.o(i.SPI4W_WRITEDATA)
    i.SVC_Handler                            0x080036a8   Section        0  stm32l4xx_it.o(i.SVC_Handler)
    i.SysTick_Handler                        0x080036aa   Section        0  los_bsp_adapter.o(i.SysTick_Handler)
    i.SystemClock_Config                     0x080036b6   Section        0  los_bsp_adapter.o(i.SystemClock_Config)
    SystemClock_Config                       0x080036b7   Thumb Code   108  los_bsp_adapter.o(i.SystemClock_Config)
    i.SystemInit                             0x08003724   Section        0  system_stm32l4xx.o(i.SystemInit)
    i.UART_AdvFeatureConfig                  0x08003774   Section        0  stm32l4xx_hal_uart.o(i.UART_AdvFeatureConfig)
    i.UART_CheckIdleState                    0x0800386c   Section        0  stm32l4xx_hal_uart.o(i.UART_CheckIdleState)
    i.UART_SetConfig                         0x080038e0   Section        0  stm32l4xx_hal_uart.o(i.UART_SetConfig)
    i.UART_WaitOnFlagUntilTimeout            0x08003d72   Section        0  stm32l4xx_hal_uart.o(i.UART_WaitOnFlagUntilTimeout)
    i.UsageFault_Handler                     0x08003dde   Section        0  stm32l4xx_it.o(i.UsageFault_Handler)
    i.__0printf                              0x08003de4   Section        0  printfa.o(i.__0printf)
    i.__scatterload_copy                     0x08003e04   Section       14  handlers.o(i.__scatterload_copy)
    i.__scatterload_null                     0x08003e12   Section        2  handlers.o(i.__scatterload_null)
    i.__scatterload_zeroinit                 0x08003e14   Section       14  handlers.o(i.__scatterload_zeroinit)
    i._fp_digits                             0x08003e24   Section        0  printfa.o(i._fp_digits)
    _fp_digits                               0x08003e25   Thumb Code   366  printfa.o(i._fp_digits)
    i._printf_core                           0x08003fb0   Section        0  printfa.o(i._printf_core)
    _printf_core                             0x08003fb1   Thumb Code  1744  printfa.o(i._printf_core)
    i._printf_post_padding                   0x08004692   Section        0  printfa.o(i._printf_post_padding)
    _printf_post_padding                     0x08004693   Thumb Code    36  printfa.o(i._printf_post_padding)
    i._printf_pre_padding                    0x080046b6   Section        0  printfa.o(i._printf_pre_padding)
    _printf_pre_padding                      0x080046b7   Thumb Code    46  printfa.o(i._printf_pre_padding)
    i.delay_us                               0x080046e4   Section        0  los_bsp_adapter.o(i.delay_us)
    i.display_white                          0x080046fc   Section        0  bsp_elink.o(i.display_white)
    i.elink_booster_soft_start               0x0800473c   Section        0  bsp_elink.o(i.elink_booster_soft_start)
    i.elink_check_busy_status                0x080047bc   Section        0  bsp_elink.o(i.elink_check_busy_status)
    i.elink_display_init                     0x080047ec   Section        0  bsp_elink.o(i.elink_display_init)
    i.elink_epd_w21_reset                    0x08004a2c   Section        0  bsp_elink.o(i.elink_epd_w21_reset)
    i.elink_framebuffer_display              0x08004acc   Section        0  bsp_elink.o(i.elink_framebuffer_display)
    i.elink_lcd_gpio_config                  0x08004bac   Section        0  bsp_elink.o(i.elink_lcd_gpio_config)
    i.elink_soft_deep_sleep                  0x08004c54   Section        0  bsp_elink.o(i.elink_soft_deep_sleep)
    i.elink_soft_disp_refresh                0x08004c64   Section        0  bsp_elink.o(i.elink_soft_disp_refresh)
    i.elink_soft_panel_set                   0x08004c6e   Section        0  bsp_elink.o(i.elink_soft_panel_set)
    i.elink_soft_power_switch                0x08004c84   Section        0  bsp_elink.o(i.elink_soft_power_switch)
    i.elink_soft_vcom_set                    0x08004c9a   Section        0  bsp_elink.o(i.elink_soft_vcom_set)
    i.elink_spi_gpio_config                  0x08004cac   Section        0  bsp_spi.o(i.elink_spi_gpio_config)
    i.fputc                                  0x08004d8c   Section        0  los_demo_entry.o(i.fputc)
    i.lut                                    0x08004d9c   Section        0  bsp_elink.o(i.lut)
    i.lut1                                   0x08004e2c   Section        0  bsp_elink.o(i.lut1)
    i.main                                   0x08004ebc   Section        0  main.o(i.main)
    i.osDelay                                0x08004ee8   Section        0  cmsis_liteos.o(i.osDelay)
    i.osHwiDefaultHandler                    0x08004f1c   Section        0  los_hwi.o(i.osHwiDefaultHandler)
    i.osHwiInit                              0x08004f24   Section        0  los_hwi.o(i.osHwiInit)
    i.osIdleTask                             0x08004f48   Section        0  los_task.o(i.osIdleTask)
    i.osIdleTaskCreate                       0x08004f4c   Section        0  los_task.o(i.osIdleTaskCreate)
    i.osIntNumGet                            0x08004f98   Section        0  los_hwi.o(i.osIntNumGet)
    i.osMain                                 0x08004fa4   Section        0  los_config.o(i.osMain)
    i.osMemAllocWithCheck                    0x080050d4   Section        0  los_memory.o(i.osMemAllocWithCheck)
    osMemAllocWithCheck                      0x080050d5   Thumb Code   118  los_memory.o(i.osMemAllocWithCheck)
    i.osMemCheckUsedNode                     0x08005198   Section        0  los_memory.o(i.osMemCheckUsedNode)
    osMemCheckUsedNode                       0x08005199   Thumb Code   152  los_memory.o(i.osMemCheckUsedNode)
    i.osMemFindSuitableFreeBlock             0x08005236   Section        0  los_memory.o(i.osMemFindSuitableFreeBlock)
    osMemFindSuitableFreeBlock               0x08005237   Thumb Code    80  los_memory.o(i.osMemFindSuitableFreeBlock)
    i.osMemFreeNode                          0x08005288   Section        0  los_memory.o(i.osMemFreeNode)
    osMemFreeNode                            0x08005289   Thumb Code   234  los_memory.o(i.osMemFreeNode)
    i.osMemIsNodeValid                       0x0800538c   Section        0  los_memory.o(i.osMemIsNodeValid)
    osMemIsNodeValid                         0x0800538d   Thumb Code    62  los_memory.o(i.osMemIsNodeValid)
    i.osMemMergeNode                         0x080053ca   Section        0  los_memory.o(i.osMemMergeNode)
    osMemMergeNode                           0x080053cb   Thumb Code    36  los_memory.o(i.osMemMergeNode)
    i.osMemSetMagicNumAndTaskid              0x080053f0   Section        0  los_memory.o(i.osMemSetMagicNumAndTaskid)
    osMemSetMagicNumAndTaskid                0x080053f1   Thumb Code    28  los_memory.o(i.osMemSetMagicNumAndTaskid)
    i.osMemSpitNode                          0x08005410   Section        0  los_memory.o(i.osMemSpitNode)
    osMemSpitNode                            0x08005411   Thumb Code   118  los_memory.o(i.osMemSpitNode)
    i.osMemSystemInit                        0x080054a0   Section        0  los_memory.o(i.osMemSystemInit)
    i.osMuxInit                              0x080054c4   Section        0  los_mux.o(i.osMuxInit)
    i.osPriqueueInit                         0x08005520   Section        0  los_priqueue.o(i.osPriqueueInit)
    i.osQueueCreate                          0x08005568   Section        0  los_queue.o(i.osQueueCreate)
    i.osQueueInit                            0x080055d8   Section        0  los_queue.o(i.osQueueInit)
    i.osQueuePend                            0x08005610   Section        0  los_queue.o(i.osQueuePend)
    osQueuePend                              0x08005611   Thumb Code   132  los_queue.o(i.osQueuePend)
    i.osQueueWakeUp                          0x08005694   Section        0  los_queue.o(i.osQueueWakeUp)
    osQueueWakeUp                            0x08005695   Thumb Code    90  los_queue.o(i.osQueueWakeUp)
    i.osRegister                             0x080056f0   Section        0  los_config.o(i.osRegister)
    i.osSchedule                             0x0800570c   Section        0  los_hw.o(i.osSchedule)
    i.osSemInit                              0x08005714   Section        0  los_sem.o(i.osSemInit)
    i.osSwTmrInit                            0x0800576c   Section        0  los_swtmr.o(i.osSwTmrInit)
    i.osSwTmrStart                           0x08005818   Section        0  los_swtmr.o(i.osSwTmrStart)
    i.osSwTmrTask                            0x08005878   Section        0  los_swtmr.o(i.osSwTmrTask)
    i.osSwTmrTaskCreate                      0x080058c8   Section        0  los_swtmr.o(i.osSwTmrTaskCreate)
    i.osSwTmrTimeoutHandle                   0x08005910   Section        0  los_swtmr.o(i.osSwTmrTimeoutHandle)
    osSwTmrTimeoutHandle                     0x08005911   Thumb Code   128  los_swtmr.o(i.osSwTmrTimeoutHandle)
    i.osSwtmrDelete                          0x0800599c   Section        0  los_swtmr.o(i.osSwtmrDelete)
    osSwtmrDelete                            0x0800599d   Thumb Code    16  los_swtmr.o(i.osSwtmrDelete)
    i.osSwtmrScan                            0x080059b0   Section        0  los_swtmr.o(i.osSwtmrScan)
    i.osTaskAdd2TimerList                    0x080059d4   Section        0  los_task.o(i.osTaskAdd2TimerList)
    i.osTaskEntry                            0x08005a94   Section        0  los_task.o(i.osTaskEntry)
    i.osTaskExit                             0x08005b7c   Section        0  los_hw.o(i.osTaskExit)
    i.osTaskInit                             0x08005b84   Section        0  los_task.o(i.osTaskInit)
    i.osTaskMemUsedDec                       0x08005cac   Section        0  los_memstat.o(i.osTaskMemUsedDec)
    i.osTaskMemUsedInc                       0x08005ce0   Section        0  los_memstat.o(i.osTaskMemUsedInc)
    i.osTaskScan                             0x08005d1c   Section        0  los_task.o(i.osTaskScan)
    i.osTaskSelfDelete                       0x08005df8   Section        0  los_task.o(i.osTaskSelfDelete)
    i.osTickHandler                          0x08005ef4   Section        0  los_tick.o(i.osTickHandler)
    i.osTickStart                            0x08005f50   Section        0  los_bsp_adapter.o(i.osTickStart)
    i.osTimerListDelete                      0x08005fc0   Section        0  los_task.o(i.osTimerListDelete)
    i.osTimesliceCheck                       0x08006008   Section        0  los_timeslice.o(i.osTimesliceCheck)
    i.osTimesliceInit                        0x08006054   Section        0  los_timeslice.o(i.osTimesliceInit)
    i.osTskStackInit                         0x08006064   Section        0  los_hw.o(i.osTskStackInit)
    i.partial_display                        0x080061a4   Section        0  bsp_elink.o(i.partial_display)
    .constdata                               0x0800636e   Section       14  los_tick.o(.constdata)
    __FUNCTION__                             0x0800636e   Data          14  los_tick.o(.constdata)
    .constdata                               0x0800637c   Section       75  los_memory.o(.constdata)
    __FUNCTION__                             0x0800637c   Data          14  los_memory.o(.constdata)
    __FUNCTION__                             0x0800638a   Data          14  los_memory.o(.constdata)
    __FUNCTION__                             0x08006398   Data          20  los_memory.o(.constdata)
    __FUNCTION__                             0x080063ac   Data          12  los_memory.o(.constdata)
    __FUNCTION__                             0x080063b8   Data          15  los_memory.o(.constdata)
    .constdata                               0x080063c8   Section        9  los_bsp_adapter.o(.constdata)
    .constdata                               0x080063d1   Section       23  los_bsp_key.o(.constdata)
    __FUNCTION__                             0x080063d1   Data          23  los_bsp_key.o(.constdata)
    .constdata                               0x080063e8   Section       14  los_bsp_uart.o(.constdata)
    __FUNCTION__                             0x080063e8   Data          14  los_bsp_uart.o(.constdata)
    .constdata                               0x080063f6   Section       45  main.o(.constdata)
    __FUNCTION__                             0x080063f6   Data          23  main.o(.constdata)
    __FUNCTION__                             0x0800640d   Data          22  main.o(.constdata)
    .constdata                               0x08006423   Section     1546  halldisplay.o(.constdata)
    __FUNCTION__                             0x08006a13   Data          26  halldisplay.o(.constdata)
    .constdata                               0x08006a30   Section       72  system_stm32l4xx.o(.constdata)
    .constdata                               0x08006a78   Section        6  stm32l4xx_nucleo.o(.constdata)
    .constdata                               0x08006a7e   Section    59972  bsp_elink.o(.constdata)
    __FUNCTION__                             0x08015458   Data          20  bsp_elink.o(.constdata)
    __FUNCTION__                             0x0801546c   Data          25  bsp_elink.o(.constdata)
    __FUNCTION__                             0x08015485   Data          26  bsp_elink.o(.constdata)
    __FUNCTION__                             0x0801549f   Data          19  bsp_elink.o(.constdata)
    __FUNCTION__                             0x080154b2   Data          16  bsp_elink.o(.constdata)
    .vector.bss                              0x20000000   Section     1024  los_hwi.o(.vector.bss)
    .data                                    0x20000400   Section        4  los_priqueue.o(.data)
    .data                                    0x20000404   Section       16  los_swtmr.o(.data)
    m_uwSwTmrHandlerQueue                    0x20000404   Data           4  los_swtmr.o(.data)
    .data                                    0x20000414   Section       68  los_task.o(.data)
    .data                                    0x20000458   Section       16  los_tick.o(.data)
    .data                                    0x20000468   Section        8  los_timeslice.o(.data)
    .data                                    0x20000470   Section       12  los_mux.o(.data)
    .data                                    0x2000047c   Section        4  los_queue.o(.data)
    .data                                    0x20000480   Section       12  los_sem.o(.data)
    .data                                    0x2000048c   Section        4  los_hw_tick.o(.data)
    .data                                    0x20000490   Section        4  los_hwi.o(.data)
    .data                                    0x20000494   Section        8  los_config.o(.data)
    .data                                    0x2000049c   Section        4  los_bsp_adapter.o(.data)
    g_ucycle_per_tick                        0x2000049c   Data           4  los_bsp_adapter.o(.data)
    .data                                    0x200004a0   Section       12  los_demo_entry.o(.data)
    g_uwDemoTaskID                           0x200004a0   Data           4  los_demo_entry.o(.data)
    .data                                    0x200004ac   Section        4  main.o(.data)
    g_uwboadTaskID                           0x200004ac   Data           4  main.o(.data)
    .data                                    0x200004b0   Section        4  system_stm32l4xx.o(.data)
    .data                                    0x200004b4   Section        4  stm32l4xx_hal.o(.data)
    .data                                    0x200004b8   Section        8  stm32l4xx_nucleo.o(.data)
    .bss                                     0x200004c0   Section      208  los_swtmr.o(.bss)
    .bss                                     0x20000590   Section    32768  los_memory.o(.bss)
    .bss                                     0x20008590   Section       64  los_memstat.o(.bss)
    .bss                                     0x200085d0   Section      248  los_bsp_uart.o(.bss)
    _buffer                                  0x20008648   Data         128  los_bsp_uart.o(.bss)
    .bss                                     0x200086c8   Section       48  halldisplay.o(.bss)
    STACK                                    0x200086f8   Section     1024  startup_stm32l476xx.o(STACK)

    Global Symbols

    Symbol Name                              Value     Ov Type        Size  Object(Section)

    BuildAttributes$$THM_ISAv4$E$P$D$K$B$S$7EM$VFPi3$EXTD16$VFPS$VFMA$PE$A:L22UL41UL21$X:L11$S22US41US21$IEEE1$IW$USESV6$~STKCKD$USESV7$~SHL$OSPACE$ROPI$EBA8$MICROLIB$REQ8$PRES8$EABIv2 0x00000000   Number         0  anon$$obj.o ABSOLUTE
    __ARM_use_no_argv                        0x00000000   Number         0  main.o ABSOLUTE
    _printf_a                                0x00000000   Number         0  stubs.o ABSOLUTE
    _printf_c                                0x00000000   Number         0  stubs.o ABSOLUTE
    _printf_charcount                        0x00000000   Number         0  stubs.o ABSOLUTE
    _printf_d                                0x00000000   Number         0  stubs.o ABSOLUTE
    _printf_e                                0x00000000   Number         0  stubs.o ABSOLUTE
    _printf_f                                0x00000000   Number         0  stubs.o ABSOLUTE
    _printf_flags                            0x00000000   Number         0  stubs.o ABSOLUTE
    _printf_fp_dec                           0x00000000   Number         0  stubs.o ABSOLUTE
    _printf_fp_hex                           0x00000000   Number         0  stubs.o ABSOLUTE
    _printf_g                                0x00000000   Number         0  stubs.o ABSOLUTE
    _printf_i                                0x00000000   Number         0  stubs.o ABSOLUTE
    _printf_int_dec                          0x00000000   Number         0  stubs.o ABSOLUTE
    _printf_l                                0x00000000   Number         0  stubs.o ABSOLUTE
    _printf_lc                               0x00000000   Number         0  stubs.o ABSOLUTE
    _printf_ll                               0x00000000   Number         0  stubs.o ABSOLUTE
    _printf_lld                              0x00000000   Number         0  stubs.o ABSOLUTE
    _printf_lli                              0x00000000   Number         0  stubs.o ABSOLUTE
    _printf_llo                              0x00000000   Number         0  stubs.o ABSOLUTE
    _printf_llu                              0x00000000   Number         0  stubs.o ABSOLUTE
    _printf_llx                              0x00000000   Number         0  stubs.o ABSOLUTE
    _printf_longlong_dec                     0x00000000   Number         0  stubs.o ABSOLUTE
    _printf_longlong_hex                     0x00000000   Number         0  stubs.o ABSOLUTE
    _printf_longlong_oct                     0x00000000   Number         0  stubs.o ABSOLUTE
    _printf_ls                               0x00000000   Number         0  stubs.o ABSOLUTE
    _printf_mbtowc                           0x00000000   Number         0  stubs.o ABSOLUTE
    _printf_n                                0x00000000   Number         0  stubs.o ABSOLUTE
    _printf_o                                0x00000000   Number         0  stubs.o ABSOLUTE
    _printf_p                                0x00000000   Number         0  stubs.o ABSOLUTE
    _printf_percent                          0x00000000   Number         0  stubs.o ABSOLUTE
    _printf_pre_padding                      0x00000000   Number         0  stubs.o ABSOLUTE
    _printf_return_value                     0x00000000   Number         0  stubs.o ABSOLUTE
    _printf_s                                0x00000000   Number         0  stubs.o ABSOLUTE
    _printf_sizespec                         0x00000000   Number         0  stubs.o ABSOLUTE
    _printf_str                              0x00000000   Number         0  stubs.o ABSOLUTE
    _printf_truncate_signed                  0x00000000   Number         0  stubs.o ABSOLUTE
    _printf_truncate_unsigned                0x00000000   Number         0  stubs.o ABSOLUTE
    _printf_u                                0x00000000   Number         0  stubs.o ABSOLUTE
    _printf_wc                               0x00000000   Number         0  stubs.o ABSOLUTE
    _printf_wctomb                           0x00000000   Number         0  stubs.o ABSOLUTE
    _printf_widthprec                        0x00000000   Number         0  stubs.o ABSOLUTE
    _printf_x                                0x00000000   Number         0  stubs.o ABSOLUTE
    __cpp_initialize__aeabi_                  - Undefined Weak Reference
    __cxa_finalize                            - Undefined Weak Reference
    _clock_init                               - Undefined Weak Reference
    _microlib_exit                            - Undefined Weak Reference
    __Vectors_Size                           0x00000188   Number         0  startup_stm32l476xx.o ABSOLUTE
    __Vectors                                0x08000000   Data           4  startup_stm32l476xx.o(RESET)
    __Vectors_End                            0x08000188   Data           0  startup_stm32l476xx.o(RESET)
    __main                                   0x08000189   Thumb Code     0  entry.o(.ARM.Collect$$$$00000000)
    _main_stk                                0x08000189   Thumb Code     0  entry2.o(.ARM.Collect$$$$00000001)
    _main_scatterload                        0x0800018d   Thumb Code     0  entry5.o(.ARM.Collect$$$$00000004)
    __main_after_scatterload                 0x08000191   Thumb Code     0  entry5.o(.ARM.Collect$$$$00000004)
    _main_clock                              0x08000191   Thumb Code     0  entry7b.o(.ARM.Collect$$$$00000008)
    _main_cpp_init                           0x08000191   Thumb Code     0  entry8b.o(.ARM.Collect$$$$0000000A)
    _main_init                               0x08000191   Thumb Code     0  entry9a.o(.ARM.Collect$$$$0000000B)
    __rt_final_cpp                           0x08000199   Thumb Code     0  entry10a.o(.ARM.Collect$$$$0000000D)
    __rt_final_exit                          0x08000199   Thumb Code     0  entry11a.o(.ARM.Collect$$$$0000000F)
    LOS_StartToRun                           0x0800019d   Thumb Code     0  los_dispatch_keil.o(.text)
    LOS_IntNumGet                            0x080001ed   Thumb Code     0  los_dispatch_keil.o(.text)
    osDisableIRQ                             0x080001f3   Thumb Code     0  los_dispatch_keil.o(.text)
    LOS_IntLock                              0x080001f7   Thumb Code     0  los_dispatch_keil.o(.text)
    LOS_IntUnLock                            0x080001ff   Thumb Code     0  los_dispatch_keil.o(.text)
    LOS_IntRestore                           0x08000207   Thumb Code     0  los_dispatch_keil.o(.text)
    osTaskSchedule                           0x0800020d   Thumb Code     0  los_dispatch_keil.o(.text)
    PendSV_Handler                           0x08000217   Thumb Code     0  los_dispatch_keil.o(.text)
    Reset_Handler                            0x080002a1   Thumb Code     8  startup_stm32l476xx.o(.text)
    ADC1_2_IRQHandler                        0x080002bb   Thumb Code     0  startup_stm32l476xx.o(.text)
    ADC3_IRQHandler                          0x080002bb   Thumb Code     0  startup_stm32l476xx.o(.text)
    CAN1_RX0_IRQHandler                      0x080002bb   Thumb Code     0  startup_stm32l476xx.o(.text)
    CAN1_RX1_IRQHandler                      0x080002bb   Thumb Code     0  startup_stm32l476xx.o(.text)
    CAN1_SCE_IRQHandler                      0x080002bb   Thumb Code     0  startup_stm32l476xx.o(.text)
    CAN1_TX_IRQHandler                       0x080002bb   Thumb Code     0  startup_stm32l476xx.o(.text)
    COMP_IRQHandler                          0x080002bb   Thumb Code     0  startup_stm32l476xx.o(.text)
    DFSDM1_FLT0_IRQHandler                   0x080002bb   Thumb Code     0  startup_stm32l476xx.o(.text)
    DFSDM1_FLT1_IRQHandler                   0x080002bb   Thumb Code     0  startup_stm32l476xx.o(.text)
    DFSDM1_FLT2_IRQHandler                   0x080002bb   Thumb Code     0  startup_stm32l476xx.o(.text)
    DFSDM1_FLT3_IRQHandler                   0x080002bb   Thumb Code     0  startup_stm32l476xx.o(.text)
    DMA1_Channel1_IRQHandler                 0x080002bb   Thumb Code     0  startup_stm32l476xx.o(.text)
    DMA1_Channel2_IRQHandler                 0x080002bb   Thumb Code     0  startup_stm32l476xx.o(.text)
    DMA1_Channel3_IRQHandler                 0x080002bb   Thumb Code     0  startup_stm32l476xx.o(.text)
    DMA1_Channel4_IRQHandler                 0x080002bb   Thumb Code     0  startup_stm32l476xx.o(.text)
    DMA1_Channel5_IRQHandler                 0x080002bb   Thumb Code     0  startup_stm32l476xx.o(.text)
    DMA1_Channel6_IRQHandler                 0x080002bb   Thumb Code     0  startup_stm32l476xx.o(.text)
    DMA1_Channel7_IRQHandler                 0x080002bb   Thumb Code     0  startup_stm32l476xx.o(.text)
    DMA2_Channel1_IRQHandler                 0x080002bb   Thumb Code     0  startup_stm32l476xx.o(.text)
    DMA2_Channel2_IRQHandler                 0x080002bb   Thumb Code     0  startup_stm32l476xx.o(.text)
    DMA2_Channel3_IRQHandler                 0x080002bb   Thumb Code     0  startup_stm32l476xx.o(.text)
    DMA2_Channel4_IRQHandler                 0x080002bb   Thumb Code     0  startup_stm32l476xx.o(.text)
    DMA2_Channel5_IRQHandler                 0x080002bb   Thumb Code     0  startup_stm32l476xx.o(.text)
    DMA2_Channel6_IRQHandler                 0x080002bb   Thumb Code     0  startup_stm32l476xx.o(.text)
    DMA2_Channel7_IRQHandler                 0x080002bb   Thumb Code     0  startup_stm32l476xx.o(.text)
    EXTI0_IRQHandler                         0x080002bb   Thumb Code     0  startup_stm32l476xx.o(.text)
    EXTI1_IRQHandler                         0x080002bb   Thumb Code     0  startup_stm32l476xx.o(.text)
    EXTI2_IRQHandler                         0x080002bb   Thumb Code     0  startup_stm32l476xx.o(.text)
    EXTI3_IRQHandler                         0x080002bb   Thumb Code     0  startup_stm32l476xx.o(.text)
    EXTI4_IRQHandler                         0x080002bb   Thumb Code     0  startup_stm32l476xx.o(.text)
    EXTI9_5_IRQHandler                       0x080002bb   Thumb Code     0  startup_stm32l476xx.o(.text)
    FLASH_IRQHandler                         0x080002bb   Thumb Code     0  startup_stm32l476xx.o(.text)
    FMC_IRQHandler                           0x080002bb   Thumb Code     0  startup_stm32l476xx.o(.text)
    FPU_IRQHandler                           0x080002bb   Thumb Code     0  startup_stm32l476xx.o(.text)
    I2C1_ER_IRQHandler                       0x080002bb   Thumb Code     0  startup_stm32l476xx.o(.text)
    I2C1_EV_IRQHandler                       0x080002bb   Thumb Code     0  startup_stm32l476xx.o(.text)
    I2C2_ER_IRQHandler                       0x080002bb   Thumb Code     0  startup_stm32l476xx.o(.text)
    I2C2_EV_IRQHandler                       0x080002bb   Thumb Code     0  startup_stm32l476xx.o(.text)
    I2C3_ER_IRQHandler                       0x080002bb   Thumb Code     0  startup_stm32l476xx.o(.text)
    I2C3_EV_IRQHandler                       0x080002bb   Thumb Code     0  startup_stm32l476xx.o(.text)
    LCD_IRQHandler                           0x080002bb   Thumb Code     0  startup_stm32l476xx.o(.text)
    LPTIM1_IRQHandler                        0x080002bb   Thumb Code     0  startup_stm32l476xx.o(.text)
    LPTIM2_IRQHandler                        0x080002bb   Thumb Code     0  startup_stm32l476xx.o(.text)
    LPUART1_IRQHandler                       0x080002bb   Thumb Code     0  startup_stm32l476xx.o(.text)
    OTG_FS_IRQHandler                        0x080002bb   Thumb Code     0  startup_stm32l476xx.o(.text)
    PVD_PVM_IRQHandler                       0x080002bb   Thumb Code     0  startup_stm32l476xx.o(.text)
    QUADSPI_IRQHandler                       0x080002bb   Thumb Code     0  startup_stm32l476xx.o(.text)
    RCC_IRQHandler                           0x080002bb   Thumb Code     0  startup_stm32l476xx.o(.text)
    RNG_IRQHandler                           0x080002bb   Thumb Code     0  startup_stm32l476xx.o(.text)
    RTC_Alarm_IRQHandler                     0x080002bb   Thumb Code     0  startup_stm32l476xx.o(.text)
    RTC_WKUP_IRQHandler                      0x080002bb   Thumb Code     0  startup_stm32l476xx.o(.text)
    SAI1_IRQHandler                          0x080002bb   Thumb Code     0  startup_stm32l476xx.o(.text)
    SAI2_IRQHandler                          0x080002bb   Thumb Code     0  startup_stm32l476xx.o(.text)
    SDMMC1_IRQHandler                        0x080002bb   Thumb Code     0  startup_stm32l476xx.o(.text)
    SPI1_IRQHandler                          0x080002bb   Thumb Code     0  startup_stm32l476xx.o(.text)
    SPI2_IRQHandler                          0x080002bb   Thumb Code     0  startup_stm32l476xx.o(.text)
    SPI3_IRQHandler                          0x080002bb   Thumb Code     0  startup_stm32l476xx.o(.text)
    SWPMI1_IRQHandler                        0x080002bb   Thumb Code     0  startup_stm32l476xx.o(.text)
    TAMP_STAMP_IRQHandler                    0x080002bb   Thumb Code     0  startup_stm32l476xx.o(.text)
    TIM1_BRK_TIM15_IRQHandler                0x080002bb   Thumb Code     0  startup_stm32l476xx.o(.text)
    TIM1_CC_IRQHandler                       0x080002bb   Thumb Code     0  startup_stm32l476xx.o(.text)
    TIM1_TRG_COM_TIM17_IRQHandler            0x080002bb   Thumb Code     0  startup_stm32l476xx.o(.text)
    TIM1_UP_TIM16_IRQHandler                 0x080002bb   Thumb Code     0  startup_stm32l476xx.o(.text)
    TIM2_IRQHandler                          0x080002bb   Thumb Code     0  startup_stm32l476xx.o(.text)
    TIM3_IRQHandler                          0x080002bb   Thumb Code     0  startup_stm32l476xx.o(.text)
    TIM4_IRQHandler                          0x080002bb   Thumb Code     0  startup_stm32l476xx.o(.text)
    TIM5_IRQHandler                          0x080002bb   Thumb Code     0  startup_stm32l476xx.o(.text)
    TIM6_DAC_IRQHandler                      0x080002bb   Thumb Code     0  startup_stm32l476xx.o(.text)
    TIM7_IRQHandler                          0x080002bb   Thumb Code     0  startup_stm32l476xx.o(.text)
    TIM8_BRK_IRQHandler                      0x080002bb   Thumb Code     0  startup_stm32l476xx.o(.text)
    TIM8_CC_IRQHandler                       0x080002bb   Thumb Code     0  startup_stm32l476xx.o(.text)
    TIM8_TRG_COM_IRQHandler                  0x080002bb   Thumb Code     0  startup_stm32l476xx.o(.text)
    TIM8_UP_IRQHandler                       0x080002bb   Thumb Code     0  startup_stm32l476xx.o(.text)
    TSC_IRQHandler                           0x080002bb   Thumb Code     0  startup_stm32l476xx.o(.text)
    UART4_IRQHandler                         0x080002bb   Thumb Code     0  startup_stm32l476xx.o(.text)
    UART5_IRQHandler                         0x080002bb   Thumb Code     0  startup_stm32l476xx.o(.text)
    USART1_IRQHandler                        0x080002bb   Thumb Code     0  startup_stm32l476xx.o(.text)
    USART2_IRQHandler                        0x080002bb   Thumb Code     0  startup_stm32l476xx.o(.text)
    USART3_IRQHandler                        0x080002bb   Thumb Code     0  startup_stm32l476xx.o(.text)
    WWDG_IRQHandler                          0x080002bb   Thumb Code     0  startup_stm32l476xx.o(.text)
    __aeabi_uldivmod                         0x080002c5   Thumb Code    98  uldiv.o(.text)
    __aeabi_memset                           0x0800032d   Thumb Code    14  memseta.o(.text)
    __aeabi_memset4                          0x0800032d   Thumb Code     0  memseta.o(.text)
    __aeabi_memset8                          0x0800032d   Thumb Code     0  memseta.o(.text)
    __aeabi_memclr                           0x0800033b   Thumb Code     4  memseta.o(.text)
    __aeabi_memclr4                          0x0800033b   Thumb Code     0  memseta.o(.text)
    __aeabi_memclr8                          0x0800033b   Thumb Code     0  memseta.o(.text)
    _memset$wrapper                          0x0800033f   Thumb Code    18  memseta.o(.text)
    __aeabi_ddiv                             0x08000351   Thumb Code   222  ddiv.o(.text)
    __aeabi_d2ulz                            0x0800042f   Thumb Code    48  dfixul.o(.text)
    __aeabi_uidiv                            0x0800045f   Thumb Code     0  uidiv.o(.text)
    __aeabi_uidivmod                         0x0800045f   Thumb Code    44  uidiv.o(.text)
    __aeabi_llsl                             0x0800048b   Thumb Code    30  llshl.o(.text)
    _ll_shift_l                              0x0800048b   Thumb Code     0  llshl.o(.text)
    __aeabi_llsr                             0x080004a9   Thumb Code    32  llushr.o(.text)
    _ll_ushift_r                             0x080004a9   Thumb Code     0  llushr.o(.text)
    __I$use$fp                               0x080004c9   Thumb Code     0  iusefp.o(.text)
    _double_round                            0x080004c9   Thumb Code    30  depilogue.o(.text)
    _double_epilogue                         0x080004e7   Thumb Code   156  depilogue.o(.text)
    __aeabi_dadd                             0x08000583   Thumb Code   322  dadd.o(.text)
    __aeabi_dsub                             0x080006c5   Thumb Code     6  dadd.o(.text)
    __aeabi_drsub                            0x080006cb   Thumb Code     6  dadd.o(.text)
    __aeabi_dmul                             0x080006e1   Thumb Code   228  dmul.o(.text)
    __aeabi_cdrcmple                         0x080007cd   Thumb Code    48  cdrcmple.o(.text)
    __scatterload                            0x080007fd   Thumb Code    28  init.o(.text)
    __scatterload_rt2                        0x080007fd   Thumb Code     0  init.o(.text)
    __aeabi_lasr                             0x08000821   Thumb Code    36  llsshr.o(.text)
    _ll_sshift_r                             0x08000821   Thumb Code     0  llsshr.o(.text)
    __decompress                             0x08000845   Thumb Code     0  __dczerorl2.o(.text)
    __decompress1                            0x08000845   Thumb Code    86  __dczerorl2.o(.text)
    BSP_LED_Init                             0x0800089d   Thumb Code    84  stm32l4xx_nucleo.o(i.BSP_LED_Init)
    BSP_LED_Off                              0x080008fd   Thumb Code    24  stm32l4xx_nucleo.o(i.BSP_LED_Off)
    BSP_LED_On                               0x0800091d   Thumb Code    24  stm32l4xx_nucleo.o(i.BSP_LED_On)
    BSP_PB_Init                              0x0800093d   Thumb Code   152  stm32l4xx_nucleo.o(i.BSP_PB_Init)
    BusFault_Handler                         0x080009e9   Thumb Code     4  stm32l4xx_it.o(i.BusFault_Handler)
    DebugMon_Handler                         0x080009ed   Thumb Code     2  stm32l4xx_it.o(i.DebugMon_Handler)
    EEPROM_ReadBytes                         0x080009f1   Thumb Code    28  eeprom.o(i.EEPROM_ReadBytes)
    ELINK042_DispString_EN_CH                0x08000a11   Thumb Code   238  halldisplay.o(i.ELINK042_DispString_EN_CH)
    EXTI15_10_IRQHandler                     0x08000b71   Thumb Code    12  stm32l4xx_it.o(i.EXTI15_10_IRQHandler)
    Elink042_DispChar_CN                     0x08000b7d   Thumb Code   114  halldisplay.o(i.Elink042_DispChar_CN)
    Elink042_DispChar_EN                     0x08000bfd   Thumb Code   132  halldisplay.o(i.Elink042_DispChar_EN)
    GetGBKCode_from_Flash                    0x08000ce1   Thumb Code    50  halldisplay.o(i.GetGBKCode_from_Flash)
    HAL_GPIO_EXTI_Callback                   0x08000d15   Thumb Code    36  los_bsp_key.o(i.HAL_GPIO_EXTI_Callback)
    HAL_GPIO_EXTI_IRQHandler                 0x08000d79   Thumb Code    24  stm32l4xx_hal_gpio.o(i.HAL_GPIO_EXTI_IRQHandler)
    HAL_GPIO_Init                            0x08000d95   Thumb Code   484  stm32l4xx_hal_gpio.o(i.HAL_GPIO_Init)
    HAL_GPIO_ReadPin                         0x08000f9d   Thumb Code    16  stm32l4xx_hal_gpio.o(i.HAL_GPIO_ReadPin)
    HAL_GPIO_WritePin                        0x08000fad   Thumb Code    10  stm32l4xx_hal_gpio.o(i.HAL_GPIO_WritePin)
    HAL_GetTick                              0x08000fb9   Thumb Code     6  stm32l4xx_hal.o(i.HAL_GetTick)
    HAL_IncTick                              0x08000fc5   Thumb Code    12  stm32l4xx_hal.o(i.HAL_IncTick)
    HAL_InitTick                             0x08000fd5   Thumb Code    36  stm32l4xx_hal.o(i.HAL_InitTick)
    HAL_NVIC_EnableIRQ                       0x08000ffd   Thumb Code    26  stm32l4xx_hal_cortex.o(i.HAL_NVIC_EnableIRQ)
    HAL_NVIC_SetPriority                     0x08001017   Thumb Code   124  stm32l4xx_hal_cortex.o(i.HAL_NVIC_SetPriority)
    HAL_PWREx_GetVoltageRange                0x08001099   Thumb Code    10  stm32l4xx_hal_pwr_ex.o(i.HAL_PWREx_GetVoltageRange)
    HAL_RCCEx_PeriphCLKConfig                0x080010a9   Thumb Code  1230  stm32l4xx_hal_rcc_ex.o(i.HAL_RCCEx_PeriphCLKConfig)
    HAL_RCC_ClockConfig                      0x0800157d   Thumb Code   458  stm32l4xx_hal_rcc.o(i.HAL_RCC_ClockConfig)
    HAL_RCC_GetHCLKFreq                      0x08001759   Thumb Code     6  stm32l4xx_hal_rcc.o(i.HAL_RCC_GetHCLKFreq)
    HAL_RCC_GetPCLK1Freq                     0x08001765   Thumb Code    22  stm32l4xx_hal_rcc.o(i.HAL_RCC_GetPCLK1Freq)
    HAL_RCC_GetPCLK2Freq                     0x08001785   Thumb Code    22  stm32l4xx_hal_rcc.o(i.HAL_RCC_GetPCLK2Freq)
    HAL_RCC_GetSysClockFreq                  0x080017a5   Thumb Code   252  stm32l4xx_hal_rcc.o(i.HAL_RCC_GetSysClockFreq)
    HAL_RCC_OscConfig                        0x080018b1   Thumb Code  1558  stm32l4xx_hal_rcc.o(i.HAL_RCC_OscConfig)
    HAL_SYSTICK_Config                       0x08001ed5   Thumb Code    52  stm32l4xx_hal_cortex.o(i.HAL_SYSTICK_Config)
    HAL_UART_Init                            0x08001f09   Thumb Code   120  stm32l4xx_hal_uart.o(i.HAL_UART_Init)
    HAL_UART_MspInit                         0x08001f81   Thumb Code   154  los_bsp_uart.o(i.HAL_UART_MspInit)
    HAL_UART_Transmit                        0x08002021   Thumb Code   200  stm32l4xx_hal_uart.o(i.HAL_UART_Transmit)
    HardFault_Handler                        0x080020e9   Thumb Code     4  stm32l4xx_it.o(i.HardFault_Handler)
    LOS_Align                                0x080020ed   Thumb Code    28  los_misc.o(i.LOS_Align)
    LOS_DLnkInitMultiHead                    0x08002109   Thumb Code    30  los_multipledlinkhead.o(i.LOS_DLnkInitMultiHead)
    LOS_DLnkMultiHead                        0x08002127   Thumb Code    42  los_multipledlinkhead.o(i.LOS_DLnkMultiHead)
    LOS_DisplayDemo_Entry                    0x080021f1   Thumb Code    76  main.o(i.LOS_DisplayDemo_Entry)
    LOS_EnableTick                           0x0800228d   Thumb Code    36  los_config.o(i.LOS_EnableTick)
    LOS_EvbKeyInit                           0x080022d1   Thumb Code    12  los_bsp_key.o(i.LOS_EvbKeyInit)
    LOS_EvbLedControl                        0x080022dd   Thumb Code    36  los_bsp_led.o(i.LOS_EvbLedControl)
    LOS_EvbLedInit                           0x08002301   Thumb Code    10  los_bsp_led.o(i.LOS_EvbLedInit)
    LOS_EvbSetup                             0x0800230b   Thumb Code    16  los_bsp_adapter.o(i.LOS_EvbSetup)
    LOS_EvbUartInit                          0x0800231d   Thumb Code    46  los_bsp_uart.o(i.LOS_EvbUartInit)
    LOS_EvbUartWriteByte                     0x08002355   Thumb Code    24  los_bsp_uart.o(i.LOS_EvbUartWriteByte)
    LOS_KernelInit                           0x08002371   Thumb Code    18  los_config.o(i.LOS_KernelInit)
    LOS_MS2Tick                              0x080025c1   Thumb Code    40  los_sys.o(i.LOS_MS2Tick)
    LOS_MemAlloc                             0x080025e9   Thumb Code    58  los_memory.o(i.LOS_MemAlloc)
    LOS_MemAllocAlign                        0x08002623   Thumb Code   108  los_memory.o(i.LOS_MemAllocAlign)
    LOS_MemFree                              0x08002695   Thumb Code    84  los_memory.o(i.LOS_MemFree)
    LOS_MemInit                              0x080026e9   Thumb Code   194  los_memory.o(i.LOS_MemInit)
    LOS_MemboxAlloc                          0x080027c5   Thumb Code    60  los_membox.o(i.LOS_MemboxAlloc)
    LOS_MemboxFree                           0x08002805   Thumb Code   158  los_membox.o(i.LOS_MemboxFree)
    LOS_MemboxInit                           0x080028a9   Thumb Code   128  los_membox.o(i.LOS_MemboxInit)
    LOS_PriqueueDequeue                      0x08002929   Thumb Code    24  los_priqueue.o(i.LOS_PriqueueDequeue)
    LOS_PriqueueEnqueue                      0x08002941   Thumb Code    32  los_priqueue.o(i.LOS_PriqueueEnqueue)
    LOS_PriqueueSize                         0x08002965   Thumb Code    36  los_priqueue.o(i.LOS_PriqueueSize)
    LOS_PriqueueTop                          0x0800298d   Thumb Code    54  los_priqueue.o(i.LOS_PriqueueTop)
    LOS_QueueCreate                          0x080029c9   Thumb Code   118  los_queue.o(i.LOS_QueueCreate)
    LOS_QueueRead                            0x08002a4d   Thumb Code   282  los_queue.o(i.LOS_QueueRead)
    LOS_QueueWrite                           0x08002b85   Thumb Code   296  los_queue.o(i.LOS_QueueWrite)
    LOS_Schedule                             0x08002cc9   Thumb Code    56  los_hw.o(i.LOS_Schedule)
    LOS_SemPost                              0x08002d09   Thumb Code   176  los_sem.o(i.LOS_SemPost)
    LOS_SetTickSycle                         0x08002dc1   Thumb Code     6  los_hw_tick.o(i.LOS_SetTickSycle)
    LOS_Start                                0x08002dcd   Thumb Code    12  los_config.o(i.LOS_Start)
    LOS_TaskCreate                           0x08002dd9   Thumb Code   140  los_task.o(i.LOS_TaskCreate)
    LOS_TaskCreateOnly                       0x08002e75   Thumb Code   368  los_task.o(i.LOS_TaskCreateOnly)
    LOS_TaskDelay                            0x08003001   Thumb Code   106  los_task.o(i.LOS_TaskDelay)
    LOS_TaskLock                             0x08003081   Thumb Code    26  los_task.o(i.LOS_TaskLock)
    LOS_TaskUnlock                           0x080030a1   Thumb Code    54  los_task.o(i.LOS_TaskUnlock)
    LOS_TaskYield                            0x080030dd   Thumb Code   118  los_task.o(i.LOS_TaskYield)
    LOS_TickHandler                          0x08003161   Thumb Code    52  los_hw_tick.o(i.LOS_TickHandler)
    LosAdapIntInit                           0x08003199   Thumb Code     2  los_bsp_adapter.o(i.LosAdapIntInit)
    MemManage_Handler                        0x0800319b   Thumb Code     4  stm32l4xx_it.o(i.MemManage_Handler)
    NMI_Handler                              0x0800319f   Thumb Code     2  stm32l4xx_it.o(i.NMI_Handler)
    SPI4W_WRITECOM                           0x08003569   Thumb Code   156  bsp_spi.o(i.SPI4W_WRITECOM)
    SPI4W_WRITEDATA                          0x08003609   Thumb Code   156  bsp_spi.o(i.SPI4W_WRITEDATA)
    SVC_Handler                              0x080036a9   Thumb Code     2  stm32l4xx_it.o(i.SVC_Handler)
    SysTick_Handler                          0x080036ab   Thumb Code    12  los_bsp_adapter.o(i.SysTick_Handler)
    SystemInit                               0x08003725   Thumb Code    68  system_stm32l4xx.o(i.SystemInit)
    UART_AdvFeatureConfig                    0x08003775   Thumb Code   248  stm32l4xx_hal_uart.o(i.UART_AdvFeatureConfig)
    UART_CheckIdleState                      0x0800386d   Thumb Code   116  stm32l4xx_hal_uart.o(i.UART_CheckIdleState)
    UART_SetConfig                           0x080038e1   Thumb Code  1158  stm32l4xx_hal_uart.o(i.UART_SetConfig)
    UART_WaitOnFlagUntilTimeout              0x08003d73   Thumb Code   108  stm32l4xx_hal_uart.o(i.UART_WaitOnFlagUntilTimeout)
    UsageFault_Handler                       0x08003ddf   Thumb Code     4  stm32l4xx_it.o(i.UsageFault_Handler)
    __0printf                                0x08003de5   Thumb Code    22  printfa.o(i.__0printf)
    __1printf                                0x08003de5   Thumb Code     0  printfa.o(i.__0printf)
    __2printf                                0x08003de5   Thumb Code     0  printfa.o(i.__0printf)
    __c89printf                              0x08003de5   Thumb Code     0  printfa.o(i.__0printf)
    printf                                   0x08003de5   Thumb Code     0  printfa.o(i.__0printf)
    __scatterload_copy                       0x08003e05   Thumb Code    14  handlers.o(i.__scatterload_copy)
    __scatterload_null                       0x08003e13   Thumb Code     2  handlers.o(i.__scatterload_null)
    __scatterload_zeroinit                   0x08003e15   Thumb Code    14  handlers.o(i.__scatterload_zeroinit)
    delay_us                                 0x080046e5   Thumb Code    24  los_bsp_adapter.o(i.delay_us)
    display_white                            0x080046fd   Thumb Code    62  bsp_elink.o(i.display_white)
    elink_booster_soft_start                 0x0800473d   Thumb Code    76  bsp_elink.o(i.elink_booster_soft_start)
    elink_check_busy_status                  0x080047bd   Thumb Code    42  bsp_elink.o(i.elink_check_busy_status)
    elink_display_init                       0x080047ed   Thumb Code   356  bsp_elink.o(i.elink_display_init)
    elink_epd_w21_reset                      0x08004a2d   Thumb Code   102  bsp_elink.o(i.elink_epd_w21_reset)
    elink_framebuffer_display                0x08004acd   Thumb Code   124  bsp_elink.o(i.elink_framebuffer_display)
    elink_lcd_gpio_config                    0x08004bad   Thumb Code   158  bsp_elink.o(i.elink_lcd_gpio_config)
    elink_soft_deep_sleep                    0x08004c55   Thumb Code    16  bsp_elink.o(i.elink_soft_deep_sleep)
    elink_soft_disp_refresh                  0x08004c65   Thumb Code    10  bsp_elink.o(i.elink_soft_disp_refresh)
    elink_soft_panel_set                     0x08004c6f   Thumb Code    22  bsp_elink.o(i.elink_soft_panel_set)
    elink_soft_power_switch                  0x08004c85   Thumb Code    22  bsp_elink.o(i.elink_soft_power_switch)
    elink_soft_vcom_set                      0x08004c9b   Thumb Code    16  bsp_elink.o(i.elink_soft_vcom_set)
    elink_spi_gpio_config                    0x08004cad   Thumb Code   214  bsp_spi.o(i.elink_spi_gpio_config)
    fputc                                    0x08004d8d   Thumb Code    16  los_demo_entry.o(i.fputc)
    lut                                      0x08004d9d   Thumb Code   124  bsp_elink.o(i.lut)
    lut1                                     0x08004e2d   Thumb Code   124  bsp_elink.o(i.lut1)
    main                                     0x08004ebd   Thumb Code    42  main.o(i.main)
    osDelay                                  0x08004ee9   Thumb Code    48  cmsis_liteos.o(i.osDelay)
    osHwiDefaultHandler                      0x08004f1d   Thumb Code     8  los_hwi.o(i.osHwiDefaultHandler)
    osHwiInit                                0x08004f25   Thumb Code    26  los_hwi.o(i.osHwiInit)
    osIdleTask                               0x08004f49   Thumb Code     4  los_task.o(i.osIdleTask)
    osIdleTaskCreate                         0x08004f4d   Thumb Code    54  los_task.o(i.osIdleTaskCreate)
    osIntNumGet                              0x08004f99   Thumb Code    12  los_hwi.o(i.osIntNumGet)
    osMain                                   0x08004fa5   Thumb Code   198  los_config.o(i.osMain)
    osMemSystemInit                          0x080054a1   Thumb Code    26  los_memory.o(i.osMemSystemInit)
    osMuxInit                                0x080054c5   Thumb Code    74  los_mux.o(i.osMuxInit)
    osPriqueueInit                           0x08005521   Thumb Code    64  los_priqueue.o(i.osPriqueueInit)
    osQueueCreate                            0x08005569   Thumb Code   100  los_queue.o(i.osQueueCreate)
    osQueueInit                              0x080055d9   Thumb Code    44  los_queue.o(i.osQueueInit)
    osRegister                               0x080056f1   Thumb Code    14  los_config.o(i.osRegister)
    osSchedule                               0x0800570d   Thumb Code     8  los_hw.o(i.osSchedule)
    osSemInit                                0x08005715   Thumb Code    70  los_sem.o(i.osSemInit)
    osSwTmrInit                              0x0800576d   Thumb Code   142  los_swtmr.o(i.osSwTmrInit)
    osSwTmrStart                             0x08005819   Thumb Code    92  los_swtmr.o(i.osSwTmrStart)
    osSwTmrTask                              0x08005879   Thumb Code    70  los_swtmr.o(i.osSwTmrTask)
    osSwTmrTaskCreate                        0x080058c9   Thumb Code    52  los_swtmr.o(i.osSwTmrTaskCreate)
    osSwtmrScan                              0x080059b1   Thumb Code    32  los_swtmr.o(i.osSwtmrScan)
    osTaskAdd2TimerList                      0x080059d5   Thumb Code   188  los_task.o(i.osTaskAdd2TimerList)
    osTaskEntry                              0x08005a95   Thumb Code   178  los_task.o(i.osTaskEntry)
    osTaskExit                               0x08005b7d   Thumb Code     8  los_hw.o(i.osTaskExit)
    osTaskInit                               0x08005b85   Thumb Code   258  los_task.o(i.osTaskInit)
    osTaskMemUsedDec                         0x08005cad   Thumb Code    40  los_memstat.o(i.osTaskMemUsedDec)
    osTaskMemUsedInc                         0x08005ce1   Thumb Code    48  los_memstat.o(i.osTaskMemUsedInc)
    osTaskScan                               0x08005d1d   Thumb Code   214  los_task.o(i.osTaskScan)
    osTaskSelfDelete                         0x08005df9   Thumb Code   236  los_task.o(i.osTaskSelfDelete)
    osTickHandler                            0x08005ef5   Thumb Code    62  los_tick.o(i.osTickHandler)
    osTickStart                              0x08005f51   Thumb Code    96  los_bsp_adapter.o(i.osTickStart)
    osTimerListDelete                        0x08005fc1   Thumb Code    66  los_task.o(i.osTimerListDelete)
    osTimesliceCheck                         0x08006009   Thumb Code    64  los_timeslice.o(i.osTimesliceCheck)
    osTimesliceInit                          0x08006055   Thumb Code    12  los_timeslice.o(i.osTimesliceInit)
    osTskStackInit                           0x08006065   Thumb Code   306  los_hw.o(i.osTskStackInit)
    partial_display                          0x080061a5   Thumb Code   268  bsp_elink.o(i.partial_display)
    sys_clk_freq                             0x080063c8   Data           4  los_bsp_adapter.o(.constdata)
    tick_per_second                          0x080063cc   Data           4  los_bsp_adapter.o(.constdata)
    g_use_ram_vect                           0x080063d0   Data           1  los_bsp_adapter.o(.constdata)
    ucAscii_1608                             0x08006423   Data        1520  halldisplay.o(.constdata)
    AHBPrescTable                            0x08006a30   Data          16  system_stm32l4xx.o(.constdata)
    APBPrescTable                            0x08006a40   Data           8  system_stm32l4xx.o(.constdata)
    MSIRangeTable                            0x08006a48   Data          48  system_stm32l4xx.o(.constdata)
    GPIO_PIN                                 0x08006a78   Data           2  stm32l4xx_nucleo.o(.constdata)
    BUTTON_PIN                               0x08006a7a   Data           2  stm32l4xx_nucleo.o(.constdata)
    BUTTON_IRQn                              0x08006a7c   Data           2  stm32l4xx_nucleo.o(.constdata)
    G_Ultrachip1                             0x08006a7e   Data       15000  bsp_elink.o(.constdata)
    G_Ultrachip2                             0x0800a516   Data       14992  bsp_elink.o(.constdata)
    gImage_pic001                            0x0800dfa6   Data       15000  bsp_elink.o(.constdata)
    gWord_data001                            0x08011a3e   Data       14450  bsp_elink.o(.constdata)
    lut_vcomDC                               0x080152b0   Data          44  bsp_elink.o(.constdata)
    lut_ww                                   0x080152dc   Data          42  bsp_elink.o(.constdata)
    lut_bw                                   0x08015306   Data          42  bsp_elink.o(.constdata)
    lut_wb                                   0x08015330   Data          42  bsp_elink.o(.constdata)
    lut_bb                                   0x0801535a   Data          42  bsp_elink.o(.constdata)
    lut_vcom1                                0x08015384   Data          44  bsp_elink.o(.constdata)
    lut_ww1                                  0x080153b0   Data          42  bsp_elink.o(.constdata)
    lut_bw1                                  0x080153da   Data          42  bsp_elink.o(.constdata)
    lut_wb1                                  0x08015404   Data          42  bsp_elink.o(.constdata)
    lut_bb1                                  0x0801542e   Data          42  bsp_elink.o(.constdata)
    Region$$Table$$Base                      0x080154c4   Number         0  anon$$obj.o(Region$$Table)
    Region$$Table$$Limit                     0x080154f4   Number         0  anon$$obj.o(Region$$Table)
    m_pstHwiForm                             0x20000000   Data        1024  los_hwi.o(.vector.bss)
    g_pstLosPriorityQueueList                0x20000400   Data           4  los_priqueue.o(.data)
    m_pstSwtmrCBArray                        0x20000408   Data           4  los_swtmr.o(.data)
    m_pstSwtmrFreeList                       0x2000040c   Data           4  los_swtmr.o(.data)
    m_pstSwtmrSortList                       0x20000410   Data           4  los_swtmr.o(.data)
    g_pstTaskCBArray                         0x20000414   Data           4  los_task.o(.data)
    g_stLosTask                              0x20000418   Data           8  los_task.o(.data)
    g_usLosTaskLock                          0x20000420   Data           2  los_task.o(.data)
    g_uwTskMaxNum                            0x20000424   Data           4  los_task.o(.data)
    g_uwIdleTaskID                           0x20000428   Data           4  los_task.o(.data)
    g_uwSwtmrTaskID                          0x2000042c   Data           4  los_task.o(.data)
    g_stTaskTimerList                        0x20000430   Data           8  los_task.o(.data)
    g_stLosFreeTask                          0x20000438   Data           8  los_task.o(.data)
    g_stTskRecyleList                        0x20000440   Data           8  los_task.o(.data)
    g_stTskSortLink                          0x20000448   Data           8  los_task.o(.data)
    g_bTaskScheduled                         0x20000450   Data           4  los_task.o(.data)
    g_pfnTskSwitchHook                       0x20000454   Data           4  los_task.o(.data)
    g_ullTickCount                           0x20000458   Data           8  los_tick.o(.data)
    g_uwTicksPerSec                          0x20000460   Data           4  los_tick.o(.data)
    g_uwCyclePerSec                          0x20000464   Data           4  los_tick.o(.data)
    g_stTaskTimeSlice                        0x20000468   Data           8  los_timeslice.o(.data)
    g_pstAllMux                              0x20000470   Data           4  los_mux.o(.data)
    g_stUnusedMuxList                        0x20000474   Data           8  los_mux.o(.data)
    g_pstAllQueue                            0x2000047c   Data           4  los_queue.o(.data)
    g_stUnusedSemList                        0x20000480   Data           8  los_sem.o(.data)
    g_pstAllSem                              0x20000488   Data           4  los_sem.o(.data)
    g_uwCyclesPerTick                        0x2000048c   Data           4  los_hw_tick.o(.data)
    g_vuwIntCount                            0x20000490   Data           4  los_hwi.o(.data)
    m_aucSysMem0                             0x20000494   Data           4  los_config.o(.data)
    g_sys_mem_addr_end                       0x20000498   Data           4  los_config.o(.data)
    __stdout                                 0x200004a4   Data           4  los_demo_entry.o(.data)
    __stdin                                  0x200004a8   Data           4  los_demo_entry.o(.data)
    SystemCoreClock                          0x200004b0   Data           4  system_stm32l4xx.o(.data)
    uwTick                                   0x200004b4   Data           4  stm32l4xx_hal.o(.data)
    GPIO_PORT                                0x200004b8   Data           4  stm32l4xx_nucleo.o(.data)
    BUTTON_PORT                              0x200004bc   Data           4  stm32l4xx_nucleo.o(.data)
    m_aucSwTmrHandlerPool                    0x200004c0   Data         208  los_swtmr.o(.bss)
    g_ucMemStart                             0x20000590   Data       32768  los_memory.o(.bss)
    g_TskMemUsedInfo                         0x20008590   Data          64  los_memstat.o(.bss)
    UartHandle                               0x200085d0   Data         120  los_bsp_uart.o(.bss)
    OldBufferCN                              0x200086c8   Data          32  halldisplay.o(.bss)
    OldBufferEN                              0x200086e8   Data          16  halldisplay.o(.bss)
    __initial_sp                             0x20008af8   Data           0  startup_stm32l476xx.o(STACK)



==============================================================================

Memory Map of the image

  Image Entry point : 0x08000189

  Load Region LR_IROM1 (Base: 0x08000000, Size: 0x000159b4, Max: 0x00100000, ABSOLUTE, COMPRESSED[0x000155d4])

    Execution Region ER_IROM1 (Exec base: 0x08000000, Load base: 0x08000000, Size: 0x000154f4, Max: 0x00100000, ABSOLUTE)

    Exec Addr    Load Addr    Size         Type   Attr      Idx    E Section Name        Object

    0x08000000   0x08000000   0x00000188   Data   RO         2991    RESET               startup_stm32l476xx.o
    0x08000188   0x08000188   0x00000000   Code   RO         5935  * .ARM.Collect$$$$00000000  mc_w.l(entry.o)
    0x08000188   0x08000188   0x00000004   Code   RO         6215    .ARM.Collect$$$$00000001  mc_w.l(entry2.o)
    0x0800018c   0x0800018c   0x00000004   Code   RO         6218    .ARM.Collect$$$$00000004  mc_w.l(entry5.o)
    0x08000190   0x08000190   0x00000000   Code   RO         6220    .ARM.Collect$$$$00000008  mc_w.l(entry7b.o)
    0x08000190   0x08000190   0x00000000   Code   RO         6222    .ARM.Collect$$$$0000000A  mc_w.l(entry8b.o)
    0x08000190   0x08000190   0x00000008   Code   RO         6223    .ARM.Collect$$$$0000000B  mc_w.l(entry9a.o)
    0x08000198   0x08000198   0x00000000   Code   RO         6225    .ARM.Collect$$$$0000000D  mc_w.l(entry10a.o)
    0x08000198   0x08000198   0x00000000   Code   RO         6227    .ARM.Collect$$$$0000000F  mc_w.l(entry11a.o)
    0x08000198   0x08000198   0x00000004   Code   RO         6216    .ARM.Collect$$$$00002712  mc_w.l(entry2.o)
    0x0800019c   0x0800019c   0x00000102   Code   RO         1618    .text               los_dispatch_keil.o
    0x0800029e   0x0800029e   0x00000002   PAD
    0x080002a0   0x080002a0   0x00000024   Code   RO         2992    .text               startup_stm32l476xx.o
    0x080002c4   0x080002c4   0x00000068   Code   RO         5938    .text               mc_w.l(uldiv.o)
    0x0800032c   0x0800032c   0x00000024   Code   RO         5942    .text               mc_w.l(memseta.o)
    0x08000350   0x08000350   0x000000de   Code   RO         6209    .text               mf_w.l(ddiv.o)
    0x0800042e   0x0800042e   0x00000030   Code   RO         6213    .text               mf_w.l(dfixul.o)
    0x0800045e   0x0800045e   0x0000002c   Code   RO         6229    .text               mc_w.l(uidiv.o)
    0x0800048a   0x0800048a   0x0000001e   Code   RO         6231    .text               mc_w.l(llshl.o)
    0x080004a8   0x080004a8   0x00000020   Code   RO         6233    .text               mc_w.l(llushr.o)
    0x080004c8   0x080004c8   0x00000000   Code   RO         6235    .text               mc_w.l(iusefp.o)
    0x080004c8   0x080004c8   0x000000ba   Code   RO         6236    .text               mf_w.l(depilogue.o)
    0x08000582   0x08000582   0x0000015e   Code   RO         6238    .text               mf_w.l(dadd.o)
    0x080006e0   0x080006e0   0x000000ea   Code   RO         6240    .text               mf_w.l(dmul.o)
    0x080007ca   0x080007ca   0x00000002   PAD
    0x080007cc   0x080007cc   0x00000030   Code   RO         6242    .text               mf_w.l(cdrcmple.o)
    0x080007fc   0x080007fc   0x00000024   Code   RO         6244    .text               mc_w.l(init.o)
    0x08000820   0x08000820   0x00000024   Code   RO         6246    .text               mc_w.l(llsshr.o)
    0x08000844   0x08000844   0x00000056   Code   RO         6256    .text               mc_w.l(__dczerorl2.o)
    0x0800089a   0x0800089a   0x00000002   PAD
    0x0800089c   0x0800089c   0x00000060   Code   RO         5209    i.BSP_LED_Init      stm32l4xx_nucleo.o
    0x080008fc   0x080008fc   0x00000020   Code   RO         5210    i.BSP_LED_Off       stm32l4xx_nucleo.o
    0x0800091c   0x0800091c   0x00000020   Code   RO         5211    i.BSP_LED_On        stm32l4xx_nucleo.o
    0x0800093c   0x0800093c   0x000000ac   Code   RO         5214    i.BSP_PB_Init       stm32l4xx_nucleo.o
    0x080009e8   0x080009e8   0x00000004   Code   RO         5136    i.BusFault_Handler  stm32l4xx_it.o
    0x080009ec   0x080009ec   0x00000002   Code   RO         5137    i.DebugMon_Handler  stm32l4xx_it.o
    0x080009ee   0x080009ee   0x00000002   PAD
    0x080009f0   0x080009f0   0x00000020   Code   RO         5886    i.EEPROM_ReadBytes  eeprom.o
    0x08000a10   0x08000a10   0x00000160   Code   RO         3046    i.ELINK042_DispString_EN_CH  halldisplay.o
    0x08000b70   0x08000b70   0x0000000c   Code   RO         5138    i.EXTI15_10_IRQHandler  stm32l4xx_it.o
    0x08000b7c   0x08000b7c   0x0000007e   Code   RO         3048    i.Elink042_DispChar_CN  halldisplay.o
    0x08000bfa   0x08000bfa   0x00000002   PAD
    0x08000bfc   0x08000bfc   0x000000a2   Code   RO         3049    i.Elink042_DispChar_EN  halldisplay.o
    0x08000c9e   0x08000c9e   0x00000002   PAD
    0x08000ca0   0x08000ca0   0x00000040   Code   RO         2204    i.Error_Handler     los_bsp_uart.o
    0x08000ce0   0x08000ce0   0x00000032   Code   RO         3050    i.GetGBKCode_from_Flash  halldisplay.o
    0x08000d12   0x08000d12   0x00000002   PAD
    0x08000d14   0x08000d14   0x00000064   Code   RO         2137    i.HAL_GPIO_EXTI_Callback  los_bsp_key.o
    0x08000d78   0x08000d78   0x0000001c   Code   RO         3784    i.HAL_GPIO_EXTI_IRQHandler  stm32l4xx_hal_gpio.o
    0x08000d94   0x08000d94   0x00000208   Code   RO         3785    i.HAL_GPIO_Init     stm32l4xx_hal_gpio.o
    0x08000f9c   0x08000f9c   0x00000010   Code   RO         3787    i.HAL_GPIO_ReadPin  stm32l4xx_hal_gpio.o
    0x08000fac   0x08000fac   0x0000000a   Code   RO         3789    i.HAL_GPIO_WritePin  stm32l4xx_hal_gpio.o
    0x08000fb6   0x08000fb6   0x00000002   PAD
    0x08000fb8   0x08000fb8   0x0000000c   Code   RO         3149    i.HAL_GetTick       stm32l4xx_hal.o
    0x08000fc4   0x08000fc4   0x00000010   Code   RO         3153    i.HAL_IncTick       stm32l4xx_hal.o
    0x08000fd4   0x08000fd4   0x00000028   Code   RO         3155    i.HAL_InitTick      stm32l4xx_hal.o
    0x08000ffc   0x08000ffc   0x0000001a   Code   RO         3354    i.HAL_NVIC_EnableIRQ  stm32l4xx_hal_cortex.o
    0x08001016   0x08001016   0x00000082   Code   RO         3360    i.HAL_NVIC_SetPriority  stm32l4xx_hal_cortex.o
    0x08001098   0x08001098   0x00000010   Code   RO         3994    i.HAL_PWREx_GetVoltageRange  stm32l4xx_hal_pwr_ex.o
    0x080010a8   0x080010a8   0x000004d4   Code   RO         4324    i.HAL_RCCEx_PeriphCLKConfig  stm32l4xx_hal_rcc_ex.o
    0x0800157c   0x0800157c   0x000001dc   Code   RO         4209    i.HAL_RCC_ClockConfig  stm32l4xx_hal_rcc.o
    0x08001758   0x08001758   0x0000000c   Code   RO         4213    i.HAL_RCC_GetHCLKFreq  stm32l4xx_hal_rcc.o
    0x08001764   0x08001764   0x00000020   Code   RO         4215    i.HAL_RCC_GetPCLK1Freq  stm32l4xx_hal_rcc.o
    0x08001784   0x08001784   0x00000020   Code   RO         4216    i.HAL_RCC_GetPCLK2Freq  stm32l4xx_hal_rcc.o
    0x080017a4   0x080017a4   0x0000010c   Code   RO         4217    i.HAL_RCC_GetSysClockFreq  stm32l4xx_hal_rcc.o
    0x080018b0   0x080018b0   0x00000624   Code   RO         4220    i.HAL_RCC_OscConfig  stm32l4xx_hal_rcc.o
    0x08001ed4   0x08001ed4   0x00000034   Code   RO         3365    i.HAL_SYSTICK_Config  stm32l4xx_hal_cortex.o
    0x08001f08   0x08001f08   0x00000078   Code   RO         4471    i.HAL_UART_Init     stm32l4xx_hal_uart.o
    0x08001f80   0x08001f80   0x000000a0   Code   RO         2206    i.HAL_UART_MspInit  los_bsp_uart.o
    0x08002020   0x08002020   0x000000c8   Code   RO         4479    i.HAL_UART_Transmit  stm32l4xx_hal_uart.o
    0x080020e8   0x080020e8   0x00000004   Code   RO         5139    i.HardFault_Handler  stm32l4xx_it.o
    0x080020ec   0x080020ec   0x0000001c   Code   RO         1363    i.LOS_Align         los_misc.o
    0x08002108   0x08002108   0x0000001e   Code   RO         1319    i.LOS_DLnkInitMultiHead  los_multipledlinkhead.o
    0x08002126   0x08002126   0x0000002a   Code   RO         1320    i.LOS_DLnkMultiHead  los_multipledlinkhead.o
    0x08002150   0x08002150   0x000000a0   Code   RO         2999    i.LOS_DisplayDemoTskfunc  main.o
    0x080021f0   0x080021f0   0x0000009c   Code   RO         3000    i.LOS_DisplayDemo_Entry  main.o
    0x0800228c   0x0800228c   0x00000044   Code   RO         1624    i.LOS_EnableTick    los_config.o
    0x080022d0   0x080022d0   0x0000000c   Code   RO         2139    i.LOS_EvbKeyInit    los_bsp_key.o
    0x080022dc   0x080022dc   0x00000024   Code   RO         2174    i.LOS_EvbLedControl  los_bsp_led.o
    0x08002300   0x08002300   0x0000000a   Code   RO         2175    i.LOS_EvbLedInit    los_bsp_led.o
    0x0800230a   0x0800230a   0x00000010   Code   RO         2033    i.LOS_EvbSetup      los_bsp_adapter.o
    0x0800231a   0x0800231a   0x00000002   PAD
    0x0800231c   0x0800231c   0x00000038   Code   RO         2207    i.LOS_EvbUartInit   los_bsp_uart.o
    0x08002354   0x08002354   0x0000001c   Code   RO         2210    i.LOS_EvbUartWriteByte  los_bsp_uart.o
    0x08002370   0x08002370   0x00000012   Code   RO         1625    i.LOS_KernelInit    los_config.o
    0x08002382   0x08002382   0x0000000e   Code   RO          461    i.LOS_ListAdd       los_task.o
    0x08002390   0x08002390   0x0000000e   Code   RO          810    i.LOS_ListAdd       los_mux.o
    0x0800239e   0x0800239e   0x0000000e   Code   RO          896    i.LOS_ListAdd       los_queue.o
    0x080023ac   0x080023ac   0x0000000e   Code   RO         1013    i.LOS_ListAdd       los_sem.o
    0x080023ba   0x080023ba   0x0000000e   Code   RO         1140    i.LOS_ListAdd       los_memory.o
    0x080023c8   0x080023c8   0x00000014   Code   RO          462    i.LOS_ListDelete    los_task.o
    0x080023dc   0x080023dc   0x00000014   Code   RO         1014    i.LOS_ListDelete    los_sem.o
    0x080023f0   0x080023f0   0x00000014   Code   RO         1141    i.LOS_ListDelete    los_memory.o
    0x08002404   0x08002404   0x00000010   Code   RO          463    i.LOS_ListEmpty     los_task.o
    0x08002414   0x08002414   0x00000010   Code   RO          897    i.LOS_ListEmpty     los_queue.o
    0x08002424   0x08002424   0x00000010   Code   RO         1015    i.LOS_ListEmpty     los_sem.o
    0x08002434   0x08002434   0x00000006   Code   RO          464    i.LOS_ListInit      los_task.o
    0x0800243a   0x0800243a   0x00000006   Code   RO          813    i.LOS_ListInit      los_mux.o
    0x08002440   0x08002440   0x00000006   Code   RO          898    i.LOS_ListInit      los_queue.o
    0x08002446   0x08002446   0x00000006   Code   RO         1016    i.LOS_ListInit      los_sem.o
    0x0800244c   0x0800244c   0x00000010   Code   RO          465    i.LOS_ListTailInsert  los_task.o
    0x0800245c   0x0800245c   0x00000010   Code   RO          814    i.LOS_ListTailInsert  los_mux.o
    0x0800246c   0x0800246c   0x00000010   Code   RO         1017    i.LOS_ListTailInsert  los_sem.o
    0x0800247c   0x0800247c   0x00000144   Code   RO         1321    i.LOS_Log2          los_multipledlinkhead.o
    0x080025c0   0x080025c0   0x00000028   Code   RO          378    i.LOS_MS2Tick       los_sys.o
    0x080025e8   0x080025e8   0x0000003a   Code   RO         1142    i.LOS_MemAlloc      los_memory.o
    0x08002622   0x08002622   0x00000072   Code   RO         1143    i.LOS_MemAllocAlign  los_memory.o
    0x08002694   0x08002694   0x00000054   Code   RO         1144    i.LOS_MemFree       los_memory.o
    0x080026e8   0x080026e8   0x000000dc   Code   RO         1145    i.LOS_MemInit       los_memory.o
    0x080027c4   0x080027c4   0x00000040   Code   RO         1095    i.LOS_MemboxAlloc   los_membox.o
    0x08002804   0x08002804   0x000000a4   Code   RO         1097    i.LOS_MemboxFree    los_membox.o
    0x080028a8   0x080028a8   0x00000080   Code   RO         1098    i.LOS_MemboxInit    los_membox.o
    0x08002928   0x08002928   0x00000018   Code   RO            4    i.LOS_PriqueueDequeue  los_priqueue.o
    0x08002940   0x08002940   0x00000024   Code   RO            5    i.LOS_PriqueueEnqueue  los_priqueue.o
    0x08002964   0x08002964   0x00000028   Code   RO            6    i.LOS_PriqueueSize  los_priqueue.o
    0x0800298c   0x0800298c   0x0000003c   Code   RO            7    i.LOS_PriqueueTop   los_priqueue.o
    0x080029c8   0x080029c8   0x00000082   Code   RO          899    i.LOS_QueueCreate   los_queue.o
    0x08002a4a   0x08002a4a   0x00000002   PAD
    0x08002a4c   0x08002a4c   0x00000136   Code   RO          901    i.LOS_QueueRead     los_queue.o
    0x08002b82   0x08002b82   0x00000002   PAD
    0x08002b84   0x08002b84   0x00000142   Code   RO          902    i.LOS_QueueWrite    los_queue.o
    0x08002cc6   0x08002cc6   0x00000002   PAD
    0x08002cc8   0x08002cc8   0x00000040   Code   RO         1471    i.LOS_Schedule      los_hw.o
    0x08002d08   0x08002d08   0x000000b8   Code   RO         1021    i.LOS_SemPost       los_sem.o
    0x08002dc0   0x08002dc0   0x0000000c   Code   RO         1514    i.LOS_SetTickSycle  los_hw_tick.o
    0x08002dcc   0x08002dcc   0x0000000c   Code   RO         1626    i.LOS_Start         los_config.o
    0x08002dd8   0x08002dd8   0x0000009c   Code   RO          466    i.LOS_TaskCreate    los_task.o
    0x08002e74   0x08002e74   0x0000018a   Code   RO          467    i.LOS_TaskCreateOnly  los_task.o
    0x08002ffe   0x08002ffe   0x00000002   PAD
    0x08003000   0x08003000   0x00000080   Code   RO          468    i.LOS_TaskDelay     los_task.o
    0x08003080   0x08003080   0x00000020   Code   RO          470    i.LOS_TaskLock      los_task.o
    0x080030a0   0x080030a0   0x0000003c   Code   RO          475    i.LOS_TaskUnlock    los_task.o
    0x080030dc   0x080030dc   0x00000084   Code   RO          476    i.LOS_TaskYield     los_task.o
    0x08003160   0x08003160   0x00000038   Code   RO         1515    i.LOS_TickHandler   los_hw_tick.o
    0x08003198   0x08003198   0x00000002   Code   RO         2035    i.LosAdapIntInit    los_bsp_adapter.o
    0x0800319a   0x0800319a   0x00000004   Code   RO         5140    i.MemManage_Handler  stm32l4xx_it.o
    0x0800319e   0x0800319e   0x00000002   Code   RO         5141    i.NMI_Handler       stm32l4xx_it.o
    0x080031a0   0x080031a0   0x00000010   Code   RO         3367    i.NVIC_GetPriorityGrouping  stm32l4xx_hal_cortex.o
    0x080031b0   0x080031b0   0x00000028   Code   RO         3368    i.NVIC_SetPriority  stm32l4xx_hal_cortex.o
    0x080031d8   0x080031d8   0x0000018c   Code   RO         4327    i.RCCEx_PLLSAI1_Config  stm32l4xx_hal_rcc_ex.o
    0x08003364   0x08003364   0x00000164   Code   RO         4328    i.RCCEx_PLLSAI2_Config  stm32l4xx_hal_rcc_ex.o
    0x080034c8   0x080034c8   0x000000a0   Code   RO         4221    i.RCC_SetFlashLatencyFromMSIRange  stm32l4xx_hal_rcc.o
    0x08003568   0x08003568   0x000000a0   Code   RO         5733    i.SPI4W_WRITECOM    bsp_spi.o
    0x08003608   0x08003608   0x000000a0   Code   RO         5734    i.SPI4W_WRITEDATA   bsp_spi.o
    0x080036a8   0x080036a8   0x00000002   Code   RO         5142    i.SVC_Handler       stm32l4xx_it.o
    0x080036aa   0x080036aa   0x0000000c   Code   RO         2038    i.SysTick_Handler   los_bsp_adapter.o
    0x080036b6   0x080036b6   0x0000006c   Code   RO         2039    i.SystemClock_Config  los_bsp_adapter.o
    0x08003722   0x08003722   0x00000002   PAD
    0x08003724   0x08003724   0x00000050   Code   RO         3102    i.SystemInit        system_stm32l4xx.o
    0x08003774   0x08003774   0x000000f8   Code   RO         4484    i.UART_AdvFeatureConfig  stm32l4xx_hal_uart.o
    0x0800386c   0x0800386c   0x00000074   Code   RO         4485    i.UART_CheckIdleState  stm32l4xx_hal_uart.o
    0x080038e0   0x080038e0   0x00000492   Code   RO         4501    i.UART_SetConfig    stm32l4xx_hal_uart.o
    0x08003d72   0x08003d72   0x0000006c   Code   RO         4504    i.UART_WaitOnFlagUntilTimeout  stm32l4xx_hal_uart.o
    0x08003dde   0x08003dde   0x00000004   Code   RO         5143    i.UsageFault_Handler  stm32l4xx_it.o
    0x08003de2   0x08003de2   0x00000002   PAD
    0x08003de4   0x08003de4   0x00000020   Code   RO         6181    i.__0printf         mc_w.l(printfa.o)
    0x08003e04   0x08003e04   0x0000000e   Code   RO         6250    i.__scatterload_copy  mc_w.l(handlers.o)
    0x08003e12   0x08003e12   0x00000002   Code   RO         6251    i.__scatterload_null  mc_w.l(handlers.o)
    0x08003e14   0x08003e14   0x0000000e   Code   RO         6252    i.__scatterload_zeroinit  mc_w.l(handlers.o)
    0x08003e22   0x08003e22   0x00000002   PAD
    0x08003e24   0x08003e24   0x0000018a   Code   RO         6188    i._fp_digits        mc_w.l(printfa.o)
    0x08003fae   0x08003fae   0x00000002   PAD
    0x08003fb0   0x08003fb0   0x000006e2   Code   RO         6189    i._printf_core      mc_w.l(printfa.o)
    0x08004692   0x08004692   0x00000024   Code   RO         6190    i._printf_post_padding  mc_w.l(printfa.o)
    0x080046b6   0x080046b6   0x0000002e   Code   RO         6191    i._printf_pre_padding  mc_w.l(printfa.o)
    0x080046e4   0x080046e4   0x00000018   Code   RO         2040    i.delay_us          los_bsp_adapter.o
    0x080046fc   0x080046fc   0x0000003e   Code   RO         5772    i.display_white     bsp_elink.o
    0x0800473a   0x0800473a   0x00000002   PAD
    0x0800473c   0x0800473c   0x00000080   Code   RO         5773    i.elink_booster_soft_start  bsp_elink.o
    0x080047bc   0x080047bc   0x00000030   Code   RO         5774    i.elink_check_busy_status  bsp_elink.o
    0x080047ec   0x080047ec   0x00000240   Code   RO         5775    i.elink_display_init  bsp_elink.o
    0x08004a2c   0x08004a2c   0x000000a0   Code   RO         5776    i.elink_epd_w21_reset  bsp_elink.o
    0x08004acc   0x08004acc   0x000000e0   Code   RO         5777    i.elink_framebuffer_display  bsp_elink.o
    0x08004bac   0x08004bac   0x000000a8   Code   RO         5778    i.elink_lcd_gpio_config  bsp_elink.o
    0x08004c54   0x08004c54   0x00000010   Code   RO         5779    i.elink_soft_deep_sleep  bsp_elink.o
    0x08004c64   0x08004c64   0x0000000a   Code   RO         5780    i.elink_soft_disp_refresh  bsp_elink.o
    0x08004c6e   0x08004c6e   0x00000016   Code   RO         5781    i.elink_soft_panel_set  bsp_elink.o
    0x08004c84   0x08004c84   0x00000016   Code   RO         5782    i.elink_soft_power_switch  bsp_elink.o
    0x08004c9a   0x08004c9a   0x00000010   Code   RO         5783    i.elink_soft_vcom_set  bsp_elink.o
    0x08004caa   0x08004caa   0x00000002   PAD
    0x08004cac   0x08004cac   0x000000e0   Code   RO         5735    i.elink_spi_gpio_config  bsp_spi.o
    0x08004d8c   0x08004d8c   0x00000010   Code   RO         2847    i.fputc             los_demo_entry.o
    0x08004d9c   0x08004d9c   0x00000090   Code   RO         5784    i.lut               bsp_elink.o
    0x08004e2c   0x08004e2c   0x00000090   Code   RO         5785    i.lut1              bsp_elink.o
    0x08004ebc   0x08004ebc   0x0000002a   Code   RO         3001    i.main              main.o
    0x08004ee6   0x08004ee6   0x00000002   PAD
    0x08004ee8   0x08004ee8   0x00000034   Code   RO         1695    i.osDelay           cmsis_liteos.o
    0x08004f1c   0x08004f1c   0x00000008   Code   RO         1555    i.osHwiDefaultHandler  los_hwi.o
    0x08004f24   0x08004f24   0x00000024   Code   RO         1556    i.osHwiInit         los_hwi.o
    0x08004f48   0x08004f48   0x00000004   Code   RO          477    i.osIdleTask        los_task.o
    0x08004f4c   0x08004f4c   0x0000004c   Code   RO          478    i.osIdleTaskCreate  los_task.o
    0x08004f98   0x08004f98   0x0000000c   Code   RO         1557    i.osIntNumGet       los_hwi.o
    0x08004fa4   0x08004fa4   0x00000130   Code   RO         1629    i.osMain            los_config.o
    0x080050d4   0x080050d4   0x000000c4   Code   RO         1147    i.osMemAllocWithCheck  los_memory.o
    0x08005198   0x08005198   0x0000009e   Code   RO         1148    i.osMemCheckUsedNode  los_memory.o
    0x08005236   0x08005236   0x00000050   Code   RO         1149    i.osMemFindSuitableFreeBlock  los_memory.o
    0x08005286   0x08005286   0x00000002   PAD
    0x08005288   0x08005288   0x00000104   Code   RO         1150    i.osMemFreeNode     los_memory.o
    0x0800538c   0x0800538c   0x0000003e   Code   RO         1151    i.osMemIsNodeValid  los_memory.o
    0x080053ca   0x080053ca   0x00000024   Code   RO         1152    i.osMemMergeNode    los_memory.o
    0x080053ee   0x080053ee   0x00000002   PAD
    0x080053f0   0x080053f0   0x00000020   Code   RO         1153    i.osMemSetMagicNumAndTaskid  los_memory.o
    0x08005410   0x08005410   0x00000090   Code   RO         1154    i.osMemSpitNode     los_memory.o
    0x080054a0   0x080054a0   0x00000024   Code   RO         1155    i.osMemSystemInit   los_memory.o
    0x080054c4   0x080054c4   0x0000005c   Code   RO          819    i.osMuxInit         los_mux.o
    0x08005520   0x08005520   0x00000048   Code   RO            9    i.osPriqueueInit    los_priqueue.o
    0x08005568   0x08005568   0x00000070   Code   RO          903    i.osQueueCreate     los_queue.o
    0x080055d8   0x080055d8   0x00000038   Code   RO          904    i.osQueueInit       los_queue.o
    0x08005610   0x08005610   0x00000084   Code   RO          907    i.osQueuePend       los_queue.o
    0x08005694   0x08005694   0x0000005a   Code   RO          908    i.osQueueWakeUp     los_queue.o
    0x080056ee   0x080056ee   0x00000002   PAD
    0x080056f0   0x080056f0   0x0000001c   Code   RO         1630    i.osRegister        los_config.o
    0x0800570c   0x0800570c   0x00000008   Code   RO         1472    i.osSchedule        los_hw.o
    0x08005714   0x08005714   0x00000058   Code   RO         1022    i.osSemInit         los_sem.o
    0x0800576c   0x0800576c   0x000000ac   Code   RO          237    i.osSwTmrInit       los_swtmr.o
    0x08005818   0x08005818   0x00000060   Code   RO          238    i.osSwTmrStart      los_swtmr.o
    0x08005878   0x08005878   0x00000050   Code   RO          239    i.osSwTmrTask       los_swtmr.o
    0x080058c8   0x080058c8   0x00000048   Code   RO          240    i.osSwTmrTaskCreate  los_swtmr.o
    0x08005910   0x08005910   0x0000008c   Code   RO          241    i.osSwTmrTimeoutHandle  los_swtmr.o
    0x0800599c   0x0800599c   0x00000014   Code   RO          242    i.osSwtmrDelete     los_swtmr.o
    0x080059b0   0x080059b0   0x00000024   Code   RO          243    i.osSwtmrScan       los_swtmr.o
    0x080059d4   0x080059d4   0x000000c0   Code   RO          479    i.osTaskAdd2TimerList  los_task.o
    0x08005a94   0x08005a94   0x000000e8   Code   RO          480    i.osTaskEntry       los_task.o
    0x08005b7c   0x08005b7c   0x00000008   Code   RO         1473    i.osTaskExit        los_hw.o
    0x08005b84   0x08005b84   0x00000128   Code   RO          481    i.osTaskInit        los_task.o
    0x08005cac   0x08005cac   0x00000034   Code   RO         1278    i.osTaskMemUsedDec  los_memstat.o
    0x08005ce0   0x08005ce0   0x0000003c   Code   RO         1279    i.osTaskMemUsedInc  los_memstat.o
    0x08005d1c   0x08005d1c   0x000000dc   Code   RO          483    i.osTaskScan        los_task.o
    0x08005df8   0x08005df8   0x000000fc   Code   RO          484    i.osTaskSelfDelete  los_task.o
    0x08005ef4   0x08005ef4   0x0000005c   Code   RO          673    i.osTickHandler     los_tick.o
    0x08005f50   0x08005f50   0x00000070   Code   RO         2041    i.osTickStart       los_bsp_adapter.o
    0x08005fc0   0x08005fc0   0x00000048   Code   RO          485    i.osTimerListDelete  los_task.o
    0x08006008   0x08006008   0x0000004c   Code   RO          714    i.osTimesliceCheck  los_timeslice.o
    0x08006054   0x08006054   0x00000010   Code   RO          715    i.osTimesliceInit   los_timeslice.o
    0x08006064   0x08006064   0x00000140   Code   RO         1474    i.osTskStackInit    los_hw.o
    0x080061a4   0x080061a4   0x000001ca   Code   RO         5786    i.partial_display   bsp_elink.o
    0x0800636e   0x0800636e   0x0000000e   Data   RO          674    .constdata          los_tick.o
    0x0800637c   0x0800637c   0x0000004b   Data   RO         1157    .constdata          los_memory.o
    0x080063c7   0x080063c7   0x00000001   PAD
    0x080063c8   0x080063c8   0x00000009   Data   RO         2042    .constdata          los_bsp_adapter.o
    0x080063d1   0x080063d1   0x00000017   Data   RO         2140    .constdata          los_bsp_key.o
    0x080063e8   0x080063e8   0x0000000e   Data   RO         2213    .constdata          los_bsp_uart.o
    0x080063f6   0x080063f6   0x0000002d   Data   RO         3003    .constdata          main.o
    0x08006423   0x08006423   0x0000060a   Data   RO         3052    .constdata          halldisplay.o
    0x08006a2d   0x08006a2d   0x00000003   PAD
    0x08006a30   0x08006a30   0x00000048   Data   RO         3103    .constdata          system_stm32l4xx.o
    0x08006a78   0x08006a78   0x00000006   Data   RO         5215    .constdata          stm32l4xx_nucleo.o
    0x08006a7e   0x08006a7e   0x0000ea44   Data   RO         5787    .constdata          bsp_elink.o
    0x080154c2   0x080154c2   0x00000002   PAD
    0x080154c4   0x080154c4   0x00000030   Data   RO         6248    Region$$Table       anon$$obj.o


    Execution Region VECTOR (Exec base: 0x20000000, Load base: 0x080154f4, Size: 0x00000400, Max: 0x00000400, ABSOLUTE, COMPRESSED[0x00000020])

    Exec Addr    Load Addr    Size         Type   Attr      Idx    E Section Name        Object

    0x20000000   COMPRESSED   0x00000400   Data   RW         1561    .vector.bss         los_hwi.o


    Execution Region RW_IRAM1 (Exec base: 0x20000400, Load base: 0x08015514, Size: 0x000086f8, Max: 0x00017c00, ABSOLUTE)

    Exec Addr    Load Addr    Size         Type   Attr      Idx    E Section Name        Object

    0x20000400   0x08015514   0x00000004   Data   RW           10    .data               los_priqueue.o
    0x20000404   0x08015518   0x00000010   Data   RW          246    .data               los_swtmr.o
    0x20000414   0x08015528   0x00000044   Data   RW          486    .data               los_task.o
    0x20000458   0x0801556c   0x00000010   Data   RW          675    .data               los_tick.o
    0x20000468   0x0801557c   0x00000008   Data   RW          716    .data               los_timeslice.o
    0x20000470   0x08015584   0x0000000c   Data   RW          820    .data               los_mux.o
    0x2000047c   0x08015590   0x00000004   Data   RW          909    .data               los_queue.o
    0x20000480   0x08015594   0x0000000c   Data   RW         1023    .data               los_sem.o
    0x2000048c   0x080155a0   0x00000004   Data   RW         1516    .data               los_hw_tick.o
    0x20000490   0x080155a4   0x00000004   Data   RW         1560    .data               los_hwi.o
    0x20000494   0x080155a8   0x00000008   Data   RW         1631    .data               los_config.o
    0x2000049c   0x080155b0   0x00000004   Data   RW         2043    .data               los_bsp_adapter.o
    0x200004a0   0x080155b4   0x0000000c   Data   RW         2848    .data               los_demo_entry.o
    0x200004ac   0x080155c0   0x00000004   Data   RW         3004    .data               main.o
    0x200004b0   0x080155c4   0x00000004   Data   RW         3104    .data               system_stm32l4xx.o
    0x200004b4   0x080155c8   0x00000004   Data   RW         3170    .data               stm32l4xx_hal.o
    0x200004b8   0x080155cc   0x00000008   Data   RW         5216    .data               stm32l4xx_nucleo.o
    0x200004c0        -       0x000000d0   Zero   RW          245    .bss                los_swtmr.o
    0x20000590        -       0x00008000   Zero   RW         1156    .bss                los_memory.o
    0x20008590        -       0x00000040   Zero   RW         1280    .bss                los_memstat.o
    0x200085d0        -       0x000000f8   Zero   RW         2212    .bss                los_bsp_uart.o
    0x200086c8        -       0x00000030   Zero   RW         3051    .bss                halldisplay.o
    0x200086f8        -       0x00000400   Zero   RW         2989    STACK               startup_stm32l476xx.o


==============================================================================

Image component sizes


      Code (inc. data)   RO Data    RW Data    ZI Data      Debug   Object Name

      2198        670      59972          0          0      12417   bsp_elink.o
       544         18          0          0          0       2687   bsp_spi.o
        52          4          0          0          0       9358   cmsis_liteos.o
        32          4          0          0          0       1387   eeprom.o
       690        144       1546          0         48       4985   halldisplay.o
       274         16          9          4          0      31040   los_bsp_adapter.o
       112         64         23          0          0       1266   los_bsp_key.o
        46          0          0          0          0       1269   los_bsp_led.o
       308         56         14          0        248       3565   los_bsp_uart.o
       430        152          0          8          0       3996   los_config.o
        16          0          0         12          0       3538   los_demo_entry.o
       258         24          0          0          0        408   los_dispatch_keil.o
       400         22          0          0          0       3178   los_hw.o
        68         10          0          4          0       1477   los_hw_tick.o
        56         10          0       1028          0       5290   los_hwi.o
       356         10          0          0          0       4048   los_membox.o
      1514        170         75          0      32768      18017   los_memory.o
       112         24          0          0         64       2081   los_memstat.o
        28          0          0          0          0        656   los_misc.o
       396          4          0          0          0       5280   los_multipledlinkhead.o
       128         18          0         12          0       6032   los_mux.o
       232         22          0          4          0     797746   los_priqueue.o
      1188         72          0          4          0      18665   los_queue.o
       344         26          0         12          0       5734   los_sem.o
       616         84          0         16        208      17669   los_swtmr.o
        40          0          0          0          0        654   los_sys.o
      2318        230          0         68          0      25919   los_task.o
        92         30         14         16          0        981   los_tick.o
        92         16          0          8          0       1397   los_timeslice.o
       358        140         45          4          0       3013   main.o
        36          8        392          0       1024        912   startup_stm32l476xx.o
        68         14          0          4          0       3052   stm32l4xx_hal.o
       264         14          0          0          0      30312   stm32l4xx_hal_cortex.o
       574         40          0          0          0       3790   stm32l4xx_hal_gpio.o
        16          6          0          0          0        596   stm32l4xx_hal_pwr_ex.o
      2552        100          0          0          0       7192   stm32l4xx_hal_rcc.o
      1988         44          0          0          0       4012   stm32l4xx_hal_rcc_ex.o
      1962         50          0          0          0       6105   stm32l4xx_hal_uart.o
        34          0          0          0          0       4278   stm32l4xx_it.o
       332         48          6          8          0       4144   stm32l4xx_nucleo.o
        80         12         72          4          0       1409   system_stm32l4xx.o

    ----------------------------------------------------------------------
     21242       2376      62222       1216      34360    1059555   Object Totals
         0          0         48          0          0          0   (incl. Generated)
        38          0          6          0          0          0   (incl. Padding)

    ----------------------------------------------------------------------

      Code (inc. data)   RO Data    RW Data    ZI Data      Debug   Library Member Name

        86          0          0          0          0          0   __dczerorl2.o
         0          0          0          0          0          0   entry.o
         0          0          0          0          0          0   entry10a.o
         0          0          0          0          0          0   entry11a.o
         8          4          0          0          0          0   entry2.o
         4          0          0          0          0          0   entry5.o
         0          0          0          0          0          0   entry7b.o
         0          0          0          0          0          0   entry8b.o
         8          4          0          0          0          0   entry9a.o
        30          0          0          0          0          0   handlers.o
        36          8          0          0          0         68   init.o
         0          0          0          0          0          0   iusefp.o
        30          0          0          0          0         68   llshl.o
        36          0          0          0          0         68   llsshr.o
        32          0          0          0          0         68   llushr.o
        36          0          0          0          0        108   memseta.o
      2270         90          0          0          0        452   printfa.o
        44          0          0          0          0         80   uidiv.o
       104          0          0          0          0         92   uldiv.o
        48          0          0          0          0         68   cdrcmple.o
       350          0          0          0          0        148   dadd.o
       222          0          0          0          0        100   ddiv.o
       186          0          0          0          0        176   depilogue.o
        48          0          0          0          0         68   dfixul.o
       234          0          0          0          0         96   dmul.o

    ----------------------------------------------------------------------
      3820        106          0          0          0       1660   Library Totals
         8          0          0          0          0          0   (incl. Padding)

    ----------------------------------------------------------------------

      Code (inc. data)   RO Data    RW Data    ZI Data      Debug   Library Name

      2724        106          0          0          0       1004   mc_w.l
      1088          0          0          0          0        656   mf_w.l

    ----------------------------------------------------------------------
      3820        106          0          0          0       1660   Library Totals

    ----------------------------------------------------------------------

==============================================================================


      Code (inc. data)   RO Data    RW Data    ZI Data      Debug   

     25062       2482      62222       1216      34360    1043467   Grand Totals
     25062       2482      62222        224      34360    1043467   ELF Image Totals (compressed)
     25062       2482      62222        224          0          0   ROM Totals

==============================================================================

    Total RO  Size (Code + RO Data)                87284 (  85.24kB)
    Total RW  Size (RW Data + ZI Data)             35576 (  34.74kB)
    Total ROM Size (Code + RO Data + RW Data)      87508 (  85.46kB)

==============================================================================

