Component: ARM Compiler 5.06 update 5 (build 528) Tool: armlink [4d35e2]

==============================================================================

Section Cross References

    los_priqueue.o(i.LOS_PriqueueEnqueue) refers to los_priqueue.o(.data) for g_pstLosPriorityQueueList
    los_priqueue.o(i.LOS_PriqueueSize) refers to los_priqueue.o(.data) for g_pstLosPriorityQueueList
    los_priqueue.o(i.LOS_PriqueueTop) refers to los_priqueue.o(.data) for g_pstLosPriorityQueueList
    los_priqueue.o(i.LOS_PriqueueTotalSize) refers to los_priqueue.o(i.LOS_PriqueueSize) for LOS_PriqueueSize
    los_priqueue.o(i.osPriqueueInit) refers to los_memory.o(i.LOS_MemAlloc) for LOS_MemAlloc
    los_priqueue.o(i.osPriqueueInit) refers to los_config.o(.data) for m_aucSysMem0
    los_priqueue.o(i.osPriqueueInit) refers to los_priqueue.o(.data) for g_pstLosPriorityQueueList
    los_swtmr.o(i.LOS_SwtmrCreate) refers to los_dispatch_keil.o(KERNEL) for LOS_IntLock
    los_swtmr.o(i.LOS_SwtmrCreate) refers to los_swtmr.o(.data) for m_pstSwtmrFreeList
    los_swtmr.o(i.LOS_SwtmrDelete) refers to los_dispatch_keil.o(KERNEL) for LOS_IntLock
    los_swtmr.o(i.LOS_SwtmrDelete) refers to los_swtmr.o(i.osSwtmrStop) for osSwtmrStop
    los_swtmr.o(i.LOS_SwtmrDelete) refers to los_swtmr.o(i.osSwtmrDelete) for osSwtmrDelete
    los_swtmr.o(i.LOS_SwtmrDelete) refers to los_swtmr.o(.data) for m_pstSwtmrCBArray
    los_swtmr.o(i.LOS_SwtmrStart) refers to los_dispatch_keil.o(KERNEL) for LOS_IntLock
    los_swtmr.o(i.LOS_SwtmrStart) refers to los_swtmr.o(i.osSwtmrStop) for osSwtmrStop
    los_swtmr.o(i.LOS_SwtmrStart) refers to los_swtmr.o(i.osSwTmrStart) for osSwTmrStart
    los_swtmr.o(i.LOS_SwtmrStart) refers to los_swtmr.o(.data) for m_pstSwtmrCBArray
    los_swtmr.o(i.LOS_SwtmrStop) refers to los_dispatch_keil.o(KERNEL) for LOS_IntLock
    los_swtmr.o(i.LOS_SwtmrStop) refers to los_swtmr.o(i.osSwtmrStop) for osSwtmrStop
    los_swtmr.o(i.LOS_SwtmrStop) refers to los_swtmr.o(.data) for m_pstSwtmrCBArray
    los_swtmr.o(i.osSwTmrAdjust) refers to los_swtmr.o(i.osSwTmrTimeoutHandle) for osSwTmrTimeoutHandle
    los_swtmr.o(i.osSwTmrAdjust) refers to los_swtmr.o(.data) for m_pstSwtmrSortList
    los_swtmr.o(i.osSwTmrGetNextTimeout) refers to los_swtmr.o(.data) for m_pstSwtmrSortList
    los_swtmr.o(i.osSwTmrInit) refers to los_memory.o(i.LOS_MemAlloc) for LOS_MemAlloc
    los_swtmr.o(i.osSwTmrInit) refers to memseta.o(.text) for __aeabi_memclr4
    los_swtmr.o(i.osSwTmrInit) refers to los_membox.o(i.LOS_MemboxInit) for LOS_MemboxInit
    los_swtmr.o(i.osSwTmrInit) refers to los_queue.o(i.LOS_QueueCreate) for LOS_QueueCreate
    los_swtmr.o(i.osSwTmrInit) refers to los_swtmr.o(i.osSwTmrTaskCreate) for osSwTmrTaskCreate
    los_swtmr.o(i.osSwTmrInit) refers to los_swtmr.o(.data) for m_pstSwtmrSortList
    los_swtmr.o(i.osSwTmrInit) refers to los_config.o(.data) for m_aucSysMem0
    los_swtmr.o(i.osSwTmrInit) refers to los_swtmr.o(.bss) for m_aucSwTmrHandlerPool
    los_swtmr.o(i.osSwTmrStart) refers to los_swtmr.o(.data) for m_pstSwtmrSortList
    los_swtmr.o(i.osSwTmrTask) refers to los_queue.o(i.LOS_QueueRead) for LOS_QueueRead
    los_swtmr.o(i.osSwTmrTask) refers to los_membox.o(i.LOS_MemboxFree) for LOS_MemboxFree
    los_swtmr.o(i.osSwTmrTask) refers to los_swtmr.o(.data) for m_uwSwTmrHandlerQueue
    los_swtmr.o(i.osSwTmrTask) refers to los_swtmr.o(.bss) for m_aucSwTmrHandlerPool
    los_swtmr.o(i.osSwTmrTaskCreate) refers to memseta.o(.text) for __aeabi_memclr4
    los_swtmr.o(i.osSwTmrTaskCreate) refers to los_task.o(i.LOS_TaskCreate) for LOS_TaskCreate
    los_swtmr.o(i.osSwTmrTaskCreate) refers to los_swtmr.o(i.osSwTmrTask) for osSwTmrTask
    los_swtmr.o(i.osSwTmrTaskCreate) refers to los_task.o(.data) for g_uwSwtmrTaskID
    los_swtmr.o(i.osSwTmrTimeoutHandle) refers to los_membox.o(i.LOS_MemboxAlloc) for LOS_MemboxAlloc
    los_swtmr.o(i.osSwTmrTimeoutHandle) refers to los_queue.o(i.LOS_QueueWrite) for LOS_QueueWrite
    los_swtmr.o(i.osSwTmrTimeoutHandle) refers to los_membox.o(i.LOS_MemboxFree) for LOS_MemboxFree
    los_swtmr.o(i.osSwTmrTimeoutHandle) refers to los_swtmr.o(i.osSwtmrDelete) for osSwtmrDelete
    los_swtmr.o(i.osSwTmrTimeoutHandle) refers to los_swtmr.o(i.osSwTmrStart) for osSwTmrStart
    los_swtmr.o(i.osSwTmrTimeoutHandle) refers to los_swtmr.o(.data) for m_pstSwtmrSortList
    los_swtmr.o(i.osSwTmrTimeoutHandle) refers to los_swtmr.o(.bss) for m_aucSwTmrHandlerPool
    los_swtmr.o(i.osSwtmrDelete) refers to los_swtmr.o(.data) for m_pstSwtmrFreeList
    los_swtmr.o(i.osSwtmrScan) refers to los_swtmr.o(i.osSwTmrTimeoutHandle) for osSwTmrTimeoutHandle
    los_swtmr.o(i.osSwtmrScan) refers to los_swtmr.o(.data) for m_pstSwtmrSortList
    los_swtmr.o(i.osSwtmrStop) refers to los_swtmr.o(.data) for m_pstSwtmrSortList
    los_sys.o(i.LOS_MS2Tick) refers to uldiv.o(.text) for __aeabi_uldivmod
    los_sys.o(i.LOS_Reboot) refers to los_dispatch_keil.o(KERNEL) for LOS_IntLock
[...]
    i.LOS_Inspect_TskDeal                    0x08002668   Section        0  los_inspect_entry.o(i.LOS_Inspect_TskDeal)
    LOS_Inspect_TskDeal                      0x08002669   Thumb Code    80  los_inspect_entry.o(i.LOS_Inspect_TskDeal)
    i.LOS_KernelInit                         0x08002734   Section        0  los_config.o(i.LOS_KernelInit)
    i.LOS_ListAdd                            0x08002746   Section        0  los_task.o(i.LOS_ListAdd)
    LOS_ListAdd                              0x08002747   Thumb Code    14  los_task.o(i.LOS_ListAdd)
    i.LOS_ListAdd                            0x08002754   Section        0  los_mux.o(i.LOS_ListAdd)
    LOS_ListAdd                              0x08002755   Thumb Code    14  los_mux.o(i.LOS_ListAdd)
    i.LOS_ListAdd                            0x08002762   Section        0  los_queue.o(i.LOS_ListAdd)
    LOS_ListAdd                              0x08002763   Thumb Code    14  los_queue.o(i.LOS_ListAdd)
    i.LOS_ListAdd                            0x08002770   Section        0  los_sem.o(i.LOS_ListAdd)
    LOS_ListAdd                              0x08002771   Thumb Code    14  los_sem.o(i.LOS_ListAdd)
    i.LOS_ListAdd                            0x0800277e   Section        0  los_memory.o(i.LOS_ListAdd)
    LOS_ListAdd                              0x0800277f   Thumb Code    14  los_memory.o(i.LOS_ListAdd)
    i.LOS_ListAdd                            0x0800278c   Section        0  los_api_list.o(i.LOS_ListAdd)
    LOS_ListAdd                              0x0800278d   Thumb Code    14  los_api_list.o(i.LOS_ListAdd)
    i.LOS_ListDelete                         0x0800279a   Section        0  los_task.o(i.LOS_ListDelete)
    LOS_ListDelete                           0x0800279b   Thumb Code    20  los_task.o(i.LOS_ListDelete)
    i.LOS_ListDelete                         0x080027ae   Section        0  los_mux.o(i.LOS_ListDelete)
    LOS_ListDelete                           0x080027af   Thumb Code    20  los_mux.o(i.LOS_ListDelete)
    i.LOS_ListDelete                         0x080027c2   Section        0  los_sem.o(i.LOS_ListDelete)
    LOS_ListDelete                           0x080027c3   Thumb Code    20  los_sem.o(i.LOS_ListDelete)
    i.LOS_ListDelete                         0x080027d6   Section        0  los_memory.o(i.LOS_ListDelete)
    LOS_ListDelete                           0x080027d7   Thumb Code    20  los_memory.o(i.LOS_ListDelete)
    i.LOS_ListEmpty                          0x080027ea   Section        0  los_task.o(i.LOS_ListEmpty)
    LOS_ListEmpty                            0x080027eb   Thumb Code    16  los_task.o(i.LOS_ListEmpty)
    i.LOS_ListEmpty                          0x080027fa   Section        0  los_mux.o(i.LOS_ListEmpty)
    LOS_ListEmpty                            0x080027fb   Thumb Code    16  los_mux.o(i.LOS_ListEmpty)
    i.LOS_ListEmpty                          0x0800280a   Section        0  los_queue.o(i.LOS_ListEmpty)
    LOS_ListEmpty                            0x0800280b   Thumb Code    16  los_queue.o(i.LOS_ListEmpty)
    i.LOS_ListEmpty                          0x0800281a   Section        0  los_sem.o(i.LOS_ListEmpty)
    LOS_ListEmpty                            0x0800281b   Thumb Code    16  los_sem.o(i.LOS_ListEmpty)
    i.LOS_ListInit                           0x0800282a   Section        0  los_task.o(i.LOS_ListInit)
    LOS_ListInit                             0x0800282b   Thumb Code     6  los_task.o(i.LOS_ListInit)
    i.LOS_ListInit                           0x08002830   Section        0  los_mux.o(i.LOS_ListInit)
    LOS_ListInit                             0x08002831   Thumb Code     6  los_mux.o(i.LOS_ListInit)
    i.LOS_ListInit                           0x08002836   Section        0  los_queue.o(i.LOS_ListInit)
    LOS_ListInit                             0x08002837   Thumb Code     6  los_queue.o(i.LOS_ListInit)
    i.LOS_ListInit                           0x0800283c   Section        0  los_sem.o(i.LOS_ListInit)
    LOS_ListInit                             0x0800283d   Thumb Code     6  los_sem.o(i.LOS_ListInit)
    i.LOS_ListTailInsert                     0x08002842   Section        0  los_task.o(i.LOS_ListTailInsert)
    LOS_ListTailInsert                       0x08002843   Thumb Code    16  los_task.o(i.LOS_ListTailInsert)
    i.LOS_ListTailInsert                     0x08002852   Section        0  los_mux.o(i.LOS_ListTailInsert)
    LOS_ListTailInsert                       0x08002853   Thumb Code    16  los_mux.o(i.LOS_ListTailInsert)
    i.LOS_ListTailInsert                     0x08002862   Section        0  los_sem.o(i.LOS_ListTailInsert)
    LOS_ListTailInsert                       0x08002863   Thumb Code    16  los_sem.o(i.LOS_ListTailInsert)
    i.LOS_Log2                               0x08002874   Section        0  los_multipledlinkhead.o(i.LOS_Log2)
    LOS_Log2                                 0x08002875   Thumb Code   320  los_multipledlinkhead.o(i.LOS_Log2)
    i.LOS_MemAlloc                           0x080029b8   Section        0  los_memory.o(i.LOS_MemAlloc)
    i.LOS_MemAllocAlign                      0x080029f2   Section        0  los_memory.o(i.LOS_MemAllocAlign)
    i.LOS_MemFree                            0x08002a5e   Section        0  los_memory.o(i.LOS_MemFree)
    i.LOS_MemInit                            0x08002ab2   Section        0  los_memory.o(i.LOS_MemInit)
    i.LOS_MemboxAlloc                        0x08002b58   Section        0  los_membox.o(i.LOS_MemboxAlloc)
    i.LOS_MemboxClr                          0x08002b98   Section        0  los_membox.o(i.LOS_MemboxClr)
    i.LOS_MemboxFree                         0x08002bb4   Section        0  los_membox.o(i.LOS_MemboxFree)
    i.LOS_MemboxInit                         0x08002c58   Section        0  los_membox.o(i.LOS_MemboxInit)
    i.LOS_MuxCreate                          0x08002cd8   Section        0  los_mux.o(i.LOS_MuxCreate)
    i.LOS_MuxDelete                          0x08002d3c   Section        0  los_mux.o(i.LOS_MuxDelete)
    i.LOS_MuxPend                            0x08002da4   Section        0  los_mux.o(i.LOS_MuxPend)
    i.LOS_MuxPost                            0x08002eec   Section        0  los_mux.o(i.LOS_MuxPost)
    i.LOS_PriqueueDequeue                    0x08002fec   Section        0  los_priqueue.o(i.LOS_PriqueueDequeue)
    i.LOS_PriqueueEnqueue                    0x08003004   Section        0  los_priqueue.o(i.LOS_PriqueueEnqueue)
    i.LOS_PriqueueSize                       0x08003028   Section        0  los_priqueue.o(i.LOS_PriqueueSize)
    i.LOS_PriqueueTop                        0x08003050   Section        0  los_priqueue.o(i.LOS_PriqueueTop)
    i.LOS_QueueCreate                        0x0800308c   Section        0  los_queue.o(i.LOS_QueueCreate)
    i.LOS_QueueDelete                        0x08003108   Section        0  los_queue.o(i.LOS_QueueDelete)
    i.LOS_QueueRead                          0x080031b8   Section        0  los_queue.o(i.LOS_QueueRead)
    i.LOS_QueueWrite                         0x080032e8   Section        0  los_queue.o(i.LOS_QueueWrite)
    i.LOS_Schedule                           0x08003424   Section        0  los_hw.o(i.LOS_Schedule)
    i.LOS_SemCreate                          0x08003464   Section        0  los_sem.o(i.LOS_SemCreate)
    i.LOS_SemDelete                          0x080034d0   Section        0  los_sem.o(i.LOS_SemDelete)
    i.LOS_SemPend                            0x08003530   Section        0  los_sem.o(i.LOS_SemPend)
    i.LOS_SemPost                            0x08003630   Section        0  los_sem.o(i.LOS_SemPost)
    i.LOS_SetTickSycle                       0x080036e8   Section        0  los_hw_tick.o(i.LOS_SetTickSycle)
    i.LOS_Start                              0x080036f4   Section        0  los_config.o(i.LOS_Start)
    i.LOS_SwtmrCreate                        0x08003700   Section        0  los_swtmr.o(i.LOS_SwtmrCreate)
    i.LOS_SwtmrDelete                        0x0800378c   Section        0  los_swtmr.o(i.LOS_SwtmrDelete)
    i.LOS_SwtmrStart                         0x08003810   Section        0  los_swtmr.o(i.LOS_SwtmrStart)
    i.LOS_SwtmrStop                          0x08003894   Section        0  los_swtmr.o(i.LOS_SwtmrStop)
    i.LOS_TaskCreate                         0x08003914   Section        0  los_task.o(i.LOS_TaskCreate)
    i.LOS_TaskCreateOnly                     0x080039b0   Section        0  los_task.o(i.LOS_TaskCreateOnly)
    i.LOS_TaskDelay                          0x08003b34   Section        0  los_task.o(i.LOS_TaskDelay)
    i.LOS_TaskDelete                         0x08003bb4   Section        0  los_task.o(i.LOS_TaskDelete)
    i.LOS_TaskLock                           0x08003d1c   Section        0  los_task.o(i.LOS_TaskLock)
    i.LOS_TaskResume                         0x08003d3c   Section        0  los_task.o(i.LOS_TaskResume)
    i.LOS_TaskSuspend                        0x08003dec   Section        0  los_task.o(i.LOS_TaskSuspend)
    i.LOS_TaskUnlock                         0x08003ed0   Section        0  los_task.o(i.LOS_TaskUnlock)
    i.LOS_TaskYield                          0x08003f0c   Section        0  los_task.o(i.LOS_TaskYield)
    i.LOS_TickCountGet                       0x08003f90   Section        0  los_sys.o(i.LOS_TickCountGet)
    i.LOS_TickHandler                        0x08003f9c   Section        0  los_hw_tick.o(i.LOS_TickHandler)
    i.LosAdapIntInit                         0x08003fd4   Section        0  los_bsp_adapter.o(i.LosAdapIntInit)
    i.MemManage_Handler                      0x08003fd6   Section        0  stm32f10x_it.o(i.MemManage_Handler)
    i.NMI_Handler                            0x08003fda   Section        0  stm32f10x_it.o(i.NMI_Handler)
    i.RCC_APB2PeriphClockCmd                 0x08003fdc   Section        0  stm32f10x_rcc.o(i.RCC_APB2PeriphClockCmd)
    i.RCC_GetClocksFreq                      0x08003ffc   Section        0  stm32f10x_rcc.o(i.RCC_GetClocksFreq)
    i.SVC_Handler                            0x080040d0   Section        0  stm32f10x_it.o(i.SVC_Handler)
    i.SetSysClock                            0x080040d2   Section        0  system_stm32f10x.o(i.SetSysClock)
    SetSysClock                              0x080040d3   Thumb Code     8  system_stm32f10x.o(i.SetSysClock)
    i.SetSysClockTo72                        0x080040dc   Section        0  system_stm32f10x.o(i.SetSysClockTo72)
    SetSysClockTo72                          0x080040dd   Thumb Code   214  system_stm32f10x.o(i.SetSysClockTo72)
    i.SysTick_Handler                        0x080041bc   Section        0  los_bsp_adapter.o(i.SysTick_Handler)
    i.SystemInit                             0x080041c4   Section        0  system_stm32f10x.o(i.SystemInit)
    i.Timer1_Callback                        0x08004224   Section        0  los_api_timer.o(i.Timer1_Callback)
    Timer1_Callback                          0x08004225   Thumb Code    40  los_api_timer.o(i.Timer1_Callback)
    i.Timer2_Callback                        0x08004274   Section        0  los_api_timer.o(i.Timer2_Callback)
    Timer2_Callback                          0x08004275   Thumb Code    60  los_api_timer.o(i.Timer2_Callback)
    i.USART_ClearFlag                        0x080042f0   Section        0  stm32f10x_usart.o(i.USART_ClearFlag)
    i.USART_Cmd                              0x08004302   Section        0  stm32f10x_usart.o(i.USART_Cmd)
    i.USART_GetFlagStatus                    0x0800431a   Section        0  stm32f10x_usart.o(i.USART_GetFlagStatus)
    i.USART_ITConfig                         0x08004334   Section        0  stm32f10x_usart.o(i.USART_ITConfig)
    i.USART_Init                             0x08004380   Section        0  stm32f10x_usart.o(i.USART_Init)
    i.USART_SendData                         0x08004458   Section        0  stm32f10x_usart.o(i.USART_SendData)
    i.UsageFault_Handler                     0x08004462   Section        0  stm32f10x_it.o(i.UsageFault_Handler)
    i.__0printf                              0x08004468   Section        0  printfa.o(i.__0printf)
    i.__scatterload_copy                     0x08004488   Section       14  handlers.o(i.__scatterload_copy)
    i.__scatterload_null                     0x08004496   Section        2  handlers.o(i.__scatterload_null)
    i.__scatterload_zeroinit                 0x08004498   Section       14  handlers.o(i.__scatterload_zeroinit)
    i._fp_digits                             0x080044a8   Section        0  printfa.o(i._fp_digits)
    _fp_digits                               0x080044a9   Thumb Code   366  printfa.o(i._fp_digits)
    i._printf_core                           0x0800462c   Section        0  printfa.o(i._printf_core)
    _printf_core                             0x0800462d   Thumb Code  1744  printfa.o(i._printf_core)
    i._printf_post_padding                   0x08004d08   Section        0  printfa.o(i._printf_post_padding)
    _printf_post_padding                     0x08004d09   Thumb Code    36  printfa.o(i._printf_post_padding)
    i._printf_pre_padding                    0x08004d2c   Section        0  printfa.o(i._printf_pre_padding)
    _printf_pre_padding                      0x08004d2d   Thumb Code    46  printfa.o(i._printf_pre_padding)
    i.fputc                                  0x08004d5c   Section        0  los_bsp_uart.o(i.fputc)
    i.main                                   0x08004d80   Section        0  main.o(i.main)
    i.osHwiDefaultHandler                    0x08004daa   Section        0  los_hwi.o(i.osHwiDefaultHandler)
    i.osHwiInit                              0x08004db4   Section        0  los_hwi.o(i.osHwiInit)
    i.osIdleTask                             0x08004dd8   Section        0  los_task.o(i.osIdleTask)
    i.osIdleTaskCreate                       0x08004ddc   Section        0  los_task.o(i.osIdleTaskCreate)
    i.osIntNumGet                            0x08004e28   Section        0  los_hwi.o(i.osIntNumGet)
    i.osMain                                 0x08004e34   Section        0  los_config.o(i.osMain)
    i.osMemAllocWithCheck                    0x08004ea4   Section        0  los_memory.o(i.osMemAllocWithCheck)
    osMemAllocWithCheck                      0x08004ea5   Thumb Code    92  los_memory.o(i.osMemAllocWithCheck)
    i.osMemCheckUsedNode                     0x08004f00   Section        0  los_memory.o(i.osMemCheckUsedNode)
    osMemCheckUsedNode                       0x08004f01   Thumb Code   152  los_memory.o(i.osMemCheckUsedNode)
    i.osMemFindSuitableFreeBlock             0x08004f98   Section        0  los_memory.o(i.osMemFindSuitableFreeBlock)
    osMemFindSuitableFreeBlock               0x08004f99   Thumb Code    80  los_memory.o(i.osMemFindSuitableFreeBlock)
    i.osMemFreeNode                          0x08004fe8   Section        0  los_memory.o(i.osMemFreeNode)
    osMemFreeNode                            0x08004fe9   Thumb Code   178  los_memory.o(i.osMemFreeNode)
    i.osMemIsNodeValid                       0x0800509a   Section        0  los_memory.o(i.osMemIsNodeValid)
    osMemIsNodeValid                         0x0800509b   Thumb Code    62  los_memory.o(i.osMemIsNodeValid)
    i.osMemMergeNode                         0x080050d8   Section        0  los_memory.o(i.osMemMergeNode)
    osMemMergeNode                           0x080050d9   Thumb Code    36  los_memory.o(i.osMemMergeNode)
    i.osMemSetMagicNumAndTaskid              0x080050fc   Section        0  los_memory.o(i.osMemSetMagicNumAndTaskid)
    osMemSetMagicNumAndTaskid                0x080050fd   Thumb Code    28  los_memory.o(i.osMemSetMagicNumAndTaskid)
    i.osMemSpitNode                          0x0800511c   Section        0  los_memory.o(i.osMemSpitNode)
    osMemSpitNode                            0x0800511d   Thumb Code    92  los_memory.o(i.osMemSpitNode)
    i.osMemSystemInit                        0x08005178   Section        0  los_memory.o(i.osMemSystemInit)
    i.osMuxInit                              0x0800519c   Section        0  los_mux.o(i.osMuxInit)
    i.osPriqueueInit                         0x080051f8   Section        0  los_priqueue.o(i.osPriqueueInit)
    i.osQueueCreate                          0x08005240   Section        0  los_queue.o(i.osQueueCreate)
    i.osQueueInit                            0x080052b0   Section        0  los_queue.o(i.osQueueInit)
    i.osQueuePend                            0x080052e8   Section        0  los_queue.o(i.osQueuePend)
    osQueuePend                              0x080052e9   Thumb Code   132  los_queue.o(i.osQueuePend)
    i.osQueueWakeUp                          0x0800536c   Section        0  los_queue.o(i.osQueueWakeUp)
    osQueueWakeUp                            0x0800536d   Thumb Code    90  los_queue.o(i.osQueueWakeUp)
    i.osRegister                             0x080053c8   Section        0  los_config.o(i.osRegister)
    i.osSchedule                             0x080053e4   Section        0  los_hw.o(i.osSchedule)
    i.osSemInit                              0x080053ec   Section        0  los_sem.o(i.osSemInit)
    i.osSwTmrInit                            0x08005444   Section        0  los_swtmr.o(i.osSwTmrInit)
    i.osSwTmrStart                           0x080054f0   Section        0  los_swtmr.o(i.osSwTmrStart)
    i.osSwTmrTask                            0x08005550   Section        0  los_swtmr.o(i.osSwTmrTask)
    i.osSwTmrTaskCreate                      0x080055a0   Section        0  los_swtmr.o(i.osSwTmrTaskCreate)
    i.osSwTmrTimeoutHandle                   0x080055e8   Section        0  los_swtmr.o(i.osSwTmrTimeoutHandle)
    osSwTmrTimeoutHandle                     0x080055e9   Thumb Code   128  los_swtmr.o(i.osSwTmrTimeoutHandle)
    i.osSwtmrDelete                          0x08005674   Section        0  los_swtmr.o(i.osSwtmrDelete)
    osSwtmrDelete                            0x08005675   Thumb Code    16  los_swtmr.o(i.osSwtmrDelete)
    i.osSwtmrScan                            0x08005688   Section        0  los_swtmr.o(i.osSwtmrScan)
    i.osSwtmrStop                            0x080056ac   Section        0  los_swtmr.o(i.osSwtmrStop)
    i.osTaskAdd2TimerList                    0x080056f4   Section        0  los_task.o(i.osTaskAdd2TimerList)
    i.osTaskEntry                            0x080057b4   Section        0  los_task.o(i.osTaskEntry)
    i.osTaskExit                             0x08005858   Section        0  los_hw.o(i.osTaskExit)
    i.osTaskInit                             0x08005860   Section        0  los_task.o(i.osTaskInit)
    i.osTaskMemUsedDec                       0x08005988   Section        0  los_memstat.o(i.osTaskMemUsedDec)
    i.osTaskMemUsedInc                       0x080059bc   Section        0  los_memstat.o(i.osTaskMemUsedInc)
    i.osTaskPriModify                        0x080059f8   Section        0  los_task.o(i.osTaskPriModify)
    i.osTaskScan                             0x08005a30   Section        0  los_task.o(i.osTaskScan)
    i.osTaskSelfDelete                       0x08005b0c   Section        0  los_task.o(i.osTaskSelfDelete)
    i.osTickHandler                          0x08005c08   Section        0  los_tick.o(i.osTickHandler)
    i.osTickStart                            0x08005c30   Section        0  los_bsp_adapter.o(i.osTickStart)
    i.osTimerListDelete                      0x08005ca0   Section        0  los_task.o(i.osTimerListDelete)
    i.osTimesliceCheck                       0x08005ce8   Section        0  los_timeslice.o(i.osTimesliceCheck)
    i.osTimesliceInit                        0x08005d34   Section        0  los_timeslice.o(i.osTimesliceInit)
    i.osTskStackInit                         0x08005d44   Section        0  los_hw.o(i.osTskStackInit)
    i.recv_Entry                             0x08005dcc   Section        0  los_api_msgqueue.o(i.recv_Entry)
    recv_Entry                               0x08005dcd   Thumb Code   140  los_api_msgqueue.o(i.recv_Entry)
    i.send_Entry                             0x08005ec4   Section        0  los_api_msgqueue.o(i.send_Entry)
    send_Entry                               0x08005ec5   Thumb Code    76  los_api_msgqueue.o(i.send_Entry)
    .constdata                               0x08005f38   Section        9  los_bsp_adapter.o(.constdata)
    .conststring                             0x08005f44   Section       66  los_api_sem.o(.conststring)
    .data                                    0x20000000   Section        4  los_priqueue.o(.data)
    .data                                    0x20000004   Section       16  los_swtmr.o(.data)
    m_uwSwTmrHandlerQueue                    0x20000004   Data           4  los_swtmr.o(.data)
    .data                                    0x20000014   Section       68  los_task.o(.data)
    .data                                    0x20000058   Section       16  los_tick.o(.data)
    .data                                    0x20000068   Section        8  los_timeslice.o(.data)
    .data                                    0x20000070   Section       12  los_mux.o(.data)
    .data                                    0x2000007c   Section        4  los_queue.o(.data)
    .data                                    0x20000080   Section       12  los_sem.o(.data)
    .data                                    0x2000008c   Section        4  los_hw_tick.o(.data)
    .data                                    0x20000090   Section        4  los_hwi.o(.data)
    .data                                    0x20000094   Section        8  los_config.o(.data)
    .data                                    0x2000009c   Section        4  los_api_event.o(.data)
    g_TestTaskID                             0x2000009c   Data           4  los_api_event.o(.data)
    .data                                    0x200000a0   Section       22  los_api_msgqueue.o(.data)
    g_uwQueue                                0x200000a0   Data           4  los_api_msgqueue.o(.data)
    abuf                                     0x200000a4   Data          18  los_api_msgqueue.o(.data)
    .data                                    0x200000b8   Section       12  los_api_mutex.o(.data)
    g_Testmux01                              0x200000b8   Data           4  los_api_mutex.o(.data)
    .data                                    0x200000c4   Section       12  los_api_sem.o(.data)
    g_TestTaskID01                           0x200000c4   Data           4  los_api_sem.o(.data)
    g_TestTaskID02                           0x200000c8   Data           4  los_api_sem.o(.data)
    g_usSemID                                0x200000cc   Data           4  los_api_sem.o(.data)
    .data                                    0x200000d0   Section        8  los_api_task.o(.data)
    g_uwTskHiID                              0x200000d0   Data           4  los_api_task.o(.data)
    g_uwTskLoID                              0x200000d4   Data           4  los_api_task.o(.data)
    .data                                    0x200000d8   Section        8  los_api_timer.o(.data)
    g_timercount1                            0x200000d8   Data           4  los_api_timer.o(.data)
    g_timercount2                            0x200000dc   Data           4  los_api_timer.o(.data)
    .data                                    0x200000e0   Section       12  los_demo_entry.o(.data)
    g_uwDemoTaskID                           0x200000e0   Data           4  los_demo_entry.o(.data)
    .data                                    0x200000ec   Section      168  los_inspect_entry.o(.data)
    gInspectErrCnt                           0x200000ec   Data           4  los_inspect_entry.o(.data)
    g_uwDemoTaskID                           0x200000f0   Data           4  los_inspect_entry.o(.data)
    gInspect                                 0x200000f4   Data         160  los_inspect_entry.o(.data)
    .data                                    0x20000194   Section        4  los_bsp_adapter.o(.data)
    g_ucycle_per_tick                        0x20000194   Data           4  los_bsp_adapter.o(.data)
    .data                                    0x20000198   Section       20  stm32f10x_rcc.o(.data)
    APBAHBPrescTable                         0x20000198   Data          16  stm32f10x_rcc.o(.data)
    ADCPrescTable                            0x200001a8   Data           4  stm32f10x_rcc.o(.data)
    .vector.bss                              0x200001ac   Section     1024  los_hwi.o(.vector.bss)
    .bss                                     0x200005ac   Section      208  los_swtmr.o(.bss)
    .bss                                     0x2000067c   Section    32768  los_memory.o(.bss)
    .bss                                     0x2000867c   Section       64  los_memstat.o(.bss)
    .bss                                     0x200086bc   Section       12  los_api_event.o(.bss)
    example_event                            0x200086bc   Data          12  los_api_event.o(.bss)
    .bss                                     0x200086c8   Section      576  los_api_static_mem.o(.bss)
    pBoxMem                                  0x200086c8   Data         576  los_api_static_mem.o(.bss)
    STACK                                    0x20008908   Section     4096  startup_stm32f10x_hd.o(STACK)

    Global Symbols

    Symbol Name                              Value     Ov Type        Size  Object(Section)

    BuildAttributes$$THM_ISAv4$P$D$K$B$S$PE$A:L22UL41UL21$X:L11$S22US41US21$IEEE1$IW$USESV6$~STKCKD$USESV7$~SHL$OSPACE$ROPI$EBA8$MICROLIB$REQ8$PRES8$EABIv2 0x00000000   Number         0  anon$$obj.o ABSOLUTE
    __ARM_use_no_argv                        0x00000000   Number         0  main.o ABSOLUTE
    _printf_a                                0x00000000   Number         0  stubs.o ABSOLUTE
    _printf_c                                0x00000000   Number         0  stubs.o ABSOLUTE
    _printf_charcount                        0x00000000   Number         0  stubs.o ABSOLUTE
    _printf_d                                0x00000000   Number         0  stubs.o ABSOLUTE
    _printf_e                                0x00000000   Number         0  stubs.o ABSOLUTE
    _printf_f                                0x00000000   Number         0  stubs.o ABSOLUTE
    _printf_flags                            0x00000000   Number         0  stubs.o ABSOLUTE
    _printf_fp_dec                           0x00000000   Number         0  stubs.o ABSOLUTE
    _printf_fp_hex                           0x00000000   Number         0  stubs.o ABSOLUTE
    _printf_g                                0x00000000   Number         0  stubs.o ABSOLUTE
    _printf_i                                0x00000000   Number         0  stubs.o ABSOLUTE
    _printf_int_dec                          0x00000000   Number         0  stubs.o ABSOLUTE
    _printf_l                                0x00000000   Number         0  stubs.o ABSOLUTE
    _printf_lc                               0x00000000   Number         0  stubs.o ABSOLUTE
    _printf_ll                               0x00000000   Number         0  stubs.o ABSOLUTE
    _printf_lld                              0x00000000   Number         0  stubs.o ABSOLUTE
    _printf_lli                              0x00000000   Number         0  stubs.o ABSOLUTE
    _printf_llo                              0x00000000   Number         0  stubs.o ABSOLUTE
    _printf_llu                              0x00000000   Number         0  stubs.o ABSOLUTE
    _printf_llx                              0x00000000   Number         0  stubs.o ABSOLUTE
    _printf_longlong_dec                     0x00000000   Number         0  stubs.o ABSOLUTE
    _printf_longlong_hex                     0x00000000   Number         0  stubs.o ABSOLUTE
    _printf_longlong_oct                     0x00000000   Number         0  stubs.o ABSOLUTE
    _printf_ls                               0x00000000   Number         0  stubs.o ABSOLUTE
    _printf_mbtowc                           0x00000000   Number         0  stubs.o ABSOLUTE
    _printf_n                                0x00000000   Number         0  stubs.o ABSOLUTE
    _printf_o                                0x00000000   Number         0  stubs.o ABSOLUTE
    _printf_p                                0x00000000   Number         0  stubs.o ABSOLUTE
    _printf_percent                          0x00000000   Number         0  stubs.o ABSOLUTE
    _printf_pre_padding                      0x00000000   Number         0  stubs.o ABSOLUTE
    _printf_return_value                     0x00000000   Number         0  stubs.o ABSOLUTE
    _printf_s                                0x00000000   Number         0  stubs.o ABSOLUTE
    _printf_sizespec                         0x00000000   Number         0  stubs.o ABSOLUTE
    _printf_str                              0x00000000   Number         0  stubs.o ABSOLUTE
    _printf_truncate_signed                  0x00000000   Number         0  stubs.o ABSOLUTE
    _printf_truncate_unsigned                0x00000000   Number         0  stubs.o ABSOLUTE
    _printf_u                                0x00000000   Number         0  stubs.o ABSOLUTE
    _printf_wc                               0x00000000   Number         0  stubs.o ABSOLUTE
    _printf_wctomb                           0x00000000   Number         0  stubs.o ABSOLUTE
    _printf_widthprec                        0x00000000   Number         0  stubs.o ABSOLUTE
    _printf_x                                0x00000000   Number         0  stubs.o ABSOLUTE
    __cpp_initialize__aeabi_                  - Undefined Weak Reference
    __cxa_finalize                            - Undefined Weak Reference
    _clock_init                               - Undefined Weak Reference
    _microlib_exit                            - Undefined Weak Reference
    __Vectors_Size                           0x00000130   Number         0  startup_stm32f10x_hd.o ABSOLUTE
    __Vectors                                0x08000000   Data           0  startup_stm32f10x_hd.o(RESET)
    __Vectors_End                            0x08000130   Data           0  startup_stm32f10x_hd.o(RESET)
    __main                                   0x08000131   Thumb Code     0  entry.o(.ARM.Collect$$$$00000000)
    _main_stk                                0x08000131   Thumb Code     0  entry2.o(.ARM.Collect$$$$00000001)
    _main_scatterload                        0x08000135   Thumb Code     0  entry5.o(.ARM.Collect$$$$00000004)
    __main_after_scatterload                 0x08000139   Thumb Code     0  entry5.o(.ARM.Collect$$$$00000004)
    _main_clock                              0x08000139   Thumb Code     0  entry7b.o(.ARM.Collect$$$$00000008)
    _main_cpp_init                           0x08000139   Thumb Code     0  entry8b.o(.ARM.Collect$$$$0000000A)
    _main_init                               0x08000139   Thumb Code     0  entry9a.o(.ARM.Collect$$$$0000000B)
    __rt_final_cpp                           0x08000141   Thumb Code     0  entry10a.o(.ARM.Collect$$$$0000000D)
    __rt_final_exit                          0x08000141   Thumb Code     0  entry11a.o(.ARM.Collect$$$$0000000F)
    LOS_StartToRun                           0x08000145   Thumb Code     0  los_dispatch_keil.o(.text)
    Reset_Handler                            0x080001a1   Thumb Code     8  startup_stm32f10x_hd.o(.text)
    ADC1_2_IRQHandler                        0x080001bb   Thumb Code     0  startup_stm32f10x_hd.o(.text)
    ADC3_IRQHandler                          0x080001bb   Thumb Code     0  startup_stm32f10x_hd.o(.text)
    CAN1_RX1_IRQHandler                      0x080001bb   Thumb Code     0  startup_stm32f10x_hd.o(.text)
    CAN1_SCE_IRQHandler                      0x080001bb   Thumb Code     0  startup_stm32f10x_hd.o(.text)
    DMA1_Channel1_IRQHandler                 0x080001bb   Thumb Code     0  startup_stm32f10x_hd.o(.text)
    DMA1_Channel2_IRQHandler                 0x080001bb   Thumb Code     0  startup_stm32f10x_hd.o(.text)
    DMA1_Channel3_IRQHandler                 0x080001bb   Thumb Code     0  startup_stm32f10x_hd.o(.text)
    DMA1_Channel4_IRQHandler                 0x080001bb   Thumb Code     0  startup_stm32f10x_hd.o(.text)
    DMA1_Channel5_IRQHandler                 0x080001bb   Thumb Code     0  startup_stm32f10x_hd.o(.text)
    DMA1_Channel6_IRQHandler                 0x080001bb   Thumb Code     0  startup_stm32f10x_hd.o(.text)
    DMA1_Channel7_IRQHandler                 0x080001bb   Thumb Code     0  startup_stm32f10x_hd.o(.text)
    DMA2_Channel1_IRQHandler                 0x080001bb   Thumb Code     0  startup_stm32f10x_hd.o(.text)
    DMA2_Channel2_IRQHandler                 0x080001bb   Thumb Code     0  startup_stm32f10x_hd.o(.text)
    DMA2_Channel3_IRQHandler                 0x080001bb   Thumb Code     0  startup_stm32f10x_hd.o(.text)
    DMA2_Channel4_5_IRQHandler               0x080001bb   Thumb Code     0  startup_stm32f10x_hd.o(.text)
    EXTI0_IRQHandler                         0x080001bb   Thumb Code     0  startup_stm32f10x_hd.o(.text)
    EXTI15_10_IRQHandler                     0x080001bb   Thumb Code     0  startup_stm32f10x_hd.o(.text)
    EXTI1_IRQHandler                         0x080001bb   Thumb Code     0  startup_stm32f10x_hd.o(.text)
    EXTI2_IRQHandler                         0x080001bb   Thumb Code     0  startup_stm32f10x_hd.o(.text)
    EXTI3_IRQHandler                         0x080001bb   Thumb Code     0  startup_stm32f10x_hd.o(.text)
    EXTI4_IRQHandler                         0x080001bb   Thumb Code     0  startup_stm32f10x_hd.o(.text)
    EXTI9_5_IRQHandler                       0x080001bb   Thumb Code     0  startup_stm32f10x_hd.o(.text)
    FLASH_IRQHandler                         0x080001bb   Thumb Code     0  startup_stm32f10x_hd.o(.text)
    FSMC_IRQHandler                          0x080001bb   Thumb Code     0  startup_stm32f10x_hd.o(.text)
    I2C1_ER_IRQHandler                       0x080001bb   Thumb Code     0  startup_stm32f10x_hd.o(.text)
    I2C1_EV_IRQHandler                       0x080001bb   Thumb Code     0  startup_stm32f10x_hd.o(.text)
    I2C2_ER_IRQHandler                       0x080001bb   Thumb Code     0  startup_stm32f10x_hd.o(.text)
    I2C2_EV_IRQHandler                       0x080001bb   Thumb Code     0  startup_stm32f10x_hd.o(.text)
    PVD_IRQHandler                           0x080001bb   Thumb Code     0  startup_stm32f10x_hd.o(.text)
    RCC_IRQHandler                           0x080001bb   Thumb Code     0  startup_stm32f10x_hd.o(.text)
    RTCAlarm_IRQHandler                      0x080001bb   Thumb Code     0  startup_stm32f10x_hd.o(.text)
    RTC_IRQHandler                           0x080001bb   Thumb Code     0  startup_stm32f10x_hd.o(.text)
    SDIO_IRQHandler                          0x080001bb   Thumb Code     0  startup_stm32f10x_hd.o(.text)
    SPI1_IRQHandler                          0x080001bb   Thumb Code     0  startup_stm32f10x_hd.o(.text)
    SPI2_IRQHandler                          0x080001bb   Thumb Code     0  startup_stm32f10x_hd.o(.text)
    SPI3_IRQHandler                          0x080001bb   Thumb Code     0  startup_stm32f10x_hd.o(.text)
    TAMPER_IRQHandler                        0x080001bb   Thumb Code     0  startup_stm32f10x_hd.o(.text)
    TIM1_BRK_IRQHandler                      0x080001bb   Thumb Code     0  startup_stm32f10x_hd.o(.text)
    TIM1_CC_IRQHandler                       0x080001bb   Thumb Code     0  startup_stm32f10x_hd.o(.text)
    TIM1_TRG_COM_IRQHandler                  0x080001bb   Thumb Code     0  startup_stm32f10x_hd.o(.text)
    TIM1_UP_IRQHandler                       0x080001bb   Thumb Code     0  startup_stm32f10x_hd.o(.text)
    TIM2_IRQHandler                          0x080001bb   Thumb Code     0  startup_stm32f10x_hd.o(.text)
    TIM3_IRQHandler                          0x080001bb   Thumb Code     0  startup_stm32f10x_hd.o(.text)
    TIM4_IRQHandler                          0x080001bb   Thumb Code     0  startup_stm32f10x_hd.o(.text)
    TIM5_IRQHandler                          0x080001bb   Thumb Code     0  startup_stm32f10x_hd.o(.text)
    TIM6_IRQHandler                          0x080001bb   Thumb Code     0  startup_stm32f10x_hd.o(.text)
    TIM7_IRQHandler                          0x080001bb   Thumb Code     0  startup_stm32f10x_hd.o(.text)
    TIM8_BRK_IRQHandler                      0x080001bb   Thumb Code     0  startup_stm32f10x_hd.o(.text)
    TIM8_CC_IRQHandler                       0x080001bb   Thumb Code     0  startup_stm32f10x_hd.o(.text)
    TIM8_TRG_COM_IRQHandler                  0x080001bb   Thumb Code     0  startup_stm32f10x_hd.o(.text)
    TIM8_UP_IRQHandler                       0x080001bb   Thumb Code     0  startup_stm32f10x_hd.o(.text)
    UART4_IRQHandler                         0x080001bb   Thumb Code     0  startup_stm32f10x_hd.o(.text)
    UART5_IRQHandler                         0x080001bb   Thumb Code     0  startup_stm32f10x_hd.o(.text)
    USART1_IRQHandler                        0x080001bb   Thumb Code     0  startup_stm32f10x_hd.o(.text)
    USART2_IRQHandler                        0x080001bb   Thumb Code     0  startup_stm32f10x_hd.o(.text)
    USART3_IRQHandler                        0x080001bb   Thumb Code     0  startup_stm32f10x_hd.o(.text)
    USBWakeUp_IRQHandler                     0x080001bb   Thumb Code     0  startup_stm32f10x_hd.o(.text)
    USB_HP_CAN1_TX_IRQHandler                0x080001bb   Thumb Code     0  startup_stm32f10x_hd.o(.text)
    USB_LP_CAN1_RX0_IRQHandler               0x080001bb   Thumb Code     0  startup_stm32f10x_hd.o(.text)
    WWDG_IRQHandler                          0x080001bb   Thumb Code     0  startup_stm32f10x_hd.o(.text)
    __aeabi_uldivmod                         0x080001c5   Thumb Code    98  uldiv.o(.text)
    __aeabi_memset                           0x08000227   Thumb Code    14  memseta.o(.text)
    __aeabi_memset4                          0x08000227   Thumb Code     0  memseta.o(.text)
    __aeabi_memset8                          0x08000227   Thumb Code     0  memseta.o(.text)
    __aeabi_memclr                           0x08000235   Thumb Code     4  memseta.o(.text)
    __aeabi_memclr4                          0x08000235   Thumb Code     0  memseta.o(.text)
    __aeabi_memclr8                          0x08000235   Thumb Code     0  memseta.o(.text)
    _memset$wrapper                          0x08000239   Thumb Code    18  memseta.o(.text)
    __aeabi_ddiv                             0x0800024b   Thumb Code   222  ddiv.o(.text)
    __aeabi_d2ulz                            0x08000329   Thumb Code    48  dfixul.o(.text)
    __aeabi_uidiv                            0x08000359   Thumb Code     0  uidiv.o(.text)
    __aeabi_uidivmod                         0x08000359   Thumb Code    44  uidiv.o(.text)
    __aeabi_llsl                             0x08000385   Thumb Code    30  llshl.o(.text)
    _ll_shift_l                              0x08000385   Thumb Code     0  llshl.o(.text)
    __aeabi_llsr                             0x080003a3   Thumb Code    32  llushr.o(.text)
    _ll_ushift_r                             0x080003a3   Thumb Code     0  llushr.o(.text)
    __I$use$fp                               0x080003c3   Thumb Code     0  iusefp.o(.text)
    _double_round                            0x080003c3   Thumb Code    30  depilogue.o(.text)
    _double_epilogue                         0x080003e1   Thumb Code   156  depilogue.o(.text)
    __aeabi_dadd                             0x0800047d   Thumb Code   322  dadd.o(.text)
    __aeabi_dsub                             0x080005bf   Thumb Code     6  dadd.o(.text)
    __aeabi_drsub                            0x080005c5   Thumb Code     6  dadd.o(.text)
    __aeabi_dmul                             0x080005cb   Thumb Code   228  dmul.o(.text)
    __aeabi_cdrcmple                         0x080006b1   Thumb Code    48  cdrcmple.o(.text)
    __scatterload                            0x080006e1   Thumb Code    28  init.o(.text)
    __scatterload_rt2                        0x080006e1   Thumb Code     0  init.o(.text)
    __aeabi_lasr                             0x08000705   Thumb Code    36  llsshr.o(.text)
    _ll_sshift_r                             0x08000705   Thumb Code     0  llsshr.o(.text)
    __decompress                             0x08000729   Thumb Code     0  __dczerorl2.o(.text)
    __decompress1                            0x08000729   Thumb Code    86  __dczerorl2.o(.text)
    LOS_IntNumGet                            0x08000781   Thumb Code     0  los_dispatch_keil.o(KERNEL)
    osDisableIRQ                             0x08000787   Thumb Code     0  los_dispatch_keil.o(KERNEL)
    LOS_IntLock                              0x0800078b   Thumb Code     0  los_dispatch_keil.o(KERNEL)
    LOS_IntUnLock                            0x08000793   Thumb Code     0  los_dispatch_keil.o(KERNEL)
    LOS_IntRestore                           0x0800079b   Thumb Code     0  los_dispatch_keil.o(KERNEL)
    osTaskSchedule                           0x080007a1   Thumb Code     0  los_dispatch_keil.o(KERNEL)
    PendSV_Handler                           0x080007ab   Thumb Code     0  los_dispatch_keil.o(KERNEL)
    BusFault_Handler                         0x08000809   Thumb Code     4  stm32f10x_it.o(i.BusFault_Handler)
    DebugMon_Handler                         0x0800080d   Thumb Code     2  stm32f10x_it.o(i.DebugMon_Handler)
    Example_Dyn_Mem                          0x08000811   Thumb Code   154  los_api_dynamic_mem.o(i.Example_Dyn_Mem)
    Example_Event                            0x0800094d   Thumb Code    84  los_api_event.o(i.Example_Event)
    Example_GetTick                          0x08000a21   Thumb Code   158  los_api_systick.o(i.Example_GetTick)
    Example_MsgQueue                         0x08000b31   Thumb Code   130  los_api_msgqueue.o(i.Example_MsgQueue)
    Example_MutexLock                        0x08000c51   Thumb Code   184  los_api_mutex.o(i.Example_MutexLock)
    Example_Semphore                         0x0800118d   Thumb Code   204  los_api_sem.o(i.Example_Semphore)
    Example_SndRcvEvent                      0x080012e5   Thumb Code   162  los_api_event.o(i.Example_SndRcvEvent)
    Example_StaticMem                        0x08001439   Thumb Code   164  los_api_static_mem.o(i.Example_StaticMem)
    Example_TskCaseEntry                     0x080017f1   Thumb Code   152  los_api_task.o(i.Example_TskCaseEntry)
    Example_list                             0x0800196d   Thumb Code   268  los_api_list.o(i.Example_list)
    Example_swTimer                          0x08001b3d   Thumb Code   258  los_api_timer.o(i.Example_swTimer)
    GPIO_Init                                0x08001d8d   Thumb Code   278  stm32f10x_gpio.o(i.GPIO_Init)
    GPIO_ReadInputDataBit                    0x08001ea3   Thumb Code    18  stm32f10x_gpio.o(i.GPIO_ReadInputDataBit)
    GPIO_SetBits                             0x08001eb5   Thumb Code     4  stm32f10x_gpio.o(i.GPIO_SetBits)
    HardFault_Handler                        0x08001eb9   Thumb Code     4  stm32f10x_it.o(i.HardFault_Handler)
    LOS_Align                                0x08001ebd   Thumb Code    28  los_misc.o(i.LOS_Align)
    LOS_CyclePerTickGet                      0x08001ed9   Thumb Code     6  los_sys.o(i.LOS_CyclePerTickGet)
    LOS_DLnkInitMultiHead                    0x08001edf   Thumb Code    30  los_multipledlinkhead.o(i.LOS_DLnkInitMultiHead)
    LOS_DLnkMultiHead                        0x08001efd   Thumb Code    42  los_multipledlinkhead.o(i.LOS_DLnkMultiHead)
    LOS_EnableTick                           0x08001f27   Thumb Code    12  los_config.o(i.LOS_EnableTick)
    LOS_EvbGetKeyVal                         0x08001f35   Thumb Code    30  los_bsp_key.o(i.LOS_EvbGetKeyVal)
    LOS_EvbKeyInit                           0x08001f59   Thumb Code    32  los_bsp_key.o(i.LOS_EvbKeyInit)
    LOS_EvbLedControl                        0x08001f7d   Thumb Code    84  los_bsp_led.o(i.LOS_EvbLedControl)
    LOS_EvbLedInit                           0x08001fd5   Thumb Code    90  los_bsp_led.o(i.LOS_EvbLedInit)
    LOS_EvbSetup                             0x08002035   Thumb Code    16  los_bsp_adapter.o(i.LOS_EvbSetup)
    LOS_EvbUartInit                          0x08002045   Thumb Code   142  los_bsp_uart.o(i.LOS_EvbUartInit)
    LOS_EventClear                           0x080020dd   Thumb Code    34  los_event.o(i.LOS_EventClear)
    LOS_EventInit                            0x08002105   Thumb Code    24  los_event.o(i.LOS_EventInit)
    LOS_EventPoll                            0x08002121   Thumb Code    80  los_event.o(i.LOS_EventPoll)
    LOS_EventRead                            0x08002171   Thumb Code   330  los_event.o(i.LOS_EventRead)
    LOS_EventWrite                           0x080022cd   Thumb Code   244  los_event.o(i.LOS_EventWrite)
    LOS_InspectByID                          0x080023c5   Thumb Code   204  los_inspect_entry.o(i.LOS_InspectByID)
    LOS_InspectStatusSetByID                 0x08002529   Thumb Code    78  los_inspect_entry.o(i.LOS_InspectStatusSetByID)
    LOS_Inspect_Entry                        0x080025b9   Thumb Code    52  los_inspect_entry.o(i.LOS_Inspect_Entry)
    LOS_KernelInit                           0x08002735   Thumb Code    18  los_config.o(i.LOS_KernelInit)
    LOS_MemAlloc                             0x080029b9   Thumb Code    58  los_memory.o(i.LOS_MemAlloc)
    LOS_MemAllocAlign                        0x080029f3   Thumb Code   108  los_memory.o(i.LOS_MemAllocAlign)
    LOS_MemFree                              0x08002a5f   Thumb Code    84  los_memory.o(i.LOS_MemFree)
    LOS_MemInit                              0x08002ab3   Thumb Code   166  los_memory.o(i.LOS_MemInit)
    LOS_MemboxAlloc                          0x08002b59   Thumb Code    60  los_membox.o(i.LOS_MemboxAlloc)
    LOS_MemboxClr                            0x08002b99   Thumb Code    28  los_membox.o(i.LOS_MemboxClr)
    LOS_MemboxFree                           0x08002bb5   Thumb Code   158  los_membox.o(i.LOS_MemboxFree)
    LOS_MemboxInit                           0x08002c59   Thumb Code   128  los_membox.o(i.LOS_MemboxInit)
    LOS_MuxCreate                            0x08002cd9   Thumb Code    90  los_mux.o(i.LOS_MuxCreate)
    LOS_MuxDelete                            0x08002d3d   Thumb Code    90  los_mux.o(i.LOS_MuxDelete)
    LOS_MuxPend                              0x08002da5   Thumb Code   308  los_mux.o(i.LOS_MuxPend)
    LOS_MuxPost                              0x08002eed   Thumb Code   238  los_mux.o(i.LOS_MuxPost)
    LOS_PriqueueDequeue                      0x08002fed   Thumb Code    24  los_priqueue.o(i.LOS_PriqueueDequeue)
    LOS_PriqueueEnqueue                      0x08003005   Thumb Code    32  los_priqueue.o(i.LOS_PriqueueEnqueue)
    LOS_PriqueueSize                         0x08003029   Thumb Code    36  los_priqueue.o(i.LOS_PriqueueSize)
    LOS_PriqueueTop                          0x08003051   Thumb Code    54  los_priqueue.o(i.LOS_PriqueueTop)
    LOS_QueueCreate                          0x0800308d   Thumb Code   118  los_queue.o(i.LOS_QueueCreate)
    LOS_QueueDelete                          0x08003109   Thumb Code   162  los_queue.o(i.LOS_QueueDelete)
    LOS_QueueRead                            0x080031b9   Thumb Code   282  los_queue.o(i.LOS_QueueRead)
    LOS_QueueWrite                           0x080032e9   Thumb Code   296  los_queue.o(i.LOS_QueueWrite)
    LOS_Schedule                             0x08003425   Thumb Code    56  los_hw.o(i.LOS_Schedule)
    LOS_SemCreate                            0x08003465   Thumb Code    98  los_sem.o(i.LOS_SemCreate)
    LOS_SemDelete                            0x080034d1   Thumb Code    82  los_sem.o(i.LOS_SemDelete)
    LOS_SemPend                              0x08003531   Thumb Code   236  los_sem.o(i.LOS_SemPend)
    LOS_SemPost                              0x08003631   Thumb Code   176  los_sem.o(i.LOS_SemPost)
    LOS_SetTickSycle                         0x080036e9   Thumb Code     6  los_hw_tick.o(i.LOS_SetTickSycle)
    LOS_Start                                0x080036f5   Thumb Code    12  los_config.o(i.LOS_Start)
    LOS_SwtmrCreate                          0x08003701   Thumb Code   130  los_swtmr.o(i.LOS_SwtmrCreate)
    LOS_SwtmrDelete                          0x0800378d   Thumb Code   122  los_swtmr.o(i.LOS_SwtmrDelete)
    LOS_SwtmrStart                           0x08003811   Thumb Code   122  los_swtmr.o(i.LOS_SwtmrStart)
    LOS_SwtmrStop                            0x08003895   Thumb Code   120  los_swtmr.o(i.LOS_SwtmrStop)
    LOS_TaskCreate                           0x08003915   Thumb Code   140  los_task.o(i.LOS_TaskCreate)
    LOS_TaskCreateOnly                       0x080039b1   Thumb Code   368  los_task.o(i.LOS_TaskCreateOnly)
    LOS_TaskDelay                            0x08003b35   Thumb Code   106  los_task.o(i.LOS_TaskDelay)
    LOS_TaskDelete                           0x08003bb5   Thumb Code   320  los_task.o(i.LOS_TaskDelete)
    LOS_TaskLock                             0x08003d1d   Thumb Code    26  los_task.o(i.LOS_TaskLock)
    LOS_TaskResume                           0x08003d3d   Thumb Code   158  los_task.o(i.LOS_TaskResume)
    LOS_TaskSuspend                          0x08003ded   Thumb Code   196  los_task.o(i.LOS_TaskSuspend)
    LOS_TaskUnlock                           0x08003ed1   Thumb Code    54  los_task.o(i.LOS_TaskUnlock)
    LOS_TaskYield                            0x08003f0d   Thumb Code   118  los_task.o(i.LOS_TaskYield)
    LOS_TickCountGet                         0x08003f91   Thumb Code     6  los_sys.o(i.LOS_TickCountGet)
    LOS_TickHandler                          0x08003f9d   Thumb Code    52  los_hw_tick.o(i.LOS_TickHandler)
    LosAdapIntInit                           0x08003fd5   Thumb Code     2  los_bsp_adapter.o(i.LosAdapIntInit)
    MemManage_Handler                        0x08003fd7   Thumb Code     4  stm32f10x_it.o(i.MemManage_Handler)
    NMI_Handler                              0x08003fdb   Thumb Code     2  stm32f10x_it.o(i.NMI_Handler)
    RCC_APB2PeriphClockCmd                   0x08003fdd   Thumb Code    26  stm32f10x_rcc.o(i.RCC_APB2PeriphClockCmd)
    RCC_GetClocksFreq                        0x08003ffd   Thumb Code   192  stm32f10x_rcc.o(i.RCC_GetClocksFreq)
    SVC_Handler                              0x080040d1   Thumb Code     2  stm32f10x_it.o(i.SVC_Handler)
    SysTick_Handler                          0x080041bd   Thumb Code     8  los_bsp_adapter.o(i.SysTick_Handler)
    SystemInit                               0x080041c5   Thumb Code    78  system_stm32f10x.o(i.SystemInit)
    USART_ClearFlag                          0x080042f1   Thumb Code    18  stm32f10x_usart.o(i.USART_ClearFlag)
    USART_Cmd                                0x08004303   Thumb Code    24  stm32f10x_usart.o(i.USART_Cmd)
    USART_GetFlagStatus                      0x0800431b   Thumb Code    26  stm32f10x_usart.o(i.USART_GetFlagStatus)
    USART_ITConfig                           0x08004335   Thumb Code    74  stm32f10x_usart.o(i.USART_ITConfig)
    USART_Init                               0x08004381   Thumb Code   210  stm32f10x_usart.o(i.USART_Init)
    USART_SendData                           0x08004459   Thumb Code    10  stm32f10x_usart.o(i.USART_SendData)
    UsageFault_Handler                       0x08004463   Thumb Code     4  stm32f10x_it.o(i.UsageFault_Handler)
    __0printf                                0x08004469   Thumb Code    22  printfa.o(i.__0printf)
    __1printf                                0x08004469   Thumb Code     0  printfa.o(i.__0printf)
    __2printf                                0x08004469   Thumb Code     0  printfa.o(i.__0printf)
    __c89printf                              0x08004469   Thumb Code     0  printfa.o(i.__0printf)
    printf                                   0x08004469   Thumb Code     0  printfa.o(i.__0printf)
    __scatterload_copy                       0x08004489   Thumb Code    14  handlers.o(i.__scatterload_copy)
    __scatterload_null                       0x08004497   Thumb Code     2  handlers.o(i.__scatterload_null)
    __scatterload_zeroinit                   0x08004499   Thumb Code    14  handlers.o(i.__scatterload_zeroinit)
    fputc                                    0x08004d5d   Thumb Code    32  los_bsp_uart.o(i.fputc)
    main                                     0x08004d81   Thumb Code    42  main.o(i.main)
    osHwiDefaultHandler                      0x08004dab   Thumb Code     8  los_hwi.o(i.osHwiDefaultHandler)
    osHwiInit                                0x08004db5   Thumb Code    26  los_hwi.o(i.osHwiInit)
    osIdleTask                               0x08004dd9   Thumb Code     4  los_task.o(i.osIdleTask)
    osIdleTaskCreate                         0x08004ddd   Thumb Code    54  los_task.o(i.osIdleTaskCreate)
    osIntNumGet                              0x08004e29   Thumb Code    12  los_hwi.o(i.osIntNumGet)
    osMain                                   0x08004e35   Thumb Code   108  los_config.o(i.osMain)
    osMemSystemInit                          0x08005179   Thumb Code    26  los_memory.o(i.osMemSystemInit)
    osMuxInit                                0x0800519d   Thumb Code    74  los_mux.o(i.osMuxInit)
    osPriqueueInit                           0x080051f9   Thumb Code    64  los_priqueue.o(i.osPriqueueInit)
    osQueueCreate                            0x08005241   Thumb Code   100  los_queue.o(i.osQueueCreate)
    osQueueInit                              0x080052b1   Thumb Code    44  los_queue.o(i.osQueueInit)
    osRegister                               0x080053c9   Thumb Code    14  los_config.o(i.osRegister)
    osSchedule                               0x080053e5   Thumb Code     8  los_hw.o(i.osSchedule)
    osSemInit                                0x080053ed   Thumb Code    70  los_sem.o(i.osSemInit)
    osSwTmrInit                              0x08005445   Thumb Code   142  los_swtmr.o(i.osSwTmrInit)
    osSwTmrStart                             0x080054f1   Thumb Code    92  los_swtmr.o(i.osSwTmrStart)
    osSwTmrTask                              0x08005551   Thumb Code    70  los_swtmr.o(i.osSwTmrTask)
    osSwTmrTaskCreate                        0x080055a1   Thumb Code    52  los_swtmr.o(i.osSwTmrTaskCreate)
    osSwtmrScan                              0x08005689   Thumb Code    32  los_swtmr.o(i.osSwtmrScan)
    osSwtmrStop                              0x080056ad   Thumb Code    66  los_swtmr.o(i.osSwtmrStop)
    osTaskAdd2TimerList                      0x080056f5   Thumb Code   188  los_task.o(i.osTaskAdd2TimerList)
    osTaskEntry                              0x080057b5   Thumb Code   154  los_task.o(i.osTaskEntry)
    osTaskExit                               0x08005859   Thumb Code     8  los_hw.o(i.osTaskExit)
    osTaskInit                               0x08005861   Thumb Code   258  los_task.o(i.osTaskInit)
    osTaskMemUsedDec                         0x08005989   Thumb Code    40  los_memstat.o(i.osTaskMemUsedDec)
    osTaskMemUsedInc                         0x080059bd   Thumb Code    48  los_memstat.o(i.osTaskMemUsedInc)
    osTaskPriModify                          0x080059f9   Thumb Code    56  los_task.o(i.osTaskPriModify)
    osTaskScan                               0x08005a31   Thumb Code   214  los_task.o(i.osTaskScan)
    osTaskSelfDelete                         0x08005b0d   Thumb Code   236  los_task.o(i.osTaskSelfDelete)
    osTickHandler                            0x08005c09   Thumb Code    34  los_tick.o(i.osTickHandler)
    osTickStart                              0x08005c31   Thumb Code    94  los_bsp_adapter.o(i.osTickStart)
    osTimerListDelete                        0x08005ca1   Thumb Code    66  los_task.o(i.osTimerListDelete)
    osTimesliceCheck                         0x08005ce9   Thumb Code    64  los_timeslice.o(i.osTimesliceCheck)
    osTimesliceInit                          0x08005d35   Thumb Code    12  los_timeslice.o(i.osTimesliceInit)
    osTskStackInit                           0x08005d45   Thumb Code   128  los_hw.o(i.osTskStackInit)
    sys_clk_freq                             0x08005f38   Data           4  los_bsp_adapter.o(.constdata)
    tick_per_second                          0x08005f3c   Data           4  los_bsp_adapter.o(.constdata)
    g_use_ram_vect                           0x08005f40   Data           1  los_bsp_adapter.o(.constdata)
    Region$$Table$$Base                      0x08005f88   Number         0  anon$$obj.o(Region$$Table)
    Region$$Table$$Limit                     0x08005fa8   Number         0  anon$$obj.o(Region$$Table)
    g_pstLosPriorityQueueList                0x20000000   Data           4  los_priqueue.o(.data)
    m_pstSwtmrCBArray                        0x20000008   Data           4  los_swtmr.o(.data)
    m_pstSwtmrFreeList                       0x2000000c   Data           4  los_swtmr.o(.data)
    m_pstSwtmrSortList                       0x20000010   Data           4  los_swtmr.o(.data)
    g_pstTaskCBArray                         0x20000014   Data           4  los_task.o(.data)
    g_stLosTask                              0x20000018   Data           8  los_task.o(.data)
    g_usLosTaskLock                          0x20000020   Data           2  los_task.o(.data)
    g_uwTskMaxNum                            0x20000024   Data           4  los_task.o(.data)
    g_uwIdleTaskID                           0x20000028   Data           4  los_task.o(.data)
    g_uwSwtmrTaskID                          0x2000002c   Data           4  los_task.o(.data)
    g_stTaskTimerList                        0x20000030   Data           8  los_task.o(.data)
    g_stLosFreeTask                          0x20000038   Data           8  los_task.o(.data)
    g_stTskRecyleList                        0x20000040   Data           8  los_task.o(.data)
    g_stTskSortLink                          0x20000048   Data           8  los_task.o(.data)
    g_bTaskScheduled                         0x20000050   Data           4  los_task.o(.data)
    g_pfnTskSwitchHook                       0x20000054   Data           4  los_task.o(.data)
    g_ullTickCount                           0x20000058   Data           8  los_tick.o(.data)
    g_uwTicksPerSec                          0x20000060   Data           4  los_tick.o(.data)
    g_uwCyclePerSec                          0x20000064   Data           4  los_tick.o(.data)
    g_stTaskTimeSlice                        0x20000068   Data           8  los_timeslice.o(.data)
    g_pstAllMux                              0x20000070   Data           4  los_mux.o(.data)
    g_stUnusedMuxList                        0x20000074   Data           8  los_mux.o(.data)
    g_pstAllQueue                            0x2000007c   Data           4  los_queue.o(.data)
    g_stUnusedSemList                        0x20000080   Data           8  los_sem.o(.data)
    g_pstAllSem                              0x20000088   Data           4  los_sem.o(.data)
    g_uwCyclesPerTick                        0x2000008c   Data           4  los_hw_tick.o(.data)
    g_vuwIntCount                            0x20000090   Data           4  los_hwi.o(.data)
    m_aucSysMem0                             0x20000094   Data           4  los_config.o(.data)
    g_sys_mem_addr_end                       0x20000098   Data           4  los_config.o(.data)
    g_TestTaskID01                           0x200000bc   Data           4  los_api_mutex.o(.data)
    g_TestTaskID02                           0x200000c0   Data           4  los_api_mutex.o(.data)
    __stdout                                 0x200000e4   Data           4  los_demo_entry.o(.data)
    __stdin                                  0x200000e8   Data           4  los_demo_entry.o(.data)
    m_pstHwiForm                             0x200001ac   Data        1024  los_hwi.o(.vector.bss)
    m_aucSwTmrHandlerPool                    0x200005ac   Data         208  los_swtmr.o(.bss)
    g_ucMemStart                             0x2000067c   Data       32768  los_memory.o(.bss)
    g_TskMemUsedInfo                         0x2000867c   Data          64  los_memstat.o(.bss)
    __initial_sp                             0x20009908   Data           0  startup_stm32f10x_hd.o(STACK)



==============================================================================

Memory Map of the image

  Image Entry point : 0x08000131

  Load Region LR_IROM1 (Base: 0x08000000, Size: 0x00006554, Max: 0x00080000, ABSOLUTE, COMPRESSED[0x00006064])

    Execution Region ER_IROM1 (Exec base: 0x08000000, Load base: 0x08000000, Size: 0x00005fa8, Max: 0x00080000, ABSOLUTE)

    Exec Addr    Load Addr    Size         Type   Attr      Idx    E Section Name        Object

    0x08000000   0x08000000   0x00000130   Data   RO         2331    RESET               startup_stm32f10x_hd.o
    0x08000130   0x08000130   0x00000000   Code   RO         5379  * .ARM.Collect$$$$00000000  mc_w.l(entry.o)
    0x08000130   0x08000130   0x00000004   Code   RO         5657    .ARM.Collect$$$$00000001  mc_w.l(entry2.o)
    0x08000134   0x08000134   0x00000004   Code   RO         5660    .ARM.Collect$$$$00000004  mc_w.l(entry5.o)
    0x08000138   0x08000138   0x00000000   Code   RO         5662    .ARM.Collect$$$$00000008  mc_w.l(entry7b.o)
    0x08000138   0x08000138   0x00000000   Code   RO         5664    .ARM.Collect$$$$0000000A  mc_w.l(entry8b.o)
    0x08000138   0x08000138   0x00000008   Code   RO         5665    .ARM.Collect$$$$0000000B  mc_w.l(entry9a.o)
    0x08000140   0x08000140   0x00000000   Code   RO         5667    .ARM.Collect$$$$0000000D  mc_w.l(entry10a.o)
    0x08000140   0x08000140   0x00000000   Code   RO         5669    .ARM.Collect$$$$0000000F  mc_w.l(entry11a.o)
    0x08000140   0x08000140   0x00000004   Code   RO         5658    .ARM.Collect$$$$00002712  mc_w.l(entry2.o)
    0x08000144   0x08000144   0x0000005c   Code   RO         1223    .text               los_dispatch_keil.o
    0x080001a0   0x080001a0   0x00000024   Code   RO         2332    .text               startup_stm32f10x_hd.o
    0x080001c4   0x080001c4   0x00000062   Code   RO         5382    .text               mc_w.l(uldiv.o)
    0x08000226   0x08000226   0x00000024   Code   RO         5386    .text               mc_w.l(memseta.o)
    0x0800024a   0x0800024a   0x000000de   Code   RO         5651    .text               mf_w.l(ddiv.o)
    0x08000328   0x08000328   0x00000030   Code   RO         5655    .text               mf_w.l(dfixul.o)
    0x08000358   0x08000358   0x0000002c   Code   RO         5671    .text               mc_w.l(uidiv.o)
    0x08000384   0x08000384   0x0000001e   Code   RO         5673    .text               mc_w.l(llshl.o)
    0x080003a2   0x080003a2   0x00000020   Code   RO         5675    .text               mc_w.l(llushr.o)
    0x080003c2   0x080003c2   0x00000000   Code   RO         5677    .text               mc_w.l(iusefp.o)
    0x080003c2   0x080003c2   0x000000ba   Code   RO         5678    .text               mf_w.l(depilogue.o)
    0x0800047c   0x0800047c   0x0000014e   Code   RO         5680    .text               mf_w.l(dadd.o)
    0x080005ca   0x080005ca   0x000000e4   Code   RO         5682    .text               mf_w.l(dmul.o)
    0x080006ae   0x080006ae   0x00000002   PAD
    0x080006b0   0x080006b0   0x00000030   Code   RO         5684    .text               mf_w.l(cdrcmple.o)
    0x080006e0   0x080006e0   0x00000024   Code   RO         5686    .text               mc_w.l(init.o)
    0x08000704   0x08000704   0x00000024   Code   RO         5688    .text               mc_w.l(llsshr.o)
    0x08000728   0x08000728   0x00000056   Code   RO         5698    .text               mc_w.l(__dczerorl2.o)
    0x0800077e   0x0800077e   0x00000002   PAD
    0x08000780   0x08000780   0x00000088   Code   RO         1224    KERNEL              los_dispatch_keil.o
    0x08000808   0x08000808   0x00000004   Code   RO         5328    i.BusFault_Handler  stm32f10x_it.o
    0x0800080c   0x0800080c   0x00000002   Code   RO         5329    i.DebugMon_Handler  stm32f10x_it.o
    0x0800080e   0x0800080e   0x00000002   PAD
    0x08000810   0x08000810   0x0000013c   Code   RO         1747    i.Example_Dyn_Mem   los_api_dynamic_mem.o
    0x0800094c   0x0800094c   0x000000d4   Code   RO         1778    i.Example_Event     los_api_event.o
    0x08000a20   0x08000a20   0x00000110   Code   RO         1960    i.Example_GetTick   los_api_systick.o
    0x08000b30   0x08000b30   0x00000120   Code   RO         1853    i.Example_MsgQueue  los_api_msgqueue.o
    0x08000c50   0x08000c50   0x00000144   Code   RO         1880    i.Example_MutexLock  los_api_mutex.o
    0x08000d94   0x08000d94   0x00000138   Code   RO         1881    i.Example_MutexTask1  los_api_mutex.o
    0x08000ecc   0x08000ecc   0x000000e4   Code   RO         1882    i.Example_MutexTask2  los_api_mutex.o
    0x08000fb0   0x08000fb0   0x00000104   Code   RO         1908    i.Example_SemTask1  los_api_sem.o
    0x080010b4   0x080010b4   0x000000d8   Code   RO         1909    i.Example_SemTask2  los_api_sem.o
    0x0800118c   0x0800118c   0x00000158   Code   RO         1910    i.Example_Semphore  los_api_sem.o
    0x080012e4   0x080012e4   0x00000154   Code   RO         1779    i.Example_SndRcvEvent  los_api_event.o
    0x08001438   0x08001438   0x00000170   Code   RO         1936    i.Example_StaticMem  los_api_static_mem.o
    0x080015a8   0x080015a8   0x00000140   Code   RO         1981    i.Example_TaskHi    los_api_task.o
    0x080016e8   0x080016e8   0x00000108   Code   RO         1982    i.Example_TaskLo    los_api_task.o
    0x080017f0   0x080017f0   0x0000017c   Code   RO         1983    i.Example_TskCaseEntry  los_api_task.o
    0x0800196c   0x0800196c   0x000001d0   Code   RO         1830    i.Example_list      los_api_list.o
    0x08001b3c   0x08001b3c   0x00000250   Code   RO         2022    i.Example_swTimer   los_api_timer.o
    0x08001d8c   0x08001d8c   0x00000116   Code   RO         3512    i.GPIO_Init         stm32f10x_gpio.o
    0x08001ea2   0x08001ea2   0x00000012   Code   RO         3516    i.GPIO_ReadInputDataBit  stm32f10x_gpio.o
    0x08001eb4   0x08001eb4   0x00000004   Code   RO         3520    i.GPIO_SetBits      stm32f10x_gpio.o
    0x08001eb8   0x08001eb8   0x00000004   Code   RO         5330    i.HardFault_Handler  stm32f10x_it.o
    0x08001ebc   0x08001ebc   0x0000001c   Code   RO         1091    i.LOS_Align         los_misc.o
    0x08001ed8   0x08001ed8   0x00000006   Code   RO          251    i.LOS_CyclePerTickGet  los_sys.o
    0x08001ede   0x08001ede   0x0000001e   Code   RO         1059    i.LOS_DLnkInitMultiHead  los_multipledlinkhead.o
    0x08001efc   0x08001efc   0x0000002a   Code   RO         1060    i.LOS_DLnkMultiHead  los_multipledlinkhead.o
    0x08001f26   0x08001f26   0x0000000c   Code   RO         1230    i.LOS_EnableTick    los_config.o
    0x08001f32   0x08001f32   0x00000002   PAD
    0x08001f34   0x08001f34   0x00000024   Code   RO         2306    i.LOS_EvbGetKeyVal  los_bsp_key.o
    0x08001f58   0x08001f58   0x00000024   Code   RO         2307    i.LOS_EvbKeyInit    los_bsp_key.o
    0x08001f7c   0x08001f7c   0x00000058   Code   RO         2231    i.LOS_EvbLedControl  los_bsp_led.o
    0x08001fd4   0x08001fd4   0x00000060   Code   RO         2232    i.LOS_EvbLedInit    los_bsp_led.o
    0x08002034   0x08002034   0x00000010   Code   RO         2168    i.LOS_EvbSetup      los_bsp_adapter.o
    0x08002044   0x08002044   0x00000098   Code   RO         2249    i.LOS_EvbUartInit   los_bsp_uart.o
    0x080020dc   0x080020dc   0x00000028   Code   RO          575    i.LOS_EventClear    los_event.o
    0x08002104   0x08002104   0x0000001c   Code   RO          577    i.LOS_EventInit     los_event.o
    0x08002120   0x08002120   0x00000050   Code   RO          578    i.LOS_EventPoll     los_event.o
    0x08002170   0x08002170   0x0000015c   Code   RO          579    i.LOS_EventRead     los_event.o
    0x080022cc   0x080022cc   0x000000f8   Code   RO          580    i.LOS_EventWrite    los_event.o
    0x080023c4   0x080023c4   0x00000164   Code   RO         2112    i.LOS_InspectByID   los_inspect_entry.o
    0x08002528   0x08002528   0x00000090   Code   RO         2113    i.LOS_InspectStatusSetByID  los_inspect_entry.o
    0x080025b8   0x080025b8   0x00000048   Code   RO         2114    i.LOS_Inspect_Entry  los_inspect_entry.o
    0x08002600   0x08002600   0x00000068   Code   RO         2115    i.LOS_Inspect_KeyAndLed  los_inspect_entry.o
    0x08002668   0x08002668   0x000000cc   Code   RO         2116    i.LOS_Inspect_TskDeal  los_inspect_entry.o
    0x08002734   0x08002734   0x00000012   Code   RO         1231    i.LOS_KernelInit    los_config.o
    0x08002746   0x08002746   0x0000000e   Code   RO          323    i.LOS_ListAdd       los_task.o
    0x08002754   0x08002754   0x0000000e   Code   RO          623    i.LOS_ListAdd       los_mux.o
    0x08002762   0x08002762   0x0000000e   Code   RO          697    i.LOS_ListAdd       los_queue.o
    0x08002770   0x08002770   0x0000000e   Code   RO          802    i.LOS_ListAdd       los_sem.o
    0x0800277e   0x0800277e   0x0000000e   Code   RO          905    i.LOS_ListAdd       los_memory.o
    0x0800278c   0x0800278c   0x0000000e   Code   RO         1831    i.LOS_ListAdd       los_api_list.o
    0x0800279a   0x0800279a   0x00000014   Code   RO          324    i.LOS_ListDelete    los_task.o
    0x080027ae   0x080027ae   0x00000014   Code   RO          624    i.LOS_ListDelete    los_mux.o
    0x080027c2   0x080027c2   0x00000014   Code   RO          803    i.LOS_ListDelete    los_sem.o
    0x080027d6   0x080027d6   0x00000014   Code   RO          906    i.LOS_ListDelete    los_memory.o
    0x080027ea   0x080027ea   0x00000010   Code   RO          325    i.LOS_ListEmpty     los_task.o
    0x080027fa   0x080027fa   0x00000010   Code   RO          625    i.LOS_ListEmpty     los_mux.o
    0x0800280a   0x0800280a   0x00000010   Code   RO          698    i.LOS_ListEmpty     los_queue.o
    0x0800281a   0x0800281a   0x00000010   Code   RO          804    i.LOS_ListEmpty     los_sem.o
    0x0800282a   0x0800282a   0x00000006   Code   RO          326    i.LOS_ListInit      los_task.o
    0x08002830   0x08002830   0x00000006   Code   RO          626    i.LOS_ListInit      los_mux.o
    0x08002836   0x08002836   0x00000006   Code   RO          699    i.LOS_ListInit      los_queue.o
    0x0800283c   0x0800283c   0x00000006   Code   RO          805    i.LOS_ListInit      los_sem.o
    0x08002842   0x08002842   0x00000010   Code   RO          327    i.LOS_ListTailInsert  los_task.o
    0x08002852   0x08002852   0x00000010   Code   RO          627    i.LOS_ListTailInsert  los_mux.o
    0x08002862   0x08002862   0x00000010   Code   RO          806    i.LOS_ListTailInsert  los_sem.o
    0x08002872   0x08002872   0x00000002   PAD
    0x08002874   0x08002874   0x00000144   Code   RO         1061    i.LOS_Log2          los_multipledlinkhead.o
    0x080029b8   0x080029b8   0x0000003a   Code   RO          907    i.LOS_MemAlloc      los_memory.o
    0x080029f2   0x080029f2   0x0000006c   Code   RO          908    i.LOS_MemAllocAlign  los_memory.o
    0x08002a5e   0x08002a5e   0x00000054   Code   RO          909    i.LOS_MemFree       los_memory.o
    0x08002ab2   0x08002ab2   0x000000a6   Code   RO          910    i.LOS_MemInit       los_memory.o
    0x08002b58   0x08002b58   0x00000040   Code   RO          872    i.LOS_MemboxAlloc   los_membox.o
    0x08002b98   0x08002b98   0x0000001c   Code   RO          873    i.LOS_MemboxClr     los_membox.o
    0x08002bb4   0x08002bb4   0x000000a4   Code   RO          874    i.LOS_MemboxFree    los_membox.o
    0x08002c58   0x08002c58   0x00000080   Code   RO          875    i.LOS_MemboxInit    los_membox.o
    0x08002cd8   0x08002cd8   0x00000064   Code   RO          628    i.LOS_MuxCreate     los_mux.o
    0x08002d3c   0x08002d3c   0x00000068   Code   RO          629    i.LOS_MuxDelete     los_mux.o
    0x08002da4   0x08002da4   0x00000148   Code   RO          630    i.LOS_MuxPend       los_mux.o
    0x08002eec   0x08002eec   0x00000100   Code   RO          631    i.LOS_MuxPost       los_mux.o
    0x08002fec   0x08002fec   0x00000018   Code   RO            1    i.LOS_PriqueueDequeue  los_priqueue.o
    0x08003004   0x08003004   0x00000024   Code   RO            2    i.LOS_PriqueueEnqueue  los_priqueue.o
    0x08003028   0x08003028   0x00000028   Code   RO            3    i.LOS_PriqueueSize  los_priqueue.o
    0x08003050   0x08003050   0x0000003c   Code   RO            4    i.LOS_PriqueueTop   los_priqueue.o
    0x0800308c   0x0800308c   0x0000007c   Code   RO          700    i.LOS_QueueCreate   los_queue.o
    0x08003108   0x08003108   0x000000b0   Code   RO          701    i.LOS_QueueDelete   los_queue.o
    0x080031b8   0x080031b8   0x00000130   Code   RO          702    i.LOS_QueueRead     los_queue.o
    0x080032e8   0x080032e8   0x0000013c   Code   RO          703    i.LOS_QueueWrite    los_queue.o
    0x08003424   0x08003424   0x00000040   Code   RO         1109    i.LOS_Schedule      los_hw.o
    0x08003464   0x08003464   0x0000006c   Code   RO          807    i.LOS_SemCreate     los_sem.o
    0x080034d0   0x080034d0   0x00000060   Code   RO          808    i.LOS_SemDelete     los_sem.o
    0x08003530   0x08003530   0x00000100   Code   RO          809    i.LOS_SemPend       los_sem.o
    0x08003630   0x08003630   0x000000b8   Code   RO          810    i.LOS_SemPost       los_sem.o
    0x080036e8   0x080036e8   0x0000000c   Code   RO         1140    i.LOS_SetTickSycle  los_hw_tick.o
    0x080036f4   0x080036f4   0x0000000c   Code   RO         1232    i.LOS_Start         los_config.o
    0x08003700   0x08003700   0x0000008c   Code   RO          117    i.LOS_SwtmrCreate   los_swtmr.o
    0x0800378c   0x0800378c   0x00000084   Code   RO          118    i.LOS_SwtmrDelete   los_swtmr.o
    0x08003810   0x08003810   0x00000084   Code   RO          119    i.LOS_SwtmrStart    los_swtmr.o
    0x08003894   0x08003894   0x00000080   Code   RO          120    i.LOS_SwtmrStop     los_swtmr.o
    0x08003914   0x08003914   0x0000009c   Code   RO          328    i.LOS_TaskCreate    los_task.o
    0x080039b0   0x080039b0   0x00000184   Code   RO          329    i.LOS_TaskCreateOnly  los_task.o
    0x08003b34   0x08003b34   0x00000080   Code   RO          330    i.LOS_TaskDelay     los_task.o
    0x08003bb4   0x08003bb4   0x00000168   Code   RO          331    i.LOS_TaskDelete    los_task.o
    0x08003d1c   0x08003d1c   0x00000020   Code   RO          332    i.LOS_TaskLock      los_task.o
    0x08003d3c   0x08003d3c   0x000000b0   Code   RO          335    i.LOS_TaskResume    los_task.o
    0x08003dec   0x08003dec   0x000000e4   Code   RO          336    i.LOS_TaskSuspend   los_task.o
    0x08003ed0   0x08003ed0   0x0000003c   Code   RO          337    i.LOS_TaskUnlock    los_task.o
    0x08003f0c   0x08003f0c   0x00000084   Code   RO          338    i.LOS_TaskYield     los_task.o
    0x08003f90   0x08003f90   0x0000000c   Code   RO          255    i.LOS_TickCountGet  los_sys.o
    0x08003f9c   0x08003f9c   0x00000038   Code   RO         1141    i.LOS_TickHandler   los_hw_tick.o
    0x08003fd4   0x08003fd4   0x00000002   Code   RO         2170    i.LosAdapIntInit    los_bsp_adapter.o
    0x08003fd6   0x08003fd6   0x00000004   Code   RO         5331    i.MemManage_Handler  stm32f10x_it.o
    0x08003fda   0x08003fda   0x00000002   Code   RO         5332    i.NMI_Handler       stm32f10x_it.o
    0x08003fdc   0x08003fdc   0x00000020   Code   RO         3930    i.RCC_APB2PeriphClockCmd  stm32f10x_rcc.o
    0x08003ffc   0x08003ffc   0x000000d4   Code   RO         3938    i.RCC_GetClocksFreq  stm32f10x_rcc.o
    0x080040d0   0x080040d0   0x00000002   Code   RO         5333    i.SVC_Handler       stm32f10x_it.o
    0x080040d2   0x080040d2   0x00000008   Code   RO         1634    i.SetSysClock       system_stm32f10x.o
    0x080040da   0x080040da   0x00000002   PAD
    0x080040dc   0x080040dc   0x000000e0   Code   RO         1635    i.SetSysClockTo72   system_stm32f10x.o
    0x080041bc   0x080041bc   0x00000008   Code   RO         2173    i.SysTick_Handler   los_bsp_adapter.o
    0x080041c4   0x080041c4   0x00000060   Code   RO         1637    i.SystemInit        system_stm32f10x.o
    0x08004224   0x08004224   0x00000050   Code   RO         2023    i.Timer1_Callback   los_api_timer.o
    0x08004274   0x08004274   0x0000007c   Code   RO         2024    i.Timer2_Callback   los_api_timer.o
    0x080042f0   0x080042f0   0x00000012   Code   RO         5094    i.USART_ClearFlag   stm32f10x_usart.o
    0x08004302   0x08004302   0x00000018   Code   RO         5098    i.USART_Cmd         stm32f10x_usart.o
    0x0800431a   0x0800431a   0x0000001a   Code   RO         5101    i.USART_GetFlagStatus  stm32f10x_usart.o
    0x08004334   0x08004334   0x0000004a   Code   RO         5104    i.USART_ITConfig    stm32f10x_usart.o
    0x0800437e   0x0800437e   0x00000002   PAD
    0x08004380   0x08004380   0x000000d8   Code   RO         5105    i.USART_Init        stm32f10x_usart.o
    0x08004458   0x08004458   0x0000000a   Code   RO         5115    i.USART_SendData    stm32f10x_usart.o
    0x08004462   0x08004462   0x00000004   Code   RO         5334    i.UsageFault_Handler  stm32f10x_it.o
    0x08004466   0x08004466   0x00000002   PAD
    0x08004468   0x08004468   0x00000020   Code   RO         5623    i.__0printf         mc_w.l(printfa.o)
    0x08004488   0x08004488   0x0000000e   Code   RO         5692    i.__scatterload_copy  mc_w.l(handlers.o)
    0x08004496   0x08004496   0x00000002   Code   RO         5693    i.__scatterload_null  mc_w.l(handlers.o)
    0x08004498   0x08004498   0x0000000e   Code   RO         5694    i.__scatterload_zeroinit  mc_w.l(handlers.o)
    0x080044a6   0x080044a6   0x00000002   PAD
    0x080044a8   0x080044a8   0x00000184   Code   RO         5630    i._fp_digits        mc_w.l(printfa.o)
    0x0800462c   0x0800462c   0x000006dc   Code   RO         5631    i._printf_core      mc_w.l(printfa.o)
    0x08004d08   0x08004d08   0x00000024   Code   RO         5632    i._printf_post_padding  mc_w.l(printfa.o)
    0x08004d2c   0x08004d2c   0x0000002e   Code   RO         5633    i._printf_pre_padding  mc_w.l(printfa.o)
    0x08004d5a   0x08004d5a   0x00000002   PAD
    0x08004d5c   0x08004d5c   0x00000024   Code   RO         2255    i.fputc             los_bsp_uart.o
    0x08004d80   0x08004d80   0x0000002a   Code   RO         2338    i.main              main.o
    0x08004daa   0x08004daa   0x00000008   Code   RO         1169    i.osHwiDefaultHandler  los_hwi.o
    0x08004db2   0x08004db2   0x00000002   PAD
    0x08004db4   0x08004db4   0x00000024   Code   RO         1170    i.osHwiInit         los_hwi.o
    0x08004dd8   0x08004dd8   0x00000004   Code   RO          339    i.osIdleTask        los_task.o
    0x08004ddc   0x08004ddc   0x0000004c   Code   RO          340    i.osIdleTaskCreate  los_task.o
    0x08004e28   0x08004e28   0x0000000c   Code   RO         1171    i.osIntNumGet       los_hwi.o
    0x08004e34   0x08004e34   0x00000070   Code   RO         1235    i.osMain            los_config.o
    0x08004ea4   0x08004ea4   0x0000005c   Code   RO          912    i.osMemAllocWithCheck  los_memory.o
    0x08004f00   0x08004f00   0x00000098   Code   RO          913    i.osMemCheckUsedNode  los_memory.o
    0x08004f98   0x08004f98   0x00000050   Code   RO          914    i.osMemFindSuitableFreeBlock  los_memory.o
    0x08004fe8   0x08004fe8   0x000000b2   Code   RO          915    i.osMemFreeNode     los_memory.o
    0x0800509a   0x0800509a   0x0000003e   Code   RO          916    i.osMemIsNodeValid  los_memory.o
    0x080050d8   0x080050d8   0x00000024   Code   RO          917    i.osMemMergeNode    los_memory.o
    0x080050fc   0x080050fc   0x00000020   Code   RO          918    i.osMemSetMagicNumAndTaskid  los_memory.o
    0x0800511c   0x0800511c   0x0000005c   Code   RO          919    i.osMemSpitNode     los_memory.o
    0x08005178   0x08005178   0x00000024   Code   RO          920    i.osMemSystemInit   los_memory.o
    0x0800519c   0x0800519c   0x0000005c   Code   RO          632    i.osMuxInit         los_mux.o
    0x080051f8   0x080051f8   0x00000048   Code   RO            6    i.osPriqueueInit    los_priqueue.o
    0x08005240   0x08005240   0x00000070   Code   RO          704    i.osQueueCreate     los_queue.o
    0x080052b0   0x080052b0   0x00000038   Code   RO          705    i.osQueueInit       los_queue.o
    0x080052e8   0x080052e8   0x00000084   Code   RO          708    i.osQueuePend       los_queue.o
    0x0800536c   0x0800536c   0x0000005a   Code   RO          709    i.osQueueWakeUp     los_queue.o
    0x080053c6   0x080053c6   0x00000002   PAD
    0x080053c8   0x080053c8   0x0000001c   Code   RO         1236    i.osRegister        los_config.o
    0x080053e4   0x080053e4   0x00000008   Code   RO         1110    i.osSchedule        los_hw.o
    0x080053ec   0x080053ec   0x00000058   Code   RO          811    i.osSemInit         los_sem.o
    0x08005444   0x08005444   0x000000ac   Code   RO          123    i.osSwTmrInit       los_swtmr.o
    0x080054f0   0x080054f0   0x00000060   Code   RO          124    i.osSwTmrStart      los_swtmr.o
    0x08005550   0x08005550   0x00000050   Code   RO          125    i.osSwTmrTask       los_swtmr.o
    0x080055a0   0x080055a0   0x00000048   Code   RO          126    i.osSwTmrTaskCreate  los_swtmr.o
    0x080055e8   0x080055e8   0x0000008c   Code   RO          127    i.osSwTmrTimeoutHandle  los_swtmr.o
    0x08005674   0x08005674   0x00000014   Code   RO          128    i.osSwtmrDelete     los_swtmr.o
    0x08005688   0x08005688   0x00000024   Code   RO          129    i.osSwtmrScan       los_swtmr.o
    0x080056ac   0x080056ac   0x00000048   Code   RO          130    i.osSwtmrStop       los_swtmr.o
    0x080056f4   0x080056f4   0x000000c0   Code   RO          341    i.osTaskAdd2TimerList  los_task.o
    0x080057b4   0x080057b4   0x000000a4   Code   RO          342    i.osTaskEntry       los_task.o
    0x08005858   0x08005858   0x00000008   Code   RO         1111    i.osTaskExit        los_hw.o
    0x08005860   0x08005860   0x00000128   Code   RO          343    i.osTaskInit        los_task.o
    0x08005988   0x08005988   0x00000034   Code   RO         1030    i.osTaskMemUsedDec  los_memstat.o
    0x080059bc   0x080059bc   0x0000003c   Code   RO         1031    i.osTaskMemUsedInc  los_memstat.o
    0x080059f8   0x080059f8   0x00000038   Code   RO          344    i.osTaskPriModify   los_task.o
    0x08005a30   0x08005a30   0x000000dc   Code   RO          345    i.osTaskScan        los_task.o
    0x08005b0c   0x08005b0c   0x000000fc   Code   RO          346    i.osTaskSelfDelete  los_task.o
    0x08005c08   0x08005c08   0x00000028   Code   RO          523    i.osTickHandler     los_tick.o
    0x08005c30   0x08005c30   0x00000070   Code   RO         2174    i.osTickStart       los_bsp_adapter.o
    0x08005ca0   0x08005ca0   0x00000048   Code   RO          347    i.osTimerListDelete  los_task.o
    0x08005ce8   0x08005ce8   0x0000004c   Code   RO          551    i.osTimesliceCheck  los_timeslice.o
    0x08005d34   0x08005d34   0x00000010   Code   RO          552    i.osTimesliceInit   los_timeslice.o
    0x08005d44   0x08005d44   0x00000088   Code   RO         1112    i.osTskStackInit    los_hw.o
    0x08005dcc   0x08005dcc   0x000000f8   Code   RO         1854    i.recv_Entry        los_api_msgqueue.o
    0x08005ec4   0x08005ec4   0x00000074   Code   RO         1855    i.send_Entry        los_api_msgqueue.o
    0x08005f38   0x08005f38   0x00000009   Data   RO         2175    .constdata          los_bsp_adapter.o
    0x08005f41   0x08005f41   0x00000003   PAD
    0x08005f44   0x08005f44   0x00000042   Data   RO         1911    .conststring        los_api_sem.o
    0x08005f86   0x08005f86   0x00000002   PAD
    0x08005f88   0x08005f88   0x00000020   Data   RO         5690    Region$$Table       anon$$obj.o


    Execution Region RW_IRAM1 (Exec base: 0x20000000, Load base: 0x08005fa8, Size: 0x00009908, Max: 0x00010000, ABSOLUTE, COMPRESSED[0x000000bc])

    Exec Addr    Load Addr    Size         Type   Attr      Idx    E Section Name        Object

    0x20000000   COMPRESSED   0x00000004   Data   RW            7    .data               los_priqueue.o
    0x20000004   COMPRESSED   0x00000010   Data   RW          132    .data               los_swtmr.o
    0x20000014   COMPRESSED   0x00000044   Data   RW          348    .data               los_task.o
    0x20000058   COMPRESSED   0x00000010   Data   RW          524    .data               los_tick.o
    0x20000068   COMPRESSED   0x00000008   Data   RW          553    .data               los_timeslice.o
    0x20000070   COMPRESSED   0x0000000c   Data   RW          633    .data               los_mux.o
    0x2000007c   COMPRESSED   0x00000004   Data   RW          710    .data               los_queue.o
    0x20000080   COMPRESSED   0x0000000c   Data   RW          812    .data               los_sem.o
    0x2000008c   COMPRESSED   0x00000004   Data   RW         1142    .data               los_hw_tick.o
    0x20000090   COMPRESSED   0x00000004   Data   RW         1174    .data               los_hwi.o
    0x20000094   COMPRESSED   0x00000008   Data   RW         1237    .data               los_config.o
    0x2000009c   COMPRESSED   0x00000004   Data   RW         1781    .data               los_api_event.o
    0x200000a0   COMPRESSED   0x00000016   Data   RW         1856    .data               los_api_msgqueue.o
    0x200000b6   COMPRESSED   0x00000002   PAD
    0x200000b8   COMPRESSED   0x0000000c   Data   RW         1883    .data               los_api_mutex.o
    0x200000c4   COMPRESSED   0x0000000c   Data   RW         1912    .data               los_api_sem.o
    0x200000d0   COMPRESSED   0x00000008   Data   RW         1984    .data               los_api_task.o
    0x200000d8   COMPRESSED   0x00000008   Data   RW         2025    .data               los_api_timer.o
    0x200000e0   COMPRESSED   0x0000000c   Data   RW         2079    .data               los_demo_entry.o
    0x200000ec   COMPRESSED   0x000000a8   Data   RW         2117    .data               los_inspect_entry.o
    0x20000194   COMPRESSED   0x00000004   Data   RW         2176    .data               los_bsp_adapter.o
    0x20000198   COMPRESSED   0x00000014   Data   RW         3958    .data               stm32f10x_rcc.o
    0x200001ac   COMPRESSED   0x00000400   Data   RW         1175    .vector.bss         los_hwi.o
    0x200005ac        -       0x000000d0   Zero   RW          131    .bss                los_swtmr.o
    0x2000067c        -       0x00008000   Zero   RW          921    .bss                los_memory.o
    0x2000867c        -       0x00000040   Zero   RW         1032    .bss                los_memstat.o
    0x200086bc        -       0x0000000c   Zero   RW         1780    .bss                los_api_event.o
    0x200086c8        -       0x00000240   Zero   RW         1937    .bss                los_api_static_mem.o
    0x20008908        -       0x00001000   Zero   RW         2329    STACK               startup_stm32f10x_hd.o


==============================================================================

Image component sizes


      Code (inc. data)   RO Data    RW Data    ZI Data      Debug   Object Name

         0          0          0          0          0      10340   cmsis_liteos.o
       316        162          0          0          0       2146   los_api_dynamic_mem.o
       552        306          0          4         12       1642   los_api_event.o
       478        196          0          0          0       1671   los_api_list.o
       652        306          0         22          0       3263   los_api_msgqueue.o
       864        514          0         12          0       2248   los_api_mutex.o
       820        464         66         12          0       2143   los_api_sem.o
       368        204          0          0        576       1580   los_api_static_mem.o
       272        114          0          0          0        826   los_api_systick.o
       964        590          0          8          0       2267   los_api_task.o
       796        438          0          8          0       2174   los_api_timer.o
       138         18          9          4          0      18033   los_bsp_adapter.o
        72         10          0          0          0       1256   los_bsp_key.o
       184         10          0          0          0       1229   los_bsp_led.o
       188         14          0          0          0       3594   los_bsp_uart.o
       182         18          0          8          0       3720   los_config.o
         0          0          0         12          0       2902   los_demo_entry.o
       228         30          0          0          0        788   los_dispatch_keil.o
       744         32          0          0          0       5150   los_event.o
       216         16          0          0          0       2874   los_hw.o
        68         10          0          4          0       1397   los_hw_tick.o
        56         10          0       1028          0       5170   los_hwi.o
       880        386          0        168          0       4721   los_inspect_entry.o
       384         10          0          0          0       4584   los_membox.o
      1210         14          0          0      32768      15648   los_memory.o
       112         24          0          0         64       2009   los_memstat.o
        28          0          0          0          0        612   los_misc.o
       396          4          0          0          0       5164   los_multipledlinkhead.o
       952         80          0         12          0      10440   los_mux.o
       232         22          0          4          0      15310   los_priqueue.o
      1346         86          0          4          0      19187   los_queue.o
       804         70          0         12          0       8104   los_sem.o
      1220        128          0         16        208      21560   los_swtmr.o
        18          6          0          0          0       1013   los_sys.o
      3064        276          0         68          0      28069   los_task.o
        40          6          0         16          0        881   los_tick.o
        92         16          0          8          0       1317   los_timeslice.o
        42          0          0          0          0        571   main.o
        36          8        304          0       4096        868   startup_stm32f10x_hd.o
       300          0          0          0          0       3459   stm32f10x_gpio.o
        22          0          0          0          0       3755   stm32f10x_it.o
       244         26          0         20          0       4181   stm32f10x_rcc.o
       368          6          0          0          0       5987   stm32f10x_usart.o
       328         28          0          0          0     229081   system_stm32f10x.o

    ----------------------------------------------------------------------
     20292       4658        416       1452      37724     462934   Object Totals
         0          0         32          0          0          0   (incl. Generated)
        16          0          5          2          0          0   (incl. Padding)

    ----------------------------------------------------------------------

      Code (inc. data)   RO Data    RW Data    ZI Data      Debug   Library Member Name

        86          0          0          0          0          0   __dczerorl2.o
         0          0          0          0          0          0   entry.o
         0          0          0          0          0          0   entry10a.o
         0          0          0          0          0          0   entry11a.o
         8          4          0          0          0          0   entry2.o
         4          0          0          0          0          0   entry5.o
         0          0          0          0          0          0   entry7b.o
         0          0          0          0          0          0   entry8b.o
         8          4          0          0          0          0   entry9a.o
        30          0          0          0          0          0   handlers.o
        36          8          0          0          0         68   init.o
         0          0          0          0          0          0   iusefp.o
        30          0          0          0          0         68   llshl.o
        36          0          0          0          0         68   llsshr.o
        32          0          0          0          0         68   llushr.o
        36          0          0          0          0        108   memseta.o
      2258         90          0          0          0        452   printfa.o
        44          0          0          0          0         80   uidiv.o
        98          0          0          0          0         92   uldiv.o
        48          0          0          0          0         68   cdrcmple.o
       334          0          0          0          0        148   dadd.o
       222          0          0          0          0        100   ddiv.o
       186          0          0          0          0        176   depilogue.o
        48          0          0          0          0         68   dfixul.o
       228          0          0          0          0         96   dmul.o

    ----------------------------------------------------------------------
      3780        106          0          0          0       1660   Library Totals
         8          0          0          0          0          0   (incl. Padding)

    ----------------------------------------------------------------------

      Code (inc. data)   RO Data    RW Data    ZI Data      Debug   Library Name

      2706        106          0          0          0       1004   mc_w.l
      1066          0          0          0          0        656   mf_w.l

    ----------------------------------------------------------------------
      3780        106          0          0          0       1660   Library Totals

    ----------------------------------------------------------------------

==============================================================================


      Code (inc. data)   RO Data    RW Data    ZI Data      Debug   

     24072       4764        416       1452      37724     454894   Grand Totals
     24072       4764        416        188      37724     454894   ELF Image Totals (compressed)
     24072       4764        416        188          0          0   ROM Totals

==============================================================================

    Total RO  Size (Code + RO Data)                24488 (  23.91kB)
    Total RW  Size (RW Data + ZI Data)             39176 (  38.26kB)
    Total ROM Size (Code + RO Data + RW Data)      24676 (  24.10kB)

==============================================================================

